Archive member included to satisfy reference by file (symbol)

c:/altera/16.0/nios2eds/bin/gnu/h-x86_64-mingw32/bin/../lib/gcc/nios2-elf/5.2.0/../../../../../H-x86_64-mingw32/nios2-elf/lib\libsmallc.a(lib_a-printf.o)
                              obj/default/main.o (printf)
c:/altera/16.0/nios2eds/bin/gnu/h-x86_64-mingw32/bin/../lib/gcc/nios2-elf/5.2.0/../../../../../H-x86_64-mingw32/nios2-elf/lib\libsmallc.a(lib_a-puts.o)
                              obj/default/main.o (puts)
c:/altera/16.0/nios2eds/bin/gnu/h-x86_64-mingw32/bin/../lib/gcc/nios2-elf/5.2.0/../../../../../H-x86_64-mingw32/nios2-elf/lib\libsmallc.a(lib_a-strlen.o)
                              c:/altera/16.0/nios2eds/bin/gnu/h-x86_64-mingw32/bin/../lib/gcc/nios2-elf/5.2.0/../../../../../H-x86_64-mingw32/nios2-elf/lib\libsmallc.a(lib_a-puts.o) (strlen)
c:/altera/16.0/nios2eds/bin/gnu/h-x86_64-mingw32/bin/../lib/gcc/nios2-elf/5.2.0/../../../../../H-x86_64-mingw32/nios2-elf/lib\libsmallc.a(lib_a-vfprintf.o)
                              c:/altera/16.0/nios2eds/bin/gnu/h-x86_64-mingw32/bin/../lib/gcc/nios2-elf/5.2.0/../../../../../H-x86_64-mingw32/nios2-elf/lib\libsmallc.a(lib_a-printf.o) (___vfprintf_internal_r)
c:/altera/16.0/nios2eds/bin/gnu/h-x86_64-mingw32/bin/../lib/gcc/nios2-elf/5.2.0/../../../../../H-x86_64-mingw32/nios2-elf/lib\libsmallc.a(lib_a-fvwrite_small_dev.o)
                              c:/altera/16.0/nios2eds/bin/gnu/h-x86_64-mingw32/bin/../lib/gcc/nios2-elf/5.2.0/../../../../../H-x86_64-mingw32/nios2-elf/lib\libsmallc.a(lib_a-printf.o) (__sfvwrite_small_dev)
c:/altera/16.0/nios2eds/bin/gnu/h-x86_64-mingw32/bin/../lib/gcc/nios2-elf/5.2.0/../../../../../H-x86_64-mingw32/nios2-elf/lib\libsmallc.a(lib_a-impure.o)
                              c:/altera/16.0/nios2eds/bin/gnu/h-x86_64-mingw32/bin/../lib/gcc/nios2-elf/5.2.0/../../../../../H-x86_64-mingw32/nios2-elf/lib\libsmallc.a(lib_a-printf.o) (_impure_ptr)
c:/altera/16.0/nios2eds/bin/gnu/h-x86_64-mingw32/bin/../lib/gcc/nios2-elf/5.2.0/../../../../../H-x86_64-mingw32/nios2-elf/lib\libsmallc.a(lib_a-writer.o)
                              c:/altera/16.0/nios2eds/bin/gnu/h-x86_64-mingw32/bin/../lib/gcc/nios2-elf/5.2.0/../../../../../H-x86_64-mingw32/nios2-elf/lib\libsmallc.a(lib_a-fvwrite_small_dev.o) (_write_r)
c:/altera/16.0/nios2eds/bin/gnu/h-x86_64-mingw32/bin/../lib/gcc/nios2-elf/5.2.0/../../../../../H-x86_64-mingw32/nios2-elf/lib\libsmallc.a(lib_a-int_errno.o)
                              c:/altera/16.0/nios2eds/bin/gnu/h-x86_64-mingw32/bin/../lib/gcc/nios2-elf/5.2.0/../../../../../H-x86_64-mingw32/nios2-elf/lib\libsmallc.a(lib_a-writer.o) (errno)
c:/altera/16.0/nios2eds/bin/gnu/h-x86_64-mingw32/bin/../lib/gcc/nios2-elf/5.2.0\libgcc.a(lib2-divmod.o)
                              c:/altera/16.0/nios2eds/bin/gnu/h-x86_64-mingw32/bin/../lib/gcc/nios2-elf/5.2.0/../../../../../H-x86_64-mingw32/nios2-elf/lib\libsmallc.a(lib_a-vfprintf.o) (__udivsi3)
../firmware_bsp/\libhal_bsp.a(alt_load.o)
                              ../firmware_bsp//obj/HAL/src/crt0.o (alt_load)
../firmware_bsp/\libhal_bsp.a(alt_main.o)
                              ../firmware_bsp//obj/HAL/src/crt0.o (alt_main)
../firmware_bsp/\libhal_bsp.a(alt_write.o)
                              c:/altera/16.0/nios2eds/bin/gnu/h-x86_64-mingw32/bin/../lib/gcc/nios2-elf/5.2.0/../../../../../H-x86_64-mingw32/nios2-elf/lib\libsmallc.a(lib_a-writer.o) (write)
../firmware_bsp/\libhal_bsp.a(alt_sys_init.o)
                              ../firmware_bsp/\libhal_bsp.a(alt_main.o) (alt_irq_init)
../firmware_bsp/\libhal_bsp.a(altera_avalon_jtag_uart_fd.o)
                              ../firmware_bsp/\libhal_bsp.a(alt_sys_init.o) (altera_avalon_jtag_uart_read_fd)
../firmware_bsp/\libhal_bsp.a(altera_avalon_jtag_uart_init.o)
                              ../firmware_bsp/\libhal_bsp.a(alt_sys_init.o) (altera_avalon_jtag_uart_init)
../firmware_bsp/\libhal_bsp.a(altera_avalon_jtag_uart_ioctl.o)
                              ../firmware_bsp/\libhal_bsp.a(altera_avalon_jtag_uart_fd.o) (altera_avalon_jtag_uart_ioctl)
../firmware_bsp/\libhal_bsp.a(altera_avalon_jtag_uart_read.o)
                              ../firmware_bsp/\libhal_bsp.a(altera_avalon_jtag_uart_fd.o) (altera_avalon_jtag_uart_read)
../firmware_bsp/\libhal_bsp.a(altera_avalon_jtag_uart_write.o)
                              ../firmware_bsp/\libhal_bsp.a(altera_avalon_jtag_uart_fd.o) (altera_avalon_jtag_uart_write)
../firmware_bsp/\libhal_bsp.a(alt_alarm_start.o)
                              ../firmware_bsp/\libhal_bsp.a(altera_avalon_jtag_uart_init.o) (alt_alarm_start)
../firmware_bsp/\libhal_bsp.a(alt_close.o)
                              ../firmware_bsp/\libhal_bsp.a(alt_main.o) (close)
../firmware_bsp/\libhal_bsp.a(alt_dcache_flush_all.o)
                              ../firmware_bsp/\libhal_bsp.a(alt_load.o) (alt_dcache_flush_all)
../firmware_bsp/\libhal_bsp.a(alt_dev.o)
                              ../firmware_bsp/\libhal_bsp.a(alt_sys_init.o) (alt_dev_list)
../firmware_bsp/\libhal_bsp.a(alt_dev_llist_insert.o)
                              ../firmware_bsp/\libhal_bsp.a(alt_sys_init.o) (alt_dev_llist_insert)
../firmware_bsp/\libhal_bsp.a(alt_errno.o)
                              ../firmware_bsp/\libhal_bsp.a(alt_write.o) (alt_errno)
../firmware_bsp/\libhal_bsp.a(alt_icache_flush_all.o)
                              ../firmware_bsp/\libhal_bsp.a(alt_load.o) (alt_icache_flush_all)
../firmware_bsp/\libhal_bsp.a(alt_iic.o)
                              ../firmware_bsp/\libhal_bsp.a(altera_avalon_jtag_uart_init.o) (alt_ic_isr_register)
../firmware_bsp/\libhal_bsp.a(alt_iic_isr_register.o)
                              ../firmware_bsp/\libhal_bsp.a(alt_iic.o) (alt_iic_isr_register)
../firmware_bsp/\libhal_bsp.a(alt_io_redirect.o)
                              ../firmware_bsp/\libhal_bsp.a(alt_main.o) (alt_io_redirect)
../firmware_bsp/\libhal_bsp.a(alt_irq_entry.o)
                              ../firmware_bsp/\libhal_bsp.a(alt_iic_isr_register.o) (alt_irq_entry)
../firmware_bsp/\libhal_bsp.a(alt_irq_handler.o)
                              ../firmware_bsp/\libhal_bsp.a(alt_iic_isr_register.o) (alt_irq)
../firmware_bsp/\libhal_bsp.a(alt_irq_vars.o)
                              ../firmware_bsp/\libhal_bsp.a(alt_iic.o) (alt_irq_active)
../firmware_bsp/\libhal_bsp.a(alt_open.o)
                              ../firmware_bsp/\libhal_bsp.a(alt_io_redirect.o) (open)
../firmware_bsp/\libhal_bsp.a(alt_release_fd.o)
                              ../firmware_bsp/\libhal_bsp.a(alt_close.o) (alt_release_fd)
../firmware_bsp/\libhal_bsp.a(alt_tick.o)
                              ../firmware_bsp/\libhal_bsp.a(altera_avalon_jtag_uart_init.o) (_alt_tick_rate)
../firmware_bsp/\libhal_bsp.a(altera_nios2_gen2_irq.o)
                              ../firmware_bsp/\libhal_bsp.a(alt_sys_init.o) (altera_nios2_gen2_irq_init)
../firmware_bsp/\libhal_bsp.a(alt_exception_entry.o)
                              ../firmware_bsp/\libhal_bsp.a(alt_irq_entry.o) (alt_exception)
../firmware_bsp/\libhal_bsp.a(alt_find_dev.o)
                              ../firmware_bsp/\libhal_bsp.a(alt_open.o) (alt_find_dev)
../firmware_bsp/\libhal_bsp.a(alt_find_file.o)
                              ../firmware_bsp/\libhal_bsp.a(alt_open.o) (alt_find_file)
../firmware_bsp/\libhal_bsp.a(alt_get_fd.o)
                              ../firmware_bsp/\libhal_bsp.a(alt_open.o) (alt_get_fd)
../firmware_bsp/\libhal_bsp.a(alt_icache_flush.o)
                              ../firmware_bsp/\libhal_bsp.a(alt_icache_flush_all.o) (alt_icache_flush)
../firmware_bsp/\libhal_bsp.a(alt_instruction_exception_entry.o)
                              ../firmware_bsp/\libhal_bsp.a(alt_exception_entry.o) (alt_instruction_exception_entry)
c:/altera/16.0/nios2eds/bin/gnu/h-x86_64-mingw32/bin/../lib/gcc/nios2-elf/5.2.0/../../../../../H-x86_64-mingw32/nios2-elf/lib\libsmallc.a(lib_a-exit.o)
                              ../firmware_bsp/\libhal_bsp.a(alt_main.o) (exit)
c:/altera/16.0/nios2eds/bin/gnu/h-x86_64-mingw32/bin/../lib/gcc/nios2-elf/5.2.0/../../../../../H-x86_64-mingw32/nios2-elf/lib\libsmallc.a(lib_a-memcmp.o)
                              ../firmware_bsp/\libhal_bsp.a(alt_find_dev.o) (memcmp)
c:/altera/16.0/nios2eds/bin/gnu/h-x86_64-mingw32/bin/../lib/gcc/nios2-elf/5.2.0/../../../../../H-x86_64-mingw32/nios2-elf/lib\libsmallc.a(lib_a-memcpy.o)
                              ../firmware_bsp/\libhal_bsp.a(altera_avalon_jtag_uart_read.o) (memcpy)
c:/altera/16.0/nios2eds/bin/gnu/h-x86_64-mingw32/bin/../lib/gcc/nios2-elf/5.2.0/../../../../../H-x86_64-mingw32/nios2-elf/lib\libsmallc.a(lib_a-__call_atexit.o)
                              c:/altera/16.0/nios2eds/bin/gnu/h-x86_64-mingw32/bin/../lib/gcc/nios2-elf/5.2.0/../../../../../H-x86_64-mingw32/nios2-elf/lib\libsmallc.a(lib_a-exit.o) (__call_exitprocs)
../firmware_bsp/\libhal_bsp.a(alt_exit.o)
                              c:/altera/16.0/nios2eds/bin/gnu/h-x86_64-mingw32/bin/../lib/gcc/nios2-elf/5.2.0/../../../../../H-x86_64-mingw32/nios2-elf/lib\libsmallc.a(lib_a-exit.o) (_exit)

Allocating common symbols
Common symbol       size              file

alt_irq             0x100             ../firmware_bsp/\libhal_bsp.a(alt_irq_handler.o)
errno               0x4               c:/altera/16.0/nios2eds/bin/gnu/h-x86_64-mingw32/bin/../lib/gcc/nios2-elf/5.2.0/../../../../../H-x86_64-mingw32/nios2-elf/lib\libsmallc.a(lib_a-int_errno.o)

Memory Configuration

Name             Origin             Length             Attributes
reset            0x0000000000008000 0x0000000000000020
onchip_memory2_0 0x0000000000008020 0x0000000000007fe0
*default*        0x0000000000000000 0xffffffffffffffff

Linker script and memory map

LOAD ../firmware_bsp//obj/HAL/src/crt0.o
LOAD obj/default/main.o
LOAD c:/altera/16.0/nios2eds/bin/gnu/h-x86_64-mingw32/bin/../lib/gcc/nios2-elf/5.2.0/../../../../../H-x86_64-mingw32/nios2-elf/lib\libstdc++.a
LOAD c:/altera/16.0/nios2eds/bin/gnu/h-x86_64-mingw32/bin/../lib/gcc/nios2-elf/5.2.0/../../../../../H-x86_64-mingw32/nios2-elf/lib\libm.a
LOAD c:/altera/16.0/nios2eds/bin/gnu/h-x86_64-mingw32/bin/../lib/gcc/nios2-elf/5.2.0\libgcc.a
START GROUP
LOAD c:/altera/16.0/nios2eds/bin/gnu/h-x86_64-mingw32/bin/../lib/gcc/nios2-elf/5.2.0/../../../../../H-x86_64-mingw32/nios2-elf/lib\libsmallc.a
LOAD c:/altera/16.0/nios2eds/bin/gnu/h-x86_64-mingw32/bin/../lib/gcc/nios2-elf/5.2.0\libgcc.a
LOAD ../firmware_bsp/\libhal_bsp.a
LOAD c:/altera/16.0/nios2eds/bin/gnu/h-x86_64-mingw32/bin/../lib/gcc/nios2-elf/5.2.0/../../../../../H-x86_64-mingw32/nios2-elf/lib\libm.a
END GROUP
LOAD c:/altera/16.0/nios2eds/bin/gnu/h-x86_64-mingw32/bin/../lib/gcc/nios2-elf/5.2.0\libgcc.a
                0x0000000000008000                __alt_mem_onchip_memory2_0 = 0x8000

.entry          0x0000000000008000       0x20
 *(.entry)
 .entry         0x0000000000008000       0x20 ../firmware_bsp//obj/HAL/src/crt0.o
                0x0000000000008000                __reset

.exceptions     0x0000000000008020      0x224
                0x0000000000008020                PROVIDE (__ram_exceptions_start, ABSOLUTE (.))
                0x0000000000008020                . = ALIGN (0x20)
 *(.irq)
 *(.exceptions.entry.label)
 .exceptions.entry.label
                0x0000000000008020        0x0 ../firmware_bsp/\libhal_bsp.a(alt_irq_entry.o)
                0x0000000000008020                alt_irq_entry
 .exceptions.entry.label
                0x0000000000008020        0x0 ../firmware_bsp/\libhal_bsp.a(alt_exception_entry.o)
                0x0000000000008020                alt_exception
 *(.exceptions.entry.user)
 *(.exceptions.entry.ecc_fatal)
 *(.exceptions.entry)
 .exceptions.entry
                0x0000000000008020       0x54 ../firmware_bsp/\libhal_bsp.a(alt_exception_entry.o)
 *(.exceptions.irqtest.user)
 *(.exceptions.irqtest)
 .exceptions.irqtest
                0x0000000000008074       0x10 ../firmware_bsp/\libhal_bsp.a(alt_irq_entry.o)
 *(.exceptions.irqhandler.user)
 *(.exceptions.irqhandler)
 .exceptions.irqhandler
                0x0000000000008084        0x4 ../firmware_bsp/\libhal_bsp.a(alt_irq_entry.o)
 *(.exceptions.irqreturn.user)
 *(.exceptions.irqreturn)
 .exceptions.irqreturn
                0x0000000000008088        0x4 ../firmware_bsp/\libhal_bsp.a(alt_irq_entry.o)
 *(.exceptions.notirq.label)
 .exceptions.notirq.label
                0x000000000000808c        0x0 ../firmware_bsp/\libhal_bsp.a(alt_irq_entry.o)
 *(.exceptions.notirq.user)
 *(.exceptions.notirq)
 .exceptions.notirq
                0x000000000000808c        0x8 ../firmware_bsp/\libhal_bsp.a(alt_exception_entry.o)
 *(.exceptions.soft.user)
 *(.exceptions.soft)
 *(.exceptions.unknown.user)
 *(.exceptions.unknown)
 .exceptions.unknown
                0x0000000000008094       0x14 ../firmware_bsp/\libhal_bsp.a(alt_exception_entry.o)
 *(.exceptions.exit.label)
 .exceptions.exit.label
                0x00000000000080a8        0x0 ../firmware_bsp/\libhal_bsp.a(alt_irq_entry.o)
 .exceptions.exit.label
                0x00000000000080a8        0x0 ../firmware_bsp/\libhal_bsp.a(alt_exception_entry.o)
 *(.exceptions.exit.user)
 *(.exceptions.exit)
 .exceptions.exit
                0x00000000000080a8       0x54 ../firmware_bsp/\libhal_bsp.a(alt_exception_entry.o)
 *(.exceptions)
 .exceptions    0x00000000000080fc       0xd4 ../firmware_bsp/\libhal_bsp.a(alt_irq_handler.o)
                0x00000000000080fc                alt_irq_handler
 .exceptions    0x00000000000081d0       0x74 ../firmware_bsp/\libhal_bsp.a(alt_instruction_exception_entry.o)
                0x00000000000081d0                alt_instruction_exception_entry
                0x0000000000008244                PROVIDE (__ram_exceptions_end, ABSOLUTE (.))
                0x0000000000008020                PROVIDE (__flash_exceptions_start, LOADADDR (.exceptions))

.text           0x0000000000008244     0x2adc
                [!provide]                        PROVIDE (stext, ABSOLUTE (.))
 *(.interp)
 *(.hash)
 *(.dynsym)
 *(.dynstr)
 *(.gnu.version)
 *(.gnu.version_d)
 *(.gnu.version_r)
 *(.rel.init)
 *(.rela.init)
 *(.rel.text .rel.text.* .rel.gnu.linkonce.t.*)
 *(.rela.text .rela.text.* .rela.gnu.linkonce.t.*)
 *(.rel.fini)
 *(.rela.fini)
 *(.rel.rodata .rel.rodata.* .rel.gnu.linkonce.r.*)
 *(.rela.rodata .rela.rodata.* .rela.gnu.linkonce.r.*)
 *(.rel.data .rel.data.* .rel.gnu.linkonce.d.*)
 *(.rela.data .rela.data.* .rela.gnu.linkonce.d.*)
 *(.rel.tdata .rel.tdata.* .rel.gnu.linkonce.td.*)
 *(.rela.tdata .rela.tdata.* .rela.gnu.linkonce.td.*)
 *(.rel.tbss .rel.tbss.* .rel.gnu.linkonce.tb.*)
 *(.rela.tbss .rela.tbss.* .rela.gnu.linkonce.tb.*)
 *(.rel.ctors)
 *(.rela.ctors)
 *(.rel.dtors)
 *(.rela.dtors)
 *(.rel.got)
 *(.rela.got)
 *(.rel.sdata .rel.sdata.* .rel.gnu.linkonce.s.*)
 *(.rela.sdata .rela.sdata.* .rela.gnu.linkonce.s.*)
 *(.rel.sbss .rel.sbss.* .rel.gnu.linkonce.sb.*)
 *(.rela.sbss .rela.sbss.* .rela.gnu.linkonce.sb.*)
 *(.rel.sdata2 .rel.sdata2.* .rel.gnu.linkonce.s2.*)
 *(.rela.sdata2 .rela.sdata2.* .rela.gnu.linkonce.s2.*)
 *(.rel.sbss2 .rel.sbss2.* .rel.gnu.linkonce.sb2.*)
 *(.rela.sbss2 .rela.sbss2.* .rela.gnu.linkonce.sb2.*)
 *(.rel.bss .rel.bss.* .rel.gnu.linkonce.b.*)
 *(.rela.bss .rela.bss.* .rela.gnu.linkonce.b.*)
 *(.rel.plt)
 *(.rela.plt)
 *(.rel.dyn)
 *(.init)
 *(.plt)
 *(.text .stub .text.* .gnu.linkonce.t.*)
 .text          0x0000000000008244       0x4c ../firmware_bsp//obj/HAL/src/crt0.o
                0x0000000000008244                _start
 .text          0x0000000000008290       0xa8 obj/default/main.o
                0x0000000000008290                main
 .text          0x0000000000008338        0x0 c:/altera/16.0/nios2eds/bin/gnu/h-x86_64-mingw32/bin/../lib/gcc/nios2-elf/5.2.0/../../../../../H-x86_64-mingw32/nios2-elf/lib\libsmallc.a(lib_a-printf.o)
 .text._printf_r
                0x0000000000008338       0x3c c:/altera/16.0/nios2eds/bin/gnu/h-x86_64-mingw32/bin/../lib/gcc/nios2-elf/5.2.0/../../../../../H-x86_64-mingw32/nios2-elf/lib\libsmallc.a(lib_a-printf.o)
                0x0000000000008338                _printf_r
 .text.printf   0x0000000000008374       0x4c c:/altera/16.0/nios2eds/bin/gnu/h-x86_64-mingw32/bin/../lib/gcc/nios2-elf/5.2.0/../../../../../H-x86_64-mingw32/nios2-elf/lib\libsmallc.a(lib_a-printf.o)
                0x0000000000008374                printf
 .text          0x00000000000083c0        0x0 c:/altera/16.0/nios2eds/bin/gnu/h-x86_64-mingw32/bin/../lib/gcc/nios2-elf/5.2.0/../../../../../H-x86_64-mingw32/nios2-elf/lib\libsmallc.a(lib_a-puts.o)
 .text._puts_r  0x00000000000083c0       0x80 c:/altera/16.0/nios2eds/bin/gnu/h-x86_64-mingw32/bin/../lib/gcc/nios2-elf/5.2.0/../../../../../H-x86_64-mingw32/nios2-elf/lib\libsmallc.a(lib_a-puts.o)
                0x00000000000083c0                _puts_r
 .text.puts     0x0000000000008440       0x14 c:/altera/16.0/nios2eds/bin/gnu/h-x86_64-mingw32/bin/../lib/gcc/nios2-elf/5.2.0/../../../../../H-x86_64-mingw32/nios2-elf/lib\libsmallc.a(lib_a-puts.o)
                0x0000000000008440                puts
 .text          0x0000000000008454        0x0 c:/altera/16.0/nios2eds/bin/gnu/h-x86_64-mingw32/bin/../lib/gcc/nios2-elf/5.2.0/../../../../../H-x86_64-mingw32/nios2-elf/lib\libsmallc.a(lib_a-strlen.o)
 .text.strlen   0x0000000000008454       0x1c c:/altera/16.0/nios2eds/bin/gnu/h-x86_64-mingw32/bin/../lib/gcc/nios2-elf/5.2.0/../../../../../H-x86_64-mingw32/nios2-elf/lib\libsmallc.a(lib_a-strlen.o)
                0x0000000000008454                strlen
 .text          0x0000000000008470        0x0 c:/altera/16.0/nios2eds/bin/gnu/h-x86_64-mingw32/bin/../lib/gcc/nios2-elf/5.2.0/../../../../../H-x86_64-mingw32/nios2-elf/lib\libsmallc.a(lib_a-vfprintf.o)
 .text.print_repeat
                0x0000000000008470       0x6c c:/altera/16.0/nios2eds/bin/gnu/h-x86_64-mingw32/bin/../lib/gcc/nios2-elf/5.2.0/../../../../../H-x86_64-mingw32/nios2-elf/lib\libsmallc.a(lib_a-vfprintf.o)
 .text.___vfprintf_internal_r
                0x00000000000084dc      0x524 c:/altera/16.0/nios2eds/bin/gnu/h-x86_64-mingw32/bin/../lib/gcc/nios2-elf/5.2.0/../../../../../H-x86_64-mingw32/nios2-elf/lib\libsmallc.a(lib_a-vfprintf.o)
                0x00000000000084dc                ___vfprintf_internal_r
 .text.__vfprintf_internal
                0x0000000000008a00       0x1c c:/altera/16.0/nios2eds/bin/gnu/h-x86_64-mingw32/bin/../lib/gcc/nios2-elf/5.2.0/../../../../../H-x86_64-mingw32/nios2-elf/lib\libsmallc.a(lib_a-vfprintf.o)
                0x0000000000008a00                __vfprintf_internal
 .text          0x0000000000008a1c        0x0 c:/altera/16.0/nios2eds/bin/gnu/h-x86_64-mingw32/bin/../lib/gcc/nios2-elf/5.2.0/../../../../../H-x86_64-mingw32/nios2-elf/lib\libsmallc.a(lib_a-fvwrite_small_dev.o)
 .text.__sfvwrite_small_dev
                0x0000000000008a1c       0xb8 c:/altera/16.0/nios2eds/bin/gnu/h-x86_64-mingw32/bin/../lib/gcc/nios2-elf/5.2.0/../../../../../H-x86_64-mingw32/nios2-elf/lib\libsmallc.a(lib_a-fvwrite_small_dev.o)
                0x0000000000008a1c                __sfvwrite_small_dev
 .text          0x0000000000008ad4        0x0 c:/altera/16.0/nios2eds/bin/gnu/h-x86_64-mingw32/bin/../lib/gcc/nios2-elf/5.2.0/../../../../../H-x86_64-mingw32/nios2-elf/lib\libsmallc.a(lib_a-impure.o)
 .text          0x0000000000008ad4        0x0 c:/altera/16.0/nios2eds/bin/gnu/h-x86_64-mingw32/bin/../lib/gcc/nios2-elf/5.2.0/../../../../../H-x86_64-mingw32/nios2-elf/lib\libsmallc.a(lib_a-writer.o)
 .text._write_r
                0x0000000000008ad4       0x58 c:/altera/16.0/nios2eds/bin/gnu/h-x86_64-mingw32/bin/../lib/gcc/nios2-elf/5.2.0/../../../../../H-x86_64-mingw32/nios2-elf/lib\libsmallc.a(lib_a-writer.o)
                0x0000000000008ad4                _write_r
 .text          0x0000000000008b2c        0x0 c:/altera/16.0/nios2eds/bin/gnu/h-x86_64-mingw32/bin/../lib/gcc/nios2-elf/5.2.0/../../../../../H-x86_64-mingw32/nios2-elf/lib\libsmallc.a(lib_a-int_errno.o)
 .text          0x0000000000008b2c      0x1b4 c:/altera/16.0/nios2eds/bin/gnu/h-x86_64-mingw32/bin/../lib/gcc/nios2-elf/5.2.0\libgcc.a(lib2-divmod.o)
                0x0000000000008b2c                __divsi3
                0x0000000000008bb0                __modsi3
                0x0000000000008c24                __udivsi3
                0x0000000000008c88                __umodsi3
 .text          0x0000000000008ce0       0xec ../firmware_bsp/\libhal_bsp.a(alt_load.o)
                0x0000000000008d48                alt_load
 .text          0x0000000000008dcc       0x6c ../firmware_bsp/\libhal_bsp.a(alt_main.o)
                0x0000000000008dcc                alt_main
 .text          0x0000000000008e38      0x148 ../firmware_bsp/\libhal_bsp.a(alt_write.o)
                0x0000000000008e88                write
 .text          0x0000000000008f80       0xbc ../firmware_bsp/\libhal_bsp.a(alt_sys_init.o)
                0x0000000000008fb8                alt_irq_init
                0x0000000000008ff0                alt_sys_init
 .text          0x000000000000903c      0x164 ../firmware_bsp/\libhal_bsp.a(altera_avalon_jtag_uart_fd.o)
                0x000000000000903c                altera_avalon_jtag_uart_read_fd
                0x000000000000909c                altera_avalon_jtag_uart_write_fd
                0x00000000000090fc                altera_avalon_jtag_uart_close_fd
                0x000000000000914c                altera_avalon_jtag_uart_ioctl_fd
 .text          0x00000000000091a0      0x3e4 ../firmware_bsp/\libhal_bsp.a(altera_avalon_jtag_uart_init.o)
                0x00000000000091a0                altera_avalon_jtag_uart_init
                0x000000000000951c                altera_avalon_jtag_uart_close
 .text          0x0000000000009584       0xf0 ../firmware_bsp/\libhal_bsp.a(altera_avalon_jtag_uart_ioctl.o)
                0x0000000000009584                altera_avalon_jtag_uart_ioctl
 .text          0x0000000000009674      0x21c ../firmware_bsp/\libhal_bsp.a(altera_avalon_jtag_uart_read.o)
                0x0000000000009674                altera_avalon_jtag_uart_read
 .text          0x0000000000009890      0x224 ../firmware_bsp/\libhal_bsp.a(altera_avalon_jtag_uart_write.o)
                0x0000000000009890                altera_avalon_jtag_uart_write
 .text          0x0000000000009ab4      0x140 ../firmware_bsp/\libhal_bsp.a(alt_alarm_start.o)
                0x0000000000009ab4                alt_alarm_start
 .text          0x0000000000009bf4      0x120 ../firmware_bsp/\libhal_bsp.a(alt_close.o)
                0x0000000000009c44                close
 .text          0x0000000000009d14       0x48 ../firmware_bsp/\libhal_bsp.a(alt_dcache_flush_all.o)
                0x0000000000009d14                alt_dcache_flush_all
 .text          0x0000000000009d5c       0x2c ../firmware_bsp/\libhal_bsp.a(alt_dev.o)
 .text          0x0000000000009d88       0xf4 ../firmware_bsp/\libhal_bsp.a(alt_dev_llist_insert.o)
                0x0000000000009dd8                alt_dev_llist_insert
 .text          0x0000000000009e7c        0x0 ../firmware_bsp/\libhal_bsp.a(alt_errno.o)
 .text          0x0000000000009e7c       0x34 ../firmware_bsp/\libhal_bsp.a(alt_icache_flush_all.o)
                0x0000000000009e7c                alt_icache_flush_all
 .text          0x0000000000009eb0      0x1e0 ../firmware_bsp/\libhal_bsp.a(alt_iic.o)
                0x0000000000009eb0                alt_ic_isr_register
                0x0000000000009f00                alt_ic_irq_enable
                0x0000000000009fa0                alt_ic_irq_disable
                0x000000000000a044                alt_ic_irq_enabled
 .text          0x000000000000a090       0xf0 ../firmware_bsp/\libhal_bsp.a(alt_iic_isr_register.o)
                0x000000000000a090                alt_iic_isr_register
 .text          0x000000000000a180      0x140 ../firmware_bsp/\libhal_bsp.a(alt_io_redirect.o)
                0x000000000000a244                alt_io_redirect
 .text          0x000000000000a2c0        0x0 ../firmware_bsp/\libhal_bsp.a(alt_irq_entry.o)
 .text          0x000000000000a2c0        0x0 ../firmware_bsp/\libhal_bsp.a(alt_irq_handler.o)
 .text          0x000000000000a2c0        0x0 ../firmware_bsp/\libhal_bsp.a(alt_irq_vars.o)
 .text          0x000000000000a2c0      0x274 ../firmware_bsp/\libhal_bsp.a(alt_open.o)
                0x000000000000a3dc                open
 .text          0x000000000000a534       0x64 ../firmware_bsp/\libhal_bsp.a(alt_release_fd.o)
                0x000000000000a534                alt_release_fd
 .text          0x000000000000a598      0x1a4 ../firmware_bsp/\libhal_bsp.a(alt_tick.o)
                0x000000000000a598                alt_alarm_stop
                0x000000000000a634                alt_tick
 .text          0x000000000000a73c       0x24 ../firmware_bsp/\libhal_bsp.a(altera_nios2_gen2_irq.o)
                0x000000000000a73c                altera_nios2_gen2_irq_init
 .text          0x000000000000a760        0x0 ../firmware_bsp/\libhal_bsp.a(alt_exception_entry.o)
 .text          0x000000000000a760       0x90 ../firmware_bsp/\libhal_bsp.a(alt_find_dev.o)
                0x000000000000a760                alt_find_dev
 .text          0x000000000000a7f0      0x114 ../firmware_bsp/\libhal_bsp.a(alt_find_file.o)
                0x000000000000a7f0                alt_find_file
 .text          0x000000000000a904       0xb4 ../firmware_bsp/\libhal_bsp.a(alt_get_fd.o)
                0x000000000000a904                alt_get_fd
 .text          0x000000000000a9b8       0x90 ../firmware_bsp/\libhal_bsp.a(alt_icache_flush.o)
                0x000000000000a9b8                alt_icache_flush
 .text          0x000000000000aa48       0x9c ../firmware_bsp/\libhal_bsp.a(alt_instruction_exception_entry.o)
                0x000000000000aa48                alt_exception_cause_generated_bad_addr
 .text          0x000000000000aae4        0x0 c:/altera/16.0/nios2eds/bin/gnu/h-x86_64-mingw32/bin/../lib/gcc/nios2-elf/5.2.0/../../../../../H-x86_64-mingw32/nios2-elf/lib\libsmallc.a(lib_a-exit.o)
 .text.exit     0x000000000000aae4       0x20 c:/altera/16.0/nios2eds/bin/gnu/h-x86_64-mingw32/bin/../lib/gcc/nios2-elf/5.2.0/../../../../../H-x86_64-mingw32/nios2-elf/lib\libsmallc.a(lib_a-exit.o)
                0x000000000000aae4                exit
 .text          0x000000000000ab04        0x0 c:/altera/16.0/nios2eds/bin/gnu/h-x86_64-mingw32/bin/../lib/gcc/nios2-elf/5.2.0/../../../../../H-x86_64-mingw32/nios2-elf/lib\libsmallc.a(lib_a-memcmp.o)
 .text.memcmp   0x000000000000ab04       0x30 c:/altera/16.0/nios2eds/bin/gnu/h-x86_64-mingw32/bin/../lib/gcc/nios2-elf/5.2.0/../../../../../H-x86_64-mingw32/nios2-elf/lib\libsmallc.a(lib_a-memcmp.o)
                0x000000000000ab04                memcmp
 .text          0x000000000000ab34        0x0 c:/altera/16.0/nios2eds/bin/gnu/h-x86_64-mingw32/bin/../lib/gcc/nios2-elf/5.2.0/../../../../../H-x86_64-mingw32/nios2-elf/lib\libsmallc.a(lib_a-memcpy.o)
 .text.memcpy   0x000000000000ab34       0x28 c:/altera/16.0/nios2eds/bin/gnu/h-x86_64-mingw32/bin/../lib/gcc/nios2-elf/5.2.0/../../../../../H-x86_64-mingw32/nios2-elf/lib\libsmallc.a(lib_a-memcpy.o)
                0x000000000000ab34                memcpy
 .text          0x000000000000ab5c        0x0 c:/altera/16.0/nios2eds/bin/gnu/h-x86_64-mingw32/bin/../lib/gcc/nios2-elf/5.2.0/../../../../../H-x86_64-mingw32/nios2-elf/lib\libsmallc.a(lib_a-__call_atexit.o)
 .text.__call_exitprocs
                0x000000000000ab5c      0x190 c:/altera/16.0/nios2eds/bin/gnu/h-x86_64-mingw32/bin/../lib/gcc/nios2-elf/5.2.0/../../../../../H-x86_64-mingw32/nios2-elf/lib\libsmallc.a(lib_a-__call_atexit.o)
                0x000000000000ab5c                __call_exitprocs
 .text          0x000000000000acec       0x34 ../firmware_bsp/\libhal_bsp.a(alt_exit.o)
                0x000000000000acec                _exit
 *(.gnu.warning.*)
 *(.fini)
                [!provide]                        PROVIDE (__etext, ABSOLUTE (.))
                [!provide]                        PROVIDE (_etext, ABSOLUTE (.))
                [!provide]                        PROVIDE (etext, ABSOLUTE (.))
 *(.eh_frame_hdr)
                0x000000000000ad20                . = ALIGN (0x4)
                [!provide]                        PROVIDE (__preinit_array_start, ABSOLUTE (.))
 *(.preinit_array)
                [!provide]                        PROVIDE (__preinit_array_end, ABSOLUTE (.))
                [!provide]                        PROVIDE (__init_array_start, ABSOLUTE (.))
 *(.init_array)
                [!provide]                        PROVIDE (__init_array_end, ABSOLUTE (.))
                [!provide]                        PROVIDE (__fini_array_start, ABSOLUTE (.))
 *(.fini_array)
                [!provide]                        PROVIDE (__fini_array_end, ABSOLUTE (.))
 *(.eh_frame)
 *(.gcc_except_table .gcc_except_table.*)
 *(.dynamic)
                [!provide]                        PROVIDE (__CTOR_LIST__, ABSOLUTE (.))
 *(.ctors)
 *(SORT(.ctors.*))
                [!provide]                        PROVIDE (__CTOR_END__, ABSOLUTE (.))
                [!provide]                        PROVIDE (__DTOR_LIST__, ABSOLUTE (.))
 *(.dtors)
 *(SORT(.dtors.*))
                [!provide]                        PROVIDE (__DTOR_END__, ABSOLUTE (.))
 *(.jcr)
                0x000000000000ad20                . = ALIGN (0x4)

.rodata         0x000000000000ad20       0x44
                0x000000000000ad20                PROVIDE (__ram_rodata_start, ABSOLUTE (.))
                0x000000000000ad20                . = ALIGN (0x4)
 *(.rodata .rodata.* .gnu.linkonce.r.*)
 .rodata        0x000000000000ad20        0xc obj/default/main.o
 .rodata.str1.4
                0x000000000000ad2c        0x4 c:/altera/16.0/nios2eds/bin/gnu/h-x86_64-mingw32/bin/../lib/gcc/nios2-elf/5.2.0/../../../../../H-x86_64-mingw32/nios2-elf/lib\libsmallc.a(lib_a-puts.o)
                                          0x2 (size before relaxing)
 .rodata        0x000000000000ad30       0x11 ../firmware_bsp/\libhal_bsp.a(alt_main.o)
 *fill*         0x000000000000ad41        0x3 
 .rodata        0x000000000000ad44       0x11 ../firmware_bsp/\libhal_bsp.a(alt_sys_init.o)
 *fill*         0x000000000000ad55        0x3 
 .rodata        0x000000000000ad58        0xa ../firmware_bsp/\libhal_bsp.a(alt_dev.o)
 *(.rodata1)
                0x000000000000ad64                . = ALIGN (0x4)
 *fill*         0x000000000000ad62        0x2 
                0x000000000000ad64                PROVIDE (__ram_rodata_end, ABSOLUTE (.))
                0x000000000000ad20                PROVIDE (__flash_rodata_start, LOADADDR (.rodata))

.rwdata         0x000000000000ad64     0x1314 load address 0x000000000000c078
                0x000000000000ad64                PROVIDE (__ram_rwdata_start, ABSOLUTE (.))
                0x000000000000ad64                . = ALIGN (0x4)
 *(.got.plt)
 *(.got)
 *(.data1)
 *(.data .data.* .gnu.linkonce.d.*)
 .data          0x000000000000ad64        0x0 ../firmware_bsp//obj/HAL/src/crt0.o
 .data          0x000000000000ad64        0x0 obj/default/main.o
 .data          0x000000000000ad64        0x0 c:/altera/16.0/nios2eds/bin/gnu/h-x86_64-mingw32/bin/../lib/gcc/nios2-elf/5.2.0/../../../../../H-x86_64-mingw32/nios2-elf/lib\libsmallc.a(lib_a-printf.o)
 .data          0x000000000000ad64        0x0 c:/altera/16.0/nios2eds/bin/gnu/h-x86_64-mingw32/bin/../lib/gcc/nios2-elf/5.2.0/../../../../../H-x86_64-mingw32/nios2-elf/lib\libsmallc.a(lib_a-puts.o)
 .data          0x000000000000ad64        0x0 c:/altera/16.0/nios2eds/bin/gnu/h-x86_64-mingw32/bin/../lib/gcc/nios2-elf/5.2.0/../../../../../H-x86_64-mingw32/nios2-elf/lib\libsmallc.a(lib_a-strlen.o)
 .data          0x000000000000ad64        0x0 c:/altera/16.0/nios2eds/bin/gnu/h-x86_64-mingw32/bin/../lib/gcc/nios2-elf/5.2.0/../../../../../H-x86_64-mingw32/nios2-elf/lib\libsmallc.a(lib_a-vfprintf.o)
 .data          0x000000000000ad64        0x0 c:/altera/16.0/nios2eds/bin/gnu/h-x86_64-mingw32/bin/../lib/gcc/nios2-elf/5.2.0/../../../../../H-x86_64-mingw32/nios2-elf/lib\libsmallc.a(lib_a-fvwrite_small_dev.o)
 .data          0x000000000000ad64        0x0 c:/altera/16.0/nios2eds/bin/gnu/h-x86_64-mingw32/bin/../lib/gcc/nios2-elf/5.2.0/../../../../../H-x86_64-mingw32/nios2-elf/lib\libsmallc.a(lib_a-impure.o)
 .data.impure_data
                0x000000000000ad64       0xe0 c:/altera/16.0/nios2eds/bin/gnu/h-x86_64-mingw32/bin/../lib/gcc/nios2-elf/5.2.0/../../../../../H-x86_64-mingw32/nios2-elf/lib\libsmallc.a(lib_a-impure.o)
 .data          0x000000000000ae44        0x0 c:/altera/16.0/nios2eds/bin/gnu/h-x86_64-mingw32/bin/../lib/gcc/nios2-elf/5.2.0/../../../../../H-x86_64-mingw32/nios2-elf/lib\libsmallc.a(lib_a-writer.o)
 .data          0x000000000000ae44        0x0 c:/altera/16.0/nios2eds/bin/gnu/h-x86_64-mingw32/bin/../lib/gcc/nios2-elf/5.2.0/../../../../../H-x86_64-mingw32/nios2-elf/lib\libsmallc.a(lib_a-int_errno.o)
 .data          0x000000000000ae44        0x0 c:/altera/16.0/nios2eds/bin/gnu/h-x86_64-mingw32/bin/../lib/gcc/nios2-elf/5.2.0\libgcc.a(lib2-divmod.o)
 .data          0x000000000000ae44        0x0 ../firmware_bsp/\libhal_bsp.a(alt_load.o)
 .data          0x000000000000ae44        0x0 ../firmware_bsp/\libhal_bsp.a(alt_main.o)
 .data          0x000000000000ae44        0x0 ../firmware_bsp/\libhal_bsp.a(alt_write.o)
 .data          0x000000000000ae44     0x1060 ../firmware_bsp/\libhal_bsp.a(alt_sys_init.o)
 .data          0x000000000000bea4        0x0 ../firmware_bsp/\libhal_bsp.a(altera_avalon_jtag_uart_fd.o)
 .data          0x000000000000bea4        0x0 ../firmware_bsp/\libhal_bsp.a(altera_avalon_jtag_uart_init.o)
 .data          0x000000000000bea4        0x0 ../firmware_bsp/\libhal_bsp.a(altera_avalon_jtag_uart_ioctl.o)
 .data          0x000000000000bea4        0x0 ../firmware_bsp/\libhal_bsp.a(altera_avalon_jtag_uart_read.o)
 .data          0x000000000000bea4        0x0 ../firmware_bsp/\libhal_bsp.a(altera_avalon_jtag_uart_write.o)
 .data          0x000000000000bea4        0x0 ../firmware_bsp/\libhal_bsp.a(alt_alarm_start.o)
 .data          0x000000000000bea4        0x0 ../firmware_bsp/\libhal_bsp.a(alt_close.o)
 .data          0x000000000000bea4        0x0 ../firmware_bsp/\libhal_bsp.a(alt_dcache_flush_all.o)
 .data          0x000000000000bea4      0x1a8 ../firmware_bsp/\libhal_bsp.a(alt_dev.o)
                0x000000000000bea4                alt_dev_null
                0x000000000000becc                alt_fd_list
 .data          0x000000000000c04c        0x0 ../firmware_bsp/\libhal_bsp.a(alt_dev_llist_insert.o)
 .data          0x000000000000c04c        0x0 ../firmware_bsp/\libhal_bsp.a(alt_errno.o)
 .data          0x000000000000c04c        0x0 ../firmware_bsp/\libhal_bsp.a(alt_icache_flush_all.o)
 .data          0x000000000000c04c        0x0 ../firmware_bsp/\libhal_bsp.a(alt_iic.o)
 .data          0x000000000000c04c        0x0 ../firmware_bsp/\libhal_bsp.a(alt_iic_isr_register.o)
 .data          0x000000000000c04c        0x0 ../firmware_bsp/\libhal_bsp.a(alt_io_redirect.o)
 .data          0x000000000000c04c        0x0 ../firmware_bsp/\libhal_bsp.a(alt_irq_entry.o)
 .data          0x000000000000c04c        0x0 ../firmware_bsp/\libhal_bsp.a(alt_irq_handler.o)
 .data          0x000000000000c04c        0x0 ../firmware_bsp/\libhal_bsp.a(alt_irq_vars.o)
 .data          0x000000000000c04c        0x0 ../firmware_bsp/\libhal_bsp.a(alt_open.o)
 .data          0x000000000000c04c        0x0 ../firmware_bsp/\libhal_bsp.a(alt_release_fd.o)
 .data          0x000000000000c04c        0x0 ../firmware_bsp/\libhal_bsp.a(alt_tick.o)
 .data          0x000000000000c04c        0x0 ../firmware_bsp/\libhal_bsp.a(altera_nios2_gen2_irq.o)
 .data          0x000000000000c04c        0x0 ../firmware_bsp/\libhal_bsp.a(alt_exception_entry.o)
 .data          0x000000000000c04c        0x0 ../firmware_bsp/\libhal_bsp.a(alt_find_dev.o)
 .data          0x000000000000c04c        0x0 ../firmware_bsp/\libhal_bsp.a(alt_find_file.o)
 .data          0x000000000000c04c        0x0 ../firmware_bsp/\libhal_bsp.a(alt_get_fd.o)
 .data          0x000000000000c04c        0x0 ../firmware_bsp/\libhal_bsp.a(alt_icache_flush.o)
 .data          0x000000000000c04c        0x0 ../firmware_bsp/\libhal_bsp.a(alt_instruction_exception_entry.o)
 .data          0x000000000000c04c        0x0 c:/altera/16.0/nios2eds/bin/gnu/h-x86_64-mingw32/bin/../lib/gcc/nios2-elf/5.2.0/../../../../../H-x86_64-mingw32/nios2-elf/lib\libsmallc.a(lib_a-exit.o)
 .data          0x000000000000c04c        0x0 c:/altera/16.0/nios2eds/bin/gnu/h-x86_64-mingw32/bin/../lib/gcc/nios2-elf/5.2.0/../../../../../H-x86_64-mingw32/nios2-elf/lib\libsmallc.a(lib_a-memcmp.o)
 .data          0x000000000000c04c        0x0 c:/altera/16.0/nios2eds/bin/gnu/h-x86_64-mingw32/bin/../lib/gcc/nios2-elf/5.2.0/../../../../../H-x86_64-mingw32/nios2-elf/lib\libsmallc.a(lib_a-memcpy.o)
 .data          0x000000000000c04c        0x0 c:/altera/16.0/nios2eds/bin/gnu/h-x86_64-mingw32/bin/../lib/gcc/nios2-elf/5.2.0/../../../../../H-x86_64-mingw32/nios2-elf/lib\libsmallc.a(lib_a-__call_atexit.o)
 .data          0x000000000000c04c        0x0 ../firmware_bsp/\libhal_bsp.a(alt_exit.o)
                0x000000000001404c                _gp = ABSOLUTE ((. + 0x8000))
                [!provide]                        PROVIDE (gp, _gp)
 *(.rwdata .rwdata.*)
 *(.sdata .sdata.* .gnu.linkonce.s.*)
 .sdata._global_impure_ptr
                0x000000000000c04c        0x4 c:/altera/16.0/nios2eds/bin/gnu/h-x86_64-mingw32/bin/../lib/gcc/nios2-elf/5.2.0/../../../../../H-x86_64-mingw32/nios2-elf/lib\libsmallc.a(lib_a-impure.o)
                0x000000000000c04c                _global_impure_ptr
 .sdata._impure_ptr
                0x000000000000c050        0x4 c:/altera/16.0/nios2eds/bin/gnu/h-x86_64-mingw32/bin/../lib/gcc/nios2-elf/5.2.0/../../../../../H-x86_64-mingw32/nios2-elf/lib\libsmallc.a(lib_a-impure.o)
                0x000000000000c050                _impure_ptr
 .sdata         0x000000000000c054       0x14 ../firmware_bsp/\libhal_bsp.a(alt_dev.o)
                0x000000000000c054                alt_fs_list
                0x000000000000c05c                alt_dev_list
                0x000000000000c064                alt_max_fd
 .sdata         0x000000000000c068        0x4 ../firmware_bsp/\libhal_bsp.a(alt_errno.o)
                0x000000000000c068                alt_errno
 .sdata         0x000000000000c06c        0x4 ../firmware_bsp/\libhal_bsp.a(alt_irq_vars.o)
                0x000000000000c06c                alt_priority_mask
 .sdata         0x000000000000c070        0x8 ../firmware_bsp/\libhal_bsp.a(alt_tick.o)
                0x000000000000c070                alt_alarm_list
 *(.sdata2 .sdata2.* .gnu.linkonce.s2.*)
                0x000000000000c078                . = ALIGN (0x4)
                0x000000000000c078                _edata = ABSOLUTE (.)
                [!provide]                        PROVIDE (edata, ABSOLUTE (.))
                0x000000000000c078                PROVIDE (__ram_rwdata_end, ABSOLUTE (.))
                0x000000000000c078                PROVIDE (__flash_rwdata_start, LOADADDR (.rwdata))

.bss            0x000000000000d38c      0x120
                0x000000000000d38c                __bss_start = ABSOLUTE (.)
                [!provide]                        PROVIDE (__sbss_start, ABSOLUTE (.))
                [!provide]                        PROVIDE (___sbss_start, ABSOLUTE (.))
 *(.dynsbss)
 *(.sbss .sbss.* .gnu.linkonce.sb.*)
 .sbss          0x000000000000d38c        0x4 c:/altera/16.0/nios2eds/bin/gnu/h-x86_64-mingw32/bin/../lib/gcc/nios2-elf/5.2.0/../../../../../H-x86_64-mingw32/nios2-elf/lib\libsmallc.a(lib_a-int_errno.o)
                0x000000000000d38c                errno
 .sbss          0x000000000000d390        0xc ../firmware_bsp/\libhal_bsp.a(alt_main.o)
                0x000000000000d390                alt_argc
                0x000000000000d394                alt_argv
                0x000000000000d398                alt_envp
 .sbss          0x000000000000d39c        0x4 ../firmware_bsp/\libhal_bsp.a(alt_irq_vars.o)
                0x000000000000d39c                alt_irq_active
 .sbss          0x000000000000d3a0        0x8 ../firmware_bsp/\libhal_bsp.a(alt_tick.o)
                0x000000000000d3a0                _alt_tick_rate
                0x000000000000d3a4                _alt_nticks
 .sbss          0x000000000000d3a8        0x4 ../firmware_bsp/\libhal_bsp.a(alt_instruction_exception_entry.o)
                0x000000000000d3a8                alt_instruction_exception_handler
 *(.sbss2 .sbss2.* .gnu.linkonce.sb2.*)
 *(.scommon)
                [!provide]                        PROVIDE (__sbss_end, ABSOLUTE (.))
                [!provide]                        PROVIDE (___sbss_end, ABSOLUTE (.))
 *(.dynbss)
 *(.bss .bss.* .gnu.linkonce.b.*)
 .bss           0x000000000000d3ac        0x0 ../firmware_bsp//obj/HAL/src/crt0.o
 .bss           0x000000000000d3ac        0x0 obj/default/main.o
 .bss           0x000000000000d3ac        0x0 c:/altera/16.0/nios2eds/bin/gnu/h-x86_64-mingw32/bin/../lib/gcc/nios2-elf/5.2.0/../../../../../H-x86_64-mingw32/nios2-elf/lib\libsmallc.a(lib_a-printf.o)
 .bss           0x000000000000d3ac        0x0 c:/altera/16.0/nios2eds/bin/gnu/h-x86_64-mingw32/bin/../lib/gcc/nios2-elf/5.2.0/../../../../../H-x86_64-mingw32/nios2-elf/lib\libsmallc.a(lib_a-puts.o)
 .bss           0x000000000000d3ac        0x0 c:/altera/16.0/nios2eds/bin/gnu/h-x86_64-mingw32/bin/../lib/gcc/nios2-elf/5.2.0/../../../../../H-x86_64-mingw32/nios2-elf/lib\libsmallc.a(lib_a-strlen.o)
 .bss           0x000000000000d3ac        0x0 c:/altera/16.0/nios2eds/bin/gnu/h-x86_64-mingw32/bin/../lib/gcc/nios2-elf/5.2.0/../../../../../H-x86_64-mingw32/nios2-elf/lib\libsmallc.a(lib_a-vfprintf.o)
 .bss           0x000000000000d3ac        0x0 c:/altera/16.0/nios2eds/bin/gnu/h-x86_64-mingw32/bin/../lib/gcc/nios2-elf/5.2.0/../../../../../H-x86_64-mingw32/nios2-elf/lib\libsmallc.a(lib_a-fvwrite_small_dev.o)
 .bss           0x000000000000d3ac        0x0 c:/altera/16.0/nios2eds/bin/gnu/h-x86_64-mingw32/bin/../lib/gcc/nios2-elf/5.2.0/../../../../../H-x86_64-mingw32/nios2-elf/lib\libsmallc.a(lib_a-impure.o)
 .bss           0x000000000000d3ac        0x0 c:/altera/16.0/nios2eds/bin/gnu/h-x86_64-mingw32/bin/../lib/gcc/nios2-elf/5.2.0/../../../../../H-x86_64-mingw32/nios2-elf/lib\libsmallc.a(lib_a-writer.o)
 .bss           0x000000000000d3ac        0x0 c:/altera/16.0/nios2eds/bin/gnu/h-x86_64-mingw32/bin/../lib/gcc/nios2-elf/5.2.0/../../../../../H-x86_64-mingw32/nios2-elf/lib\libsmallc.a(lib_a-int_errno.o)
 .bss           0x000000000000d3ac        0x0 c:/altera/16.0/nios2eds/bin/gnu/h-x86_64-mingw32/bin/../lib/gcc/nios2-elf/5.2.0\libgcc.a(lib2-divmod.o)
 .bss           0x000000000000d3ac        0x0 ../firmware_bsp/\libhal_bsp.a(alt_load.o)
 .bss           0x000000000000d3ac        0x0 ../firmware_bsp/\libhal_bsp.a(alt_main.o)
 .bss           0x000000000000d3ac        0x0 ../firmware_bsp/\libhal_bsp.a(alt_write.o)
 .bss           0x000000000000d3ac        0x0 ../firmware_bsp/\libhal_bsp.a(alt_sys_init.o)
 .bss           0x000000000000d3ac        0x0 ../firmware_bsp/\libhal_bsp.a(altera_avalon_jtag_uart_fd.o)
 .bss           0x000000000000d3ac        0x0 ../firmware_bsp/\libhal_bsp.a(altera_avalon_jtag_uart_init.o)
 .bss           0x000000000000d3ac        0x0 ../firmware_bsp/\libhal_bsp.a(altera_avalon_jtag_uart_ioctl.o)
 .bss           0x000000000000d3ac        0x0 ../firmware_bsp/\libhal_bsp.a(altera_avalon_jtag_uart_read.o)
 .bss           0x000000000000d3ac        0x0 ../firmware_bsp/\libhal_bsp.a(altera_avalon_jtag_uart_write.o)
 .bss           0x000000000000d3ac        0x0 ../firmware_bsp/\libhal_bsp.a(alt_alarm_start.o)
 .bss           0x000000000000d3ac        0x0 ../firmware_bsp/\libhal_bsp.a(alt_close.o)
 .bss           0x000000000000d3ac        0x0 ../firmware_bsp/\libhal_bsp.a(alt_dcache_flush_all.o)
 .bss           0x000000000000d3ac        0x0 ../firmware_bsp/\libhal_bsp.a(alt_dev.o)
 .bss           0x000000000000d3ac        0x0 ../firmware_bsp/\libhal_bsp.a(alt_dev_llist_insert.o)
 .bss           0x000000000000d3ac        0x0 ../firmware_bsp/\libhal_bsp.a(alt_errno.o)
 .bss           0x000000000000d3ac        0x0 ../firmware_bsp/\libhal_bsp.a(alt_icache_flush_all.o)
 .bss           0x000000000000d3ac        0x0 ../firmware_bsp/\libhal_bsp.a(alt_iic.o)
 .bss           0x000000000000d3ac        0x0 ../firmware_bsp/\libhal_bsp.a(alt_iic_isr_register.o)
 .bss           0x000000000000d3ac        0x0 ../firmware_bsp/\libhal_bsp.a(alt_io_redirect.o)
 .bss           0x000000000000d3ac        0x0 ../firmware_bsp/\libhal_bsp.a(alt_irq_entry.o)
 .bss           0x000000000000d3ac        0x0 ../firmware_bsp/\libhal_bsp.a(alt_irq_handler.o)
 .bss           0x000000000000d3ac        0x0 ../firmware_bsp/\libhal_bsp.a(alt_irq_vars.o)
 .bss           0x000000000000d3ac        0x0 ../firmware_bsp/\libhal_bsp.a(alt_open.o)
 .bss           0x000000000000d3ac        0x0 ../firmware_bsp/\libhal_bsp.a(alt_release_fd.o)
 .bss           0x000000000000d3ac        0x0 ../firmware_bsp/\libhal_bsp.a(alt_tick.o)
 .bss           0x000000000000d3ac        0x0 ../firmware_bsp/\libhal_bsp.a(altera_nios2_gen2_irq.o)
 .bss           0x000000000000d3ac        0x0 ../firmware_bsp/\libhal_bsp.a(alt_exception_entry.o)
 .bss           0x000000000000d3ac        0x0 ../firmware_bsp/\libhal_bsp.a(alt_find_dev.o)
 .bss           0x000000000000d3ac        0x0 ../firmware_bsp/\libhal_bsp.a(alt_find_file.o)
 .bss           0x000000000000d3ac        0x0 ../firmware_bsp/\libhal_bsp.a(alt_get_fd.o)
 .bss           0x000000000000d3ac        0x0 ../firmware_bsp/\libhal_bsp.a(alt_icache_flush.o)
 .bss           0x000000000000d3ac        0x0 ../firmware_bsp/\libhal_bsp.a(alt_instruction_exception_entry.o)
 .bss           0x000000000000d3ac        0x0 c:/altera/16.0/nios2eds/bin/gnu/h-x86_64-mingw32/bin/../lib/gcc/nios2-elf/5.2.0/../../../../../H-x86_64-mingw32/nios2-elf/lib\libsmallc.a(lib_a-exit.o)
 .bss           0x000000000000d3ac        0x0 c:/altera/16.0/nios2eds/bin/gnu/h-x86_64-mingw32/bin/../lib/gcc/nios2-elf/5.2.0/../../../../../H-x86_64-mingw32/nios2-elf/lib\libsmallc.a(lib_a-memcmp.o)
 .bss           0x000000000000d3ac        0x0 c:/altera/16.0/nios2eds/bin/gnu/h-x86_64-mingw32/bin/../lib/gcc/nios2-elf/5.2.0/../../../../../H-x86_64-mingw32/nios2-elf/lib\libsmallc.a(lib_a-memcpy.o)
 .bss           0x000000000000d3ac        0x0 c:/altera/16.0/nios2eds/bin/gnu/h-x86_64-mingw32/bin/../lib/gcc/nios2-elf/5.2.0/../../../../../H-x86_64-mingw32/nios2-elf/lib\libsmallc.a(lib_a-__call_atexit.o)
 .bss           0x000000000000d3ac        0x0 ../firmware_bsp/\libhal_bsp.a(alt_exit.o)
 *(COMMON)
 COMMON         0x000000000000d3ac      0x100 ../firmware_bsp/\libhal_bsp.a(alt_irq_handler.o)
                0x000000000000d3ac                alt_irq
                0x000000000000d4ac                . = ALIGN (0x4)
                0x000000000000d4ac                __bss_end = ABSOLUTE (.)

.onchip_memory2_0
                0x000000000000d4ac        0x0
                [!provide]                        PROVIDE (_alt_partition_onchip_memory2_0_start, ABSOLUTE (.))
 *(.onchip_memory2_0 .onchip_memory2_0. onchip_memory2_0.*)
                0x000000000000d4ac                . = ALIGN (0x4)
                [!provide]                        PROVIDE (_alt_partition_onchip_memory2_0_end, ABSOLUTE (.))
                0x000000000000d4ac                _end = ABSOLUTE (.)
                0x000000000000d4ac                end = ABSOLUTE (.)
                0x000000000000d4ac                __alt_stack_base = ABSOLUTE (.)
                [!provide]                        PROVIDE (_alt_partition_onchip_memory2_0_load_addr, LOADADDR (.onchip_memory2_0))

.stab
 *(.stab)

.stabstr
 *(.stabstr)

.stab.excl
 *(.stab.excl)

.stab.exclstr
 *(.stab.exclstr)

.stab.index
 *(.stab.index)

.stab.indexstr
 *(.stab.indexstr)

.comment        0x0000000000000000       0x23
 *(.comment)
 .comment       0x0000000000000000       0x23 obj/default/main.o
                                         0x24 (size before relaxing)
 .comment       0x0000000000000023       0x24 c:/altera/16.0/nios2eds/bin/gnu/h-x86_64-mingw32/bin/../lib/gcc/nios2-elf/5.2.0/../../../../../H-x86_64-mingw32/nios2-elf/lib\libsmallc.a(lib_a-printf.o)
 .comment       0x0000000000000023       0x24 c:/altera/16.0/nios2eds/bin/gnu/h-x86_64-mingw32/bin/../lib/gcc/nios2-elf/5.2.0/../../../../../H-x86_64-mingw32/nios2-elf/lib\libsmallc.a(lib_a-puts.o)
 .comment       0x0000000000000023       0x24 c:/altera/16.0/nios2eds/bin/gnu/h-x86_64-mingw32/bin/../lib/gcc/nios2-elf/5.2.0/../../../../../H-x86_64-mingw32/nios2-elf/lib\libsmallc.a(lib_a-strlen.o)
 .comment       0x0000000000000023       0x24 c:/altera/16.0/nios2eds/bin/gnu/h-x86_64-mingw32/bin/../lib/gcc/nios2-elf/5.2.0/../../../../../H-x86_64-mingw32/nios2-elf/lib\libsmallc.a(lib_a-vfprintf.o)
 .comment       0x0000000000000023       0x24 c:/altera/16.0/nios2eds/bin/gnu/h-x86_64-mingw32/bin/../lib/gcc/nios2-elf/5.2.0/../../../../../H-x86_64-mingw32/nios2-elf/lib\libsmallc.a(lib_a-fvwrite_small_dev.o)
 .comment       0x0000000000000023       0x24 c:/altera/16.0/nios2eds/bin/gnu/h-x86_64-mingw32/bin/../lib/gcc/nios2-elf/5.2.0/../../../../../H-x86_64-mingw32/nios2-elf/lib\libsmallc.a(lib_a-impure.o)
 .comment       0x0000000000000023       0x24 c:/altera/16.0/nios2eds/bin/gnu/h-x86_64-mingw32/bin/../lib/gcc/nios2-elf/5.2.0/../../../../../H-x86_64-mingw32/nios2-elf/lib\libsmallc.a(lib_a-writer.o)
 .comment       0x0000000000000023       0x24 c:/altera/16.0/nios2eds/bin/gnu/h-x86_64-mingw32/bin/../lib/gcc/nios2-elf/5.2.0/../../../../../H-x86_64-mingw32/nios2-elf/lib\libsmallc.a(lib_a-int_errno.o)
 .comment       0x0000000000000023       0x24 c:/altera/16.0/nios2eds/bin/gnu/h-x86_64-mingw32/bin/../lib/gcc/nios2-elf/5.2.0\libgcc.a(lib2-divmod.o)
 .comment       0x0000000000000023       0x24 ../firmware_bsp/\libhal_bsp.a(alt_load.o)
 .comment       0x0000000000000023       0x24 ../firmware_bsp/\libhal_bsp.a(alt_main.o)
 .comment       0x0000000000000023       0x24 ../firmware_bsp/\libhal_bsp.a(alt_write.o)
 .comment       0x0000000000000023       0x24 ../firmware_bsp/\libhal_bsp.a(alt_sys_init.o)
 .comment       0x0000000000000023       0x24 ../firmware_bsp/\libhal_bsp.a(altera_avalon_jtag_uart_fd.o)
 .comment       0x0000000000000023       0x24 ../firmware_bsp/\libhal_bsp.a(altera_avalon_jtag_uart_init.o)
 .comment       0x0000000000000023       0x24 ../firmware_bsp/\libhal_bsp.a(altera_avalon_jtag_uart_ioctl.o)
 .comment       0x0000000000000023       0x24 ../firmware_bsp/\libhal_bsp.a(altera_avalon_jtag_uart_read.o)
 .comment       0x0000000000000023       0x24 ../firmware_bsp/\libhal_bsp.a(altera_avalon_jtag_uart_write.o)
 .comment       0x0000000000000023       0x24 ../firmware_bsp/\libhal_bsp.a(alt_alarm_start.o)
 .comment       0x0000000000000023       0x24 ../firmware_bsp/\libhal_bsp.a(alt_close.o)
 .comment       0x0000000000000023       0x24 ../firmware_bsp/\libhal_bsp.a(alt_dcache_flush_all.o)
 .comment       0x0000000000000023       0x24 ../firmware_bsp/\libhal_bsp.a(alt_dev.o)
 .comment       0x0000000000000023       0x24 ../firmware_bsp/\libhal_bsp.a(alt_dev_llist_insert.o)
 .comment       0x0000000000000023       0x24 ../firmware_bsp/\libhal_bsp.a(alt_errno.o)
 .comment       0x0000000000000023       0x24 ../firmware_bsp/\libhal_bsp.a(alt_icache_flush_all.o)
 .comment       0x0000000000000023       0x24 ../firmware_bsp/\libhal_bsp.a(alt_iic.o)
 .comment       0x0000000000000023       0x24 ../firmware_bsp/\libhal_bsp.a(alt_iic_isr_register.o)
 .comment       0x0000000000000023       0x24 ../firmware_bsp/\libhal_bsp.a(alt_io_redirect.o)
 .comment       0x0000000000000023       0x24 ../firmware_bsp/\libhal_bsp.a(alt_irq_handler.o)
 .comment       0x0000000000000023       0x24 ../firmware_bsp/\libhal_bsp.a(alt_irq_vars.o)
 .comment       0x0000000000000023       0x24 ../firmware_bsp/\libhal_bsp.a(alt_open.o)
 .comment       0x0000000000000023       0x24 ../firmware_bsp/\libhal_bsp.a(alt_release_fd.o)
 .comment       0x0000000000000023       0x24 ../firmware_bsp/\libhal_bsp.a(alt_tick.o)
 .comment       0x0000000000000023       0x24 ../firmware_bsp/\libhal_bsp.a(altera_nios2_gen2_irq.o)
 .comment       0x0000000000000023       0x24 ../firmware_bsp/\libhal_bsp.a(alt_find_dev.o)
 .comment       0x0000000000000023       0x24 ../firmware_bsp/\libhal_bsp.a(alt_find_file.o)
 .comment       0x0000000000000023       0x24 ../firmware_bsp/\libhal_bsp.a(alt_get_fd.o)
 .comment       0x0000000000000023       0x24 ../firmware_bsp/\libhal_bsp.a(alt_icache_flush.o)
 .comment       0x0000000000000023       0x24 ../firmware_bsp/\libhal_bsp.a(alt_instruction_exception_entry.o)
 .comment       0x0000000000000023       0x24 c:/altera/16.0/nios2eds/bin/gnu/h-x86_64-mingw32/bin/../lib/gcc/nios2-elf/5.2.0/../../../../../H-x86_64-mingw32/nios2-elf/lib\libsmallc.a(lib_a-exit.o)
 .comment       0x0000000000000023       0x24 c:/altera/16.0/nios2eds/bin/gnu/h-x86_64-mingw32/bin/../lib/gcc/nios2-elf/5.2.0/../../../../../H-x86_64-mingw32/nios2-elf/lib\libsmallc.a(lib_a-memcmp.o)
 .comment       0x0000000000000023       0x24 c:/altera/16.0/nios2eds/bin/gnu/h-x86_64-mingw32/bin/../lib/gcc/nios2-elf/5.2.0/../../../../../H-x86_64-mingw32/nios2-elf/lib\libsmallc.a(lib_a-memcpy.o)
 .comment       0x0000000000000023       0x24 c:/altera/16.0/nios2eds/bin/gnu/h-x86_64-mingw32/bin/../lib/gcc/nios2-elf/5.2.0/../../../../../H-x86_64-mingw32/nios2-elf/lib\libsmallc.a(lib_a-__call_atexit.o)
 .comment       0x0000000000000023       0x24 ../firmware_bsp/\libhal_bsp.a(alt_exit.o)

.debug
 *(.debug)

.line
 *(.line)

.debug_srcinfo
 *(.debug_srcinfo)

.debug_sfnames
 *(.debug_sfnames)

.debug_aranges  0x0000000000000000      0x638
 *(.debug_aranges)
 .debug_aranges
                0x0000000000000000       0x28 ../firmware_bsp//obj/HAL/src/crt0.o
 .debug_aranges
                0x0000000000000028       0x20 obj/default/main.o
 .debug_aranges
                0x0000000000000048       0x28 c:/altera/16.0/nios2eds/bin/gnu/h-x86_64-mingw32/bin/../lib/gcc/nios2-elf/5.2.0/../../../../../H-x86_64-mingw32/nios2-elf/lib\libsmallc.a(lib_a-printf.o)
 .debug_aranges
                0x0000000000000070       0x28 c:/altera/16.0/nios2eds/bin/gnu/h-x86_64-mingw32/bin/../lib/gcc/nios2-elf/5.2.0/../../../../../H-x86_64-mingw32/nios2-elf/lib\libsmallc.a(lib_a-puts.o)
 .debug_aranges
                0x0000000000000098       0x20 c:/altera/16.0/nios2eds/bin/gnu/h-x86_64-mingw32/bin/../lib/gcc/nios2-elf/5.2.0/../../../../../H-x86_64-mingw32/nios2-elf/lib\libsmallc.a(lib_a-strlen.o)
 .debug_aranges
                0x00000000000000b8       0x30 c:/altera/16.0/nios2eds/bin/gnu/h-x86_64-mingw32/bin/../lib/gcc/nios2-elf/5.2.0/../../../../../H-x86_64-mingw32/nios2-elf/lib\libsmallc.a(lib_a-vfprintf.o)
 .debug_aranges
                0x00000000000000e8       0x20 c:/altera/16.0/nios2eds/bin/gnu/h-x86_64-mingw32/bin/../lib/gcc/nios2-elf/5.2.0/../../../../../H-x86_64-mingw32/nios2-elf/lib\libsmallc.a(lib_a-fvwrite_small_dev.o)
 .debug_aranges
                0x0000000000000108       0x18 c:/altera/16.0/nios2eds/bin/gnu/h-x86_64-mingw32/bin/../lib/gcc/nios2-elf/5.2.0/../../../../../H-x86_64-mingw32/nios2-elf/lib\libsmallc.a(lib_a-impure.o)
 .debug_aranges
                0x0000000000000120       0x20 c:/altera/16.0/nios2eds/bin/gnu/h-x86_64-mingw32/bin/../lib/gcc/nios2-elf/5.2.0/../../../../../H-x86_64-mingw32/nios2-elf/lib\libsmallc.a(lib_a-writer.o)
 .debug_aranges
                0x0000000000000140       0x18 c:/altera/16.0/nios2eds/bin/gnu/h-x86_64-mingw32/bin/../lib/gcc/nios2-elf/5.2.0/../../../../../H-x86_64-mingw32/nios2-elf/lib\libsmallc.a(lib_a-int_errno.o)
 .debug_aranges
                0x0000000000000158       0x20 c:/altera/16.0/nios2eds/bin/gnu/h-x86_64-mingw32/bin/../lib/gcc/nios2-elf/5.2.0\libgcc.a(lib2-divmod.o)
 .debug_aranges
                0x0000000000000178       0x20 ../firmware_bsp/\libhal_bsp.a(alt_load.o)
 .debug_aranges
                0x0000000000000198       0x20 ../firmware_bsp/\libhal_bsp.a(alt_main.o)
 .debug_aranges
                0x00000000000001b8       0x20 ../firmware_bsp/\libhal_bsp.a(alt_write.o)
 .debug_aranges
                0x00000000000001d8       0x20 ../firmware_bsp/\libhal_bsp.a(alt_sys_init.o)
 .debug_aranges
                0x00000000000001f8       0x20 ../firmware_bsp/\libhal_bsp.a(altera_avalon_jtag_uart_fd.o)
 .debug_aranges
                0x0000000000000218       0x20 ../firmware_bsp/\libhal_bsp.a(altera_avalon_jtag_uart_init.o)
 .debug_aranges
                0x0000000000000238       0x20 ../firmware_bsp/\libhal_bsp.a(altera_avalon_jtag_uart_ioctl.o)
 .debug_aranges
                0x0000000000000258       0x20 ../firmware_bsp/\libhal_bsp.a(altera_avalon_jtag_uart_read.o)
 .debug_aranges
                0x0000000000000278       0x20 ../firmware_bsp/\libhal_bsp.a(altera_avalon_jtag_uart_write.o)
 .debug_aranges
                0x0000000000000298       0x20 ../firmware_bsp/\libhal_bsp.a(alt_alarm_start.o)
 .debug_aranges
                0x00000000000002b8       0x20 ../firmware_bsp/\libhal_bsp.a(alt_close.o)
 .debug_aranges
                0x00000000000002d8       0x20 ../firmware_bsp/\libhal_bsp.a(alt_dcache_flush_all.o)
 .debug_aranges
                0x00000000000002f8       0x20 ../firmware_bsp/\libhal_bsp.a(alt_dev.o)
 .debug_aranges
                0x0000000000000318       0x20 ../firmware_bsp/\libhal_bsp.a(alt_dev_llist_insert.o)
 .debug_aranges
                0x0000000000000338       0x18 ../firmware_bsp/\libhal_bsp.a(alt_errno.o)
 .debug_aranges
                0x0000000000000350       0x20 ../firmware_bsp/\libhal_bsp.a(alt_icache_flush_all.o)
 .debug_aranges
                0x0000000000000370       0x20 ../firmware_bsp/\libhal_bsp.a(alt_iic.o)
 .debug_aranges
                0x0000000000000390       0x20 ../firmware_bsp/\libhal_bsp.a(alt_iic_isr_register.o)
 .debug_aranges
                0x00000000000003b0       0x20 ../firmware_bsp/\libhal_bsp.a(alt_io_redirect.o)
 .debug_aranges
                0x00000000000003d0       0x30 ../firmware_bsp/\libhal_bsp.a(alt_irq_entry.o)
 .debug_aranges
                0x0000000000000400       0x20 ../firmware_bsp/\libhal_bsp.a(alt_irq_handler.o)
 .debug_aranges
                0x0000000000000420       0x18 ../firmware_bsp/\libhal_bsp.a(alt_irq_vars.o)
 .debug_aranges
                0x0000000000000438       0x20 ../firmware_bsp/\libhal_bsp.a(alt_open.o)
 .debug_aranges
                0x0000000000000458       0x20 ../firmware_bsp/\libhal_bsp.a(alt_release_fd.o)
 .debug_aranges
                0x0000000000000478       0x20 ../firmware_bsp/\libhal_bsp.a(alt_tick.o)
 .debug_aranges
                0x0000000000000498       0x20 ../firmware_bsp/\libhal_bsp.a(altera_nios2_gen2_irq.o)
 .debug_aranges
                0x00000000000004b8       0x38 ../firmware_bsp/\libhal_bsp.a(alt_exception_entry.o)
 .debug_aranges
                0x00000000000004f0       0x20 ../firmware_bsp/\libhal_bsp.a(alt_find_dev.o)
 .debug_aranges
                0x0000000000000510       0x20 ../firmware_bsp/\libhal_bsp.a(alt_find_file.o)
 .debug_aranges
                0x0000000000000530       0x20 ../firmware_bsp/\libhal_bsp.a(alt_get_fd.o)
 .debug_aranges
                0x0000000000000550       0x20 ../firmware_bsp/\libhal_bsp.a(alt_icache_flush.o)
 .debug_aranges
                0x0000000000000570       0x28 ../firmware_bsp/\libhal_bsp.a(alt_instruction_exception_entry.o)
 .debug_aranges
                0x0000000000000598       0x20 c:/altera/16.0/nios2eds/bin/gnu/h-x86_64-mingw32/bin/../lib/gcc/nios2-elf/5.2.0/../../../../../H-x86_64-mingw32/nios2-elf/lib\libsmallc.a(lib_a-exit.o)
 .debug_aranges
                0x00000000000005b8       0x20 c:/altera/16.0/nios2eds/bin/gnu/h-x86_64-mingw32/bin/../lib/gcc/nios2-elf/5.2.0/../../../../../H-x86_64-mingw32/nios2-elf/lib\libsmallc.a(lib_a-memcmp.o)
 .debug_aranges
                0x00000000000005d8       0x20 c:/altera/16.0/nios2eds/bin/gnu/h-x86_64-mingw32/bin/../lib/gcc/nios2-elf/5.2.0/../../../../../H-x86_64-mingw32/nios2-elf/lib\libsmallc.a(lib_a-memcpy.o)
 .debug_aranges
                0x00000000000005f8       0x20 c:/altera/16.0/nios2eds/bin/gnu/h-x86_64-mingw32/bin/../lib/gcc/nios2-elf/5.2.0/../../../../../H-x86_64-mingw32/nios2-elf/lib\libsmallc.a(lib_a-__call_atexit.o)
 .debug_aranges
                0x0000000000000618       0x20 ../firmware_bsp/\libhal_bsp.a(alt_exit.o)

.debug_pubnames
 *(.debug_pubnames)

.debug_info     0x0000000000000000     0x880b
 *(.debug_info .gnu.linkonce.wi.*)
 .debug_info    0x0000000000000000       0x7d ../firmware_bsp//obj/HAL/src/crt0.o
 .debug_info    0x000000000000007d       0xdb obj/default/main.o
 .debug_info    0x0000000000000158      0x699 c:/altera/16.0/nios2eds/bin/gnu/h-x86_64-mingw32/bin/../lib/gcc/nios2-elf/5.2.0/../../../../../H-x86_64-mingw32/nios2-elf/lib\libsmallc.a(lib_a-printf.o)
 .debug_info    0x00000000000007f1      0x66d c:/altera/16.0/nios2eds/bin/gnu/h-x86_64-mingw32/bin/../lib/gcc/nios2-elf/5.2.0/../../../../../H-x86_64-mingw32/nios2-elf/lib\libsmallc.a(lib_a-puts.o)
 .debug_info    0x0000000000000e5e       0xc9 c:/altera/16.0/nios2eds/bin/gnu/h-x86_64-mingw32/bin/../lib/gcc/nios2-elf/5.2.0/../../../../../H-x86_64-mingw32/nios2-elf/lib\libsmallc.a(lib_a-strlen.o)
 .debug_info    0x0000000000000f27      0xb2b c:/altera/16.0/nios2eds/bin/gnu/h-x86_64-mingw32/bin/../lib/gcc/nios2-elf/5.2.0/../../../../../H-x86_64-mingw32/nios2-elf/lib\libsmallc.a(lib_a-vfprintf.o)
 .debug_info    0x0000000000001a52      0x62b c:/altera/16.0/nios2eds/bin/gnu/h-x86_64-mingw32/bin/../lib/gcc/nios2-elf/5.2.0/../../../../../H-x86_64-mingw32/nios2-elf/lib\libsmallc.a(lib_a-fvwrite_small_dev.o)
 .debug_info    0x000000000000207d      0x5a9 c:/altera/16.0/nios2eds/bin/gnu/h-x86_64-mingw32/bin/../lib/gcc/nios2-elf/5.2.0/../../../../../H-x86_64-mingw32/nios2-elf/lib\libsmallc.a(lib_a-impure.o)
 .debug_info    0x0000000000002626      0x630 c:/altera/16.0/nios2eds/bin/gnu/h-x86_64-mingw32/bin/../lib/gcc/nios2-elf/5.2.0/../../../../../H-x86_64-mingw32/nios2-elf/lib\libsmallc.a(lib_a-writer.o)
 .debug_info    0x0000000000002c56       0x8a c:/altera/16.0/nios2eds/bin/gnu/h-x86_64-mingw32/bin/../lib/gcc/nios2-elf/5.2.0/../../../../../H-x86_64-mingw32/nios2-elf/lib\libsmallc.a(lib_a-int_errno.o)
 .debug_info    0x0000000000002ce0      0x2c3 c:/altera/16.0/nios2eds/bin/gnu/h-x86_64-mingw32/bin/../lib/gcc/nios2-elf/5.2.0\libgcc.a(lib2-divmod.o)
 .debug_info    0x0000000000002fa3      0x145 ../firmware_bsp/\libhal_bsp.a(alt_load.o)
 .debug_info    0x00000000000030e8      0x131 ../firmware_bsp/\libhal_bsp.a(alt_main.o)
 .debug_info    0x0000000000003219      0x4b7 ../firmware_bsp/\libhal_bsp.a(alt_write.o)
 .debug_info    0x00000000000036d0      0x4c3 ../firmware_bsp/\libhal_bsp.a(alt_sys_init.o)
 .debug_info    0x0000000000003b93      0x52e ../firmware_bsp/\libhal_bsp.a(altera_avalon_jtag_uart_fd.o)
 .debug_info    0x00000000000040c1      0x3a0 ../firmware_bsp/\libhal_bsp.a(altera_avalon_jtag_uart_init.o)
 .debug_info    0x0000000000004461      0x280 ../firmware_bsp/\libhal_bsp.a(altera_avalon_jtag_uart_ioctl.o)
 .debug_info    0x00000000000046e1      0x345 ../firmware_bsp/\libhal_bsp.a(altera_avalon_jtag_uart_read.o)
 .debug_info    0x0000000000004a26      0x340 ../firmware_bsp/\libhal_bsp.a(altera_avalon_jtag_uart_write.o)
 .debug_info    0x0000000000004d66      0x2cc ../firmware_bsp/\libhal_bsp.a(alt_alarm_start.o)
 .debug_info    0x0000000000005032      0x321 ../firmware_bsp/\libhal_bsp.a(alt_close.o)
 .debug_info    0x0000000000005353       0xa5 ../firmware_bsp/\libhal_bsp.a(alt_dcache_flush_all.o)
 .debug_info    0x00000000000053f8      0x49c ../firmware_bsp/\libhal_bsp.a(alt_dev.o)
 .debug_info    0x0000000000005894      0x1a9 ../firmware_bsp/\libhal_bsp.a(alt_dev_llist_insert.o)
 .debug_info    0x0000000000005a3d       0xa6 ../firmware_bsp/\libhal_bsp.a(alt_errno.o)
 .debug_info    0x0000000000005ae3       0x92 ../firmware_bsp/\libhal_bsp.a(alt_icache_flush_all.o)
 .debug_info    0x0000000000005b75      0x350 ../firmware_bsp/\libhal_bsp.a(alt_iic.o)
 .debug_info    0x0000000000005ec5      0x1ef ../firmware_bsp/\libhal_bsp.a(alt_iic_isr_register.o)
 .debug_info    0x00000000000060b4      0x4a5 ../firmware_bsp/\libhal_bsp.a(alt_io_redirect.o)
 .debug_info    0x0000000000006559       0x86 ../firmware_bsp/\libhal_bsp.a(alt_irq_entry.o)
 .debug_info    0x00000000000065df      0x187 ../firmware_bsp/\libhal_bsp.a(alt_irq_handler.o)
 .debug_info    0x0000000000006766       0x88 ../firmware_bsp/\libhal_bsp.a(alt_irq_vars.o)
 .debug_info    0x00000000000067ee      0x3bb ../firmware_bsp/\libhal_bsp.a(alt_open.o)
 .debug_info    0x0000000000006ba9      0x2b0 ../firmware_bsp/\libhal_bsp.a(alt_release_fd.o)
 .debug_info    0x0000000000006e59      0x299 ../firmware_bsp/\libhal_bsp.a(alt_tick.o)
 .debug_info    0x00000000000070f2       0x92 ../firmware_bsp/\libhal_bsp.a(altera_nios2_gen2_irq.o)
 .debug_info    0x0000000000007184       0x8c ../firmware_bsp/\libhal_bsp.a(alt_exception_entry.o)
 .debug_info    0x0000000000007210      0x2e9 ../firmware_bsp/\libhal_bsp.a(alt_find_dev.o)
 .debug_info    0x00000000000074f9      0x2e6 ../firmware_bsp/\libhal_bsp.a(alt_find_file.o)
 .debug_info    0x00000000000077df      0x310 ../firmware_bsp/\libhal_bsp.a(alt_get_fd.o)
 .debug_info    0x0000000000007aef       0xdc ../firmware_bsp/\libhal_bsp.a(alt_icache_flush.o)
 .debug_info    0x0000000000007bcb      0x1e7 ../firmware_bsp/\libhal_bsp.a(alt_instruction_exception_entry.o)
 .debug_info    0x0000000000007db2       0xe5 c:/altera/16.0/nios2eds/bin/gnu/h-x86_64-mingw32/bin/../lib/gcc/nios2-elf/5.2.0/../../../../../H-x86_64-mingw32/nios2-elf/lib\libsmallc.a(lib_a-exit.o)
 .debug_info    0x0000000000007e97       0xf4 c:/altera/16.0/nios2eds/bin/gnu/h-x86_64-mingw32/bin/../lib/gcc/nios2-elf/5.2.0/../../../../../H-x86_64-mingw32/nios2-elf/lib\libsmallc.a(lib_a-memcmp.o)
 .debug_info    0x0000000000007f8b      0x119 c:/altera/16.0/nios2eds/bin/gnu/h-x86_64-mingw32/bin/../lib/gcc/nios2-elf/5.2.0/../../../../../H-x86_64-mingw32/nios2-elf/lib\libsmallc.a(lib_a-memcpy.o)
 .debug_info    0x00000000000080a4      0x67b c:/altera/16.0/nios2eds/bin/gnu/h-x86_64-mingw32/bin/../lib/gcc/nios2-elf/5.2.0/../../../../../H-x86_64-mingw32/nios2-elf/lib\libsmallc.a(lib_a-__call_atexit.o)
 .debug_info    0x000000000000871f       0xec ../firmware_bsp/\libhal_bsp.a(alt_exit.o)

.debug_abbrev   0x0000000000000000     0x2fe6
 *(.debug_abbrev)
 .debug_abbrev  0x0000000000000000       0x12 ../firmware_bsp//obj/HAL/src/crt0.o
 .debug_abbrev  0x0000000000000012       0x9e obj/default/main.o
 .debug_abbrev  0x00000000000000b0      0x1ee c:/altera/16.0/nios2eds/bin/gnu/h-x86_64-mingw32/bin/../lib/gcc/nios2-elf/5.2.0/../../../../../H-x86_64-mingw32/nios2-elf/lib\libsmallc.a(lib_a-printf.o)
 .debug_abbrev  0x000000000000029e      0x1d6 c:/altera/16.0/nios2eds/bin/gnu/h-x86_64-mingw32/bin/../lib/gcc/nios2-elf/5.2.0/../../../../../H-x86_64-mingw32/nios2-elf/lib\libsmallc.a(lib_a-puts.o)
 .debug_abbrev  0x0000000000000474       0x7f c:/altera/16.0/nios2eds/bin/gnu/h-x86_64-mingw32/bin/../lib/gcc/nios2-elf/5.2.0/../../../../../H-x86_64-mingw32/nios2-elf/lib\libsmallc.a(lib_a-strlen.o)
 .debug_abbrev  0x00000000000004f3      0x2a1 c:/altera/16.0/nios2eds/bin/gnu/h-x86_64-mingw32/bin/../lib/gcc/nios2-elf/5.2.0/../../../../../H-x86_64-mingw32/nios2-elf/lib\libsmallc.a(lib_a-vfprintf.o)
 .debug_abbrev  0x0000000000000794      0x1bc c:/altera/16.0/nios2eds/bin/gnu/h-x86_64-mingw32/bin/../lib/gcc/nios2-elf/5.2.0/../../../../../H-x86_64-mingw32/nios2-elf/lib\libsmallc.a(lib_a-fvwrite_small_dev.o)
 .debug_abbrev  0x0000000000000950      0x14a c:/altera/16.0/nios2eds/bin/gnu/h-x86_64-mingw32/bin/../lib/gcc/nios2-elf/5.2.0/../../../../../H-x86_64-mingw32/nios2-elf/lib\libsmallc.a(lib_a-impure.o)
 .debug_abbrev  0x0000000000000a9a      0x1a6 c:/altera/16.0/nios2eds/bin/gnu/h-x86_64-mingw32/bin/../lib/gcc/nios2-elf/5.2.0/../../../../../H-x86_64-mingw32/nios2-elf/lib\libsmallc.a(lib_a-writer.o)
 .debug_abbrev  0x0000000000000c40       0x37 c:/altera/16.0/nios2eds/bin/gnu/h-x86_64-mingw32/bin/../lib/gcc/nios2-elf/5.2.0/../../../../../H-x86_64-mingw32/nios2-elf/lib\libsmallc.a(lib_a-int_errno.o)
 .debug_abbrev  0x0000000000000c77      0x10e c:/altera/16.0/nios2eds/bin/gnu/h-x86_64-mingw32/bin/../lib/gcc/nios2-elf/5.2.0\libgcc.a(lib2-divmod.o)
 .debug_abbrev  0x0000000000000d85       0x9f ../firmware_bsp/\libhal_bsp.a(alt_load.o)
 .debug_abbrev  0x0000000000000e24       0xba ../firmware_bsp/\libhal_bsp.a(alt_main.o)
 .debug_abbrev  0x0000000000000ede      0x133 ../firmware_bsp/\libhal_bsp.a(alt_write.o)
 .debug_abbrev  0x0000000000001011      0x187 ../firmware_bsp/\libhal_bsp.a(alt_sys_init.o)
 .debug_abbrev  0x0000000000001198      0x127 ../firmware_bsp/\libhal_bsp.a(altera_avalon_jtag_uart_fd.o)
 .debug_abbrev  0x00000000000012bf      0x19e ../firmware_bsp/\libhal_bsp.a(altera_avalon_jtag_uart_init.o)
 .debug_abbrev  0x000000000000145d      0x111 ../firmware_bsp/\libhal_bsp.a(altera_avalon_jtag_uart_ioctl.o)
 .debug_abbrev  0x000000000000156e      0x1aa ../firmware_bsp/\libhal_bsp.a(altera_avalon_jtag_uart_read.o)
 .debug_abbrev  0x0000000000001718      0x1a8 ../firmware_bsp/\libhal_bsp.a(altera_avalon_jtag_uart_write.o)
 .debug_abbrev  0x00000000000018c0      0x162 ../firmware_bsp/\libhal_bsp.a(alt_alarm_start.o)
 .debug_abbrev  0x0000000000001a22      0x11f ../firmware_bsp/\libhal_bsp.a(alt_close.o)
 .debug_abbrev  0x0000000000001b41       0x5a ../firmware_bsp/\libhal_bsp.a(alt_dcache_flush_all.o)
 .debug_abbrev  0x0000000000001b9b       0xd9 ../firmware_bsp/\libhal_bsp.a(alt_dev.o)
 .debug_abbrev  0x0000000000001c74      0x114 ../firmware_bsp/\libhal_bsp.a(alt_dev_llist_insert.o)
 .debug_abbrev  0x0000000000001d88       0x5a ../firmware_bsp/\libhal_bsp.a(alt_errno.o)
 .debug_abbrev  0x0000000000001de2       0x42 ../firmware_bsp/\libhal_bsp.a(alt_icache_flush_all.o)
 .debug_abbrev  0x0000000000001e24      0x163 ../firmware_bsp/\libhal_bsp.a(alt_iic.o)
 .debug_abbrev  0x0000000000001f87      0x169 ../firmware_bsp/\libhal_bsp.a(alt_iic_isr_register.o)
 .debug_abbrev  0x00000000000020f0      0x114 ../firmware_bsp/\libhal_bsp.a(alt_io_redirect.o)
 .debug_abbrev  0x0000000000002204       0x12 ../firmware_bsp/\libhal_bsp.a(alt_irq_entry.o)
 .debug_abbrev  0x0000000000002216      0x122 ../firmware_bsp/\libhal_bsp.a(alt_irq_handler.o)
 .debug_abbrev  0x0000000000002338       0x40 ../firmware_bsp/\libhal_bsp.a(alt_irq_vars.o)
 .debug_abbrev  0x0000000000002378      0x148 ../firmware_bsp/\libhal_bsp.a(alt_open.o)
 .debug_abbrev  0x00000000000024c0       0xde ../firmware_bsp/\libhal_bsp.a(alt_release_fd.o)
 .debug_abbrev  0x000000000000259e      0x15a ../firmware_bsp/\libhal_bsp.a(alt_tick.o)
 .debug_abbrev  0x00000000000026f8       0x42 ../firmware_bsp/\libhal_bsp.a(altera_nios2_gen2_irq.o)
 .debug_abbrev  0x000000000000273a       0x12 ../firmware_bsp/\libhal_bsp.a(alt_exception_entry.o)
 .debug_abbrev  0x000000000000274c       0xf0 ../firmware_bsp/\libhal_bsp.a(alt_find_dev.o)
 .debug_abbrev  0x000000000000283c       0xf0 ../firmware_bsp/\libhal_bsp.a(alt_find_file.o)
 .debug_abbrev  0x000000000000292c      0x10d ../firmware_bsp/\libhal_bsp.a(alt_get_fd.o)
 .debug_abbrev  0x0000000000002a39       0x8c ../firmware_bsp/\libhal_bsp.a(alt_icache_flush.o)
 .debug_abbrev  0x0000000000002ac5       0xdc ../firmware_bsp/\libhal_bsp.a(alt_instruction_exception_entry.o)
 .debug_abbrev  0x0000000000002ba1       0x8b c:/altera/16.0/nios2eds/bin/gnu/h-x86_64-mingw32/bin/../lib/gcc/nios2-elf/5.2.0/../../../../../H-x86_64-mingw32/nios2-elf/lib\libsmallc.a(lib_a-exit.o)
 .debug_abbrev  0x0000000000002c2c       0x7f c:/altera/16.0/nios2eds/bin/gnu/h-x86_64-mingw32/bin/../lib/gcc/nios2-elf/5.2.0/../../../../../H-x86_64-mingw32/nios2-elf/lib\libsmallc.a(lib_a-memcmp.o)
 .debug_abbrev  0x0000000000002cab       0x9c c:/altera/16.0/nios2eds/bin/gnu/h-x86_64-mingw32/bin/../lib/gcc/nios2-elf/5.2.0/../../../../../H-x86_64-mingw32/nios2-elf/lib\libsmallc.a(lib_a-memcpy.o)
 .debug_abbrev  0x0000000000002d47      0x1f6 c:/altera/16.0/nios2eds/bin/gnu/h-x86_64-mingw32/bin/../lib/gcc/nios2-elf/5.2.0/../../../../../H-x86_64-mingw32/nios2-elf/lib\libsmallc.a(lib_a-__call_atexit.o)
 .debug_abbrev  0x0000000000002f3d       0xa9 ../firmware_bsp/\libhal_bsp.a(alt_exit.o)

.debug_line     0x0000000000000000     0x32b6
 *(.debug_line)
 .debug_line    0x0000000000000000       0x72 ../firmware_bsp//obj/HAL/src/crt0.o
 .debug_line    0x0000000000000072       0x83 obj/default/main.o
 .debug_line    0x00000000000000f5      0x200 c:/altera/16.0/nios2eds/bin/gnu/h-x86_64-mingw32/bin/../lib/gcc/nios2-elf/5.2.0/../../../../../H-x86_64-mingw32/nios2-elf/lib\libsmallc.a(lib_a-printf.o)
 .debug_line    0x00000000000002f5      0x203 c:/altera/16.0/nios2eds/bin/gnu/h-x86_64-mingw32/bin/../lib/gcc/nios2-elf/5.2.0/../../../../../H-x86_64-mingw32/nios2-elf/lib\libsmallc.a(lib_a-puts.o)
 .debug_line    0x00000000000004f8      0x159 c:/altera/16.0/nios2eds/bin/gnu/h-x86_64-mingw32/bin/../lib/gcc/nios2-elf/5.2.0/../../../../../H-x86_64-mingw32/nios2-elf/lib\libsmallc.a(lib_a-strlen.o)
 .debug_line    0x0000000000000651      0x34f c:/altera/16.0/nios2eds/bin/gnu/h-x86_64-mingw32/bin/../lib/gcc/nios2-elf/5.2.0/../../../../../H-x86_64-mingw32/nios2-elf/lib\libsmallc.a(lib_a-vfprintf.o)
 .debug_line    0x00000000000009a0      0x1ed c:/altera/16.0/nios2eds/bin/gnu/h-x86_64-mingw32/bin/../lib/gcc/nios2-elf/5.2.0/../../../../../H-x86_64-mingw32/nios2-elf/lib\libsmallc.a(lib_a-fvwrite_small_dev.o)
 .debug_line    0x0000000000000b8d      0x153 c:/altera/16.0/nios2eds/bin/gnu/h-x86_64-mingw32/bin/../lib/gcc/nios2-elf/5.2.0/../../../../../H-x86_64-mingw32/nios2-elf/lib\libsmallc.a(lib_a-impure.o)
 .debug_line    0x0000000000000ce0      0x1ea c:/altera/16.0/nios2eds/bin/gnu/h-x86_64-mingw32/bin/../lib/gcc/nios2-elf/5.2.0/../../../../../H-x86_64-mingw32/nios2-elf/lib\libsmallc.a(lib_a-writer.o)
 .debug_line    0x0000000000000eca       0x5c c:/altera/16.0/nios2eds/bin/gnu/h-x86_64-mingw32/bin/../lib/gcc/nios2-elf/5.2.0/../../../../../H-x86_64-mingw32/nios2-elf/lib\libsmallc.a(lib_a-int_errno.o)
 .debug_line    0x0000000000000f26      0x102 c:/altera/16.0/nios2eds/bin/gnu/h-x86_64-mingw32/bin/../lib/gcc/nios2-elf/5.2.0\libgcc.a(lib2-divmod.o)
 .debug_line    0x0000000000001028       0x8e ../firmware_bsp/\libhal_bsp.a(alt_load.o)
 .debug_line    0x00000000000010b6       0x9e ../firmware_bsp/\libhal_bsp.a(alt_main.o)
 .debug_line    0x0000000000001154      0x1cc ../firmware_bsp/\libhal_bsp.a(alt_write.o)
 .debug_line    0x0000000000001320      0x137 ../firmware_bsp/\libhal_bsp.a(alt_sys_init.o)
 .debug_line    0x0000000000001457      0x12f ../firmware_bsp/\libhal_bsp.a(altera_avalon_jtag_uart_fd.o)
 .debug_line    0x0000000000001586      0x18b ../firmware_bsp/\libhal_bsp.a(altera_avalon_jtag_uart_init.o)
 .debug_line    0x0000000000001711      0x131 ../firmware_bsp/\libhal_bsp.a(altera_avalon_jtag_uart_ioctl.o)
 .debug_line    0x0000000000001842      0x171 ../firmware_bsp/\libhal_bsp.a(altera_avalon_jtag_uart_read.o)
 .debug_line    0x00000000000019b3      0x170 ../firmware_bsp/\libhal_bsp.a(altera_avalon_jtag_uart_write.o)
 .debug_line    0x0000000000001b23       0xfa ../firmware_bsp/\libhal_bsp.a(alt_alarm_start.o)
 .debug_line    0x0000000000001c1d      0x15e ../firmware_bsp/\libhal_bsp.a(alt_close.o)
 .debug_line    0x0000000000001d7b       0x61 ../firmware_bsp/\libhal_bsp.a(alt_dcache_flush_all.o)
 .debug_line    0x0000000000001ddc       0xf0 ../firmware_bsp/\libhal_bsp.a(alt_dev.o)
 .debug_line    0x0000000000001ecc       0xd0 ../firmware_bsp/\libhal_bsp.a(alt_dev_llist_insert.o)
 .debug_line    0x0000000000001f9c       0x51 ../firmware_bsp/\libhal_bsp.a(alt_errno.o)
 .debug_line    0x0000000000001fed       0x50 ../firmware_bsp/\libhal_bsp.a(alt_icache_flush_all.o)
 .debug_line    0x000000000000203d       0xef ../firmware_bsp/\libhal_bsp.a(alt_iic.o)
 .debug_line    0x000000000000212c       0xdb ../firmware_bsp/\libhal_bsp.a(alt_iic_isr_register.o)
 .debug_line    0x0000000000002207      0x12b ../firmware_bsp/\libhal_bsp.a(alt_io_redirect.o)
 .debug_line    0x0000000000002332       0x6b ../firmware_bsp/\libhal_bsp.a(alt_irq_entry.o)
 .debug_line    0x000000000000239d       0xaa ../firmware_bsp/\libhal_bsp.a(alt_irq_handler.o)
 .debug_line    0x0000000000002447       0x50 ../firmware_bsp/\libhal_bsp.a(alt_irq_vars.o)
 .debug_line    0x0000000000002497      0x12a ../firmware_bsp/\libhal_bsp.a(alt_open.o)
 .debug_line    0x00000000000025c1       0xae ../firmware_bsp/\libhal_bsp.a(alt_release_fd.o)
 .debug_line    0x000000000000266f       0xff ../firmware_bsp/\libhal_bsp.a(alt_tick.o)
 .debug_line    0x000000000000276e       0x51 ../firmware_bsp/\libhal_bsp.a(altera_nios2_gen2_irq.o)
 .debug_line    0x00000000000027bf       0xb3 ../firmware_bsp/\libhal_bsp.a(alt_exception_entry.o)
 .debug_line    0x0000000000002872       0xb5 ../firmware_bsp/\libhal_bsp.a(alt_find_dev.o)
 .debug_line    0x0000000000002927       0xd1 ../firmware_bsp/\libhal_bsp.a(alt_find_file.o)
 .debug_line    0x00000000000029f8       0xd5 ../firmware_bsp/\libhal_bsp.a(alt_get_fd.o)
 .debug_line    0x0000000000002acd       0x81 ../firmware_bsp/\libhal_bsp.a(alt_icache_flush.o)
 .debug_line    0x0000000000002b4e       0xba ../firmware_bsp/\libhal_bsp.a(alt_instruction_exception_entry.o)
 .debug_line    0x0000000000002c08      0x156 c:/altera/16.0/nios2eds/bin/gnu/h-x86_64-mingw32/bin/../lib/gcc/nios2-elf/5.2.0/../../../../../H-x86_64-mingw32/nios2-elf/lib\libsmallc.a(lib_a-exit.o)
 .debug_line    0x0000000000002d5e      0x15d c:/altera/16.0/nios2eds/bin/gnu/h-x86_64-mingw32/bin/../lib/gcc/nios2-elf/5.2.0/../../../../../H-x86_64-mingw32/nios2-elf/lib\libsmallc.a(lib_a-memcmp.o)
 .debug_line    0x0000000000002ebb      0x15b c:/altera/16.0/nios2eds/bin/gnu/h-x86_64-mingw32/bin/../lib/gcc/nios2-elf/5.2.0/../../../../../H-x86_64-mingw32/nios2-elf/lib\libsmallc.a(lib_a-memcpy.o)
 .debug_line    0x0000000000003016      0x22f c:/altera/16.0/nios2eds/bin/gnu/h-x86_64-mingw32/bin/../lib/gcc/nios2-elf/5.2.0/../../../../../H-x86_64-mingw32/nios2-elf/lib\libsmallc.a(lib_a-__call_atexit.o)
 .debug_line    0x0000000000003245       0x71 ../firmware_bsp/\libhal_bsp.a(alt_exit.o)

.debug_frame    0x0000000000000000      0xc1c
 *(.debug_frame)
 .debug_frame   0x0000000000000000       0x2c obj/default/main.o
 .debug_frame   0x000000000000002c       0x48 c:/altera/16.0/nios2eds/bin/gnu/h-x86_64-mingw32/bin/../lib/gcc/nios2-elf/5.2.0/../../../../../H-x86_64-mingw32/nios2-elf/lib\libsmallc.a(lib_a-printf.o)
 .debug_frame   0x0000000000000074       0x48 c:/altera/16.0/nios2eds/bin/gnu/h-x86_64-mingw32/bin/../lib/gcc/nios2-elf/5.2.0/../../../../../H-x86_64-mingw32/nios2-elf/lib\libsmallc.a(lib_a-puts.o)
 .debug_frame   0x00000000000000bc       0x20 c:/altera/16.0/nios2eds/bin/gnu/h-x86_64-mingw32/bin/../lib/gcc/nios2-elf/5.2.0/../../../../../H-x86_64-mingw32/nios2-elf/lib\libsmallc.a(lib_a-strlen.o)
 .debug_frame   0x00000000000000dc       0x8c c:/altera/16.0/nios2eds/bin/gnu/h-x86_64-mingw32/bin/../lib/gcc/nios2-elf/5.2.0/../../../../../H-x86_64-mingw32/nios2-elf/lib\libsmallc.a(lib_a-vfprintf.o)
 .debug_frame   0x0000000000000168       0x58 c:/altera/16.0/nios2eds/bin/gnu/h-x86_64-mingw32/bin/../lib/gcc/nios2-elf/5.2.0/../../../../../H-x86_64-mingw32/nios2-elf/lib\libsmallc.a(lib_a-fvwrite_small_dev.o)
 .debug_frame   0x00000000000001c0       0x38 c:/altera/16.0/nios2eds/bin/gnu/h-x86_64-mingw32/bin/../lib/gcc/nios2-elf/5.2.0/../../../../../H-x86_64-mingw32/nios2-elf/lib\libsmallc.a(lib_a-writer.o)
 .debug_frame   0x00000000000001f8       0x50 c:/altera/16.0/nios2eds/bin/gnu/h-x86_64-mingw32/bin/../lib/gcc/nios2-elf/5.2.0\libgcc.a(lib2-divmod.o)
 .debug_frame   0x0000000000000248       0x5c ../firmware_bsp/\libhal_bsp.a(alt_load.o)
 .debug_frame   0x00000000000002a4       0x2c ../firmware_bsp/\libhal_bsp.a(alt_main.o)
 .debug_frame   0x00000000000002d0       0x60 ../firmware_bsp/\libhal_bsp.a(alt_write.o)
 .debug_frame   0x0000000000000330       0x88 ../firmware_bsp/\libhal_bsp.a(alt_sys_init.o)
 .debug_frame   0x00000000000003b8       0xb0 ../firmware_bsp/\libhal_bsp.a(altera_avalon_jtag_uart_fd.o)
 .debug_frame   0x0000000000000468       0xa4 ../firmware_bsp/\libhal_bsp.a(altera_avalon_jtag_uart_init.o)
 .debug_frame   0x000000000000050c       0x34 ../firmware_bsp/\libhal_bsp.a(altera_avalon_jtag_uart_ioctl.o)
 .debug_frame   0x0000000000000540       0x38 ../firmware_bsp/\libhal_bsp.a(altera_avalon_jtag_uart_read.o)
 .debug_frame   0x0000000000000578       0x38 ../firmware_bsp/\libhal_bsp.a(altera_avalon_jtag_uart_write.o)
 .debug_frame   0x00000000000005b0       0x34 ../firmware_bsp/\libhal_bsp.a(alt_alarm_start.o)
 .debug_frame   0x00000000000005e4       0x60 ../firmware_bsp/\libhal_bsp.a(alt_close.o)
 .debug_frame   0x0000000000000644       0x34 ../firmware_bsp/\libhal_bsp.a(alt_dcache_flush_all.o)
 .debug_frame   0x0000000000000678       0x34 ../firmware_bsp/\libhal_bsp.a(alt_dev.o)
 .debug_frame   0x00000000000006ac       0x60 ../firmware_bsp/\libhal_bsp.a(alt_dev_llist_insert.o)
 .debug_frame   0x000000000000070c       0x38 ../firmware_bsp/\libhal_bsp.a(alt_icache_flush_all.o)
 .debug_frame   0x0000000000000744       0xa4 ../firmware_bsp/\libhal_bsp.a(alt_iic.o)
 .debug_frame   0x00000000000007e8       0x38 ../firmware_bsp/\libhal_bsp.a(alt_iic_isr_register.o)
 .debug_frame   0x0000000000000820       0x60 ../firmware_bsp/\libhal_bsp.a(alt_io_redirect.o)
 .debug_frame   0x0000000000000880       0x38 ../firmware_bsp/\libhal_bsp.a(alt_irq_handler.o)
 .debug_frame   0x00000000000008b8       0x84 ../firmware_bsp/\libhal_bsp.a(alt_open.o)
 .debug_frame   0x000000000000093c       0x34 ../firmware_bsp/\libhal_bsp.a(alt_release_fd.o)
 .debug_frame   0x0000000000000970       0x5c ../firmware_bsp/\libhal_bsp.a(alt_tick.o)
 .debug_frame   0x00000000000009cc       0x34 ../firmware_bsp/\libhal_bsp.a(altera_nios2_gen2_irq.o)
 .debug_frame   0x0000000000000a00       0x38 ../firmware_bsp/\libhal_bsp.a(alt_find_dev.o)
 .debug_frame   0x0000000000000a38       0x38 ../firmware_bsp/\libhal_bsp.a(alt_find_file.o)
 .debug_frame   0x0000000000000a70       0x34 ../firmware_bsp/\libhal_bsp.a(alt_get_fd.o)
 .debug_frame   0x0000000000000aa4       0x34 ../firmware_bsp/\libhal_bsp.a(alt_icache_flush.o)
 .debug_frame   0x0000000000000ad8       0x5c ../firmware_bsp/\libhal_bsp.a(alt_instruction_exception_entry.o)
 .debug_frame   0x0000000000000b34       0x28 c:/altera/16.0/nios2eds/bin/gnu/h-x86_64-mingw32/bin/../lib/gcc/nios2-elf/5.2.0/../../../../../H-x86_64-mingw32/nios2-elf/lib\libsmallc.a(lib_a-exit.o)
 .debug_frame   0x0000000000000b5c       0x20 c:/altera/16.0/nios2eds/bin/gnu/h-x86_64-mingw32/bin/../lib/gcc/nios2-elf/5.2.0/../../../../../H-x86_64-mingw32/nios2-elf/lib\libsmallc.a(lib_a-memcmp.o)
 .debug_frame   0x0000000000000b7c       0x20 c:/altera/16.0/nios2eds/bin/gnu/h-x86_64-mingw32/bin/../lib/gcc/nios2-elf/5.2.0/../../../../../H-x86_64-mingw32/nios2-elf/lib\libsmallc.a(lib_a-memcpy.o)
 .debug_frame   0x0000000000000b9c       0x54 c:/altera/16.0/nios2eds/bin/gnu/h-x86_64-mingw32/bin/../lib/gcc/nios2-elf/5.2.0/../../../../../H-x86_64-mingw32/nios2-elf/lib\libsmallc.a(lib_a-__call_atexit.o)
 .debug_frame   0x0000000000000bf0       0x2c ../firmware_bsp/\libhal_bsp.a(alt_exit.o)

.debug_str      0x0000000000000000     0x1d9b
 *(.debug_str)
 .debug_str     0x0000000000000000       0xdf obj/default/main.o
                                        0x124 (size before relaxing)
 .debug_str     0x00000000000000df      0x41d c:/altera/16.0/nios2eds/bin/gnu/h-x86_64-mingw32/bin/../lib/gcc/nios2-elf/5.2.0/../../../../../H-x86_64-mingw32/nios2-elf/lib\libsmallc.a(lib_a-printf.o)
                                        0x4ea (size before relaxing)
 .debug_str     0x00000000000004fc       0x60 c:/altera/16.0/nios2eds/bin/gnu/h-x86_64-mingw32/bin/../lib/gcc/nios2-elf/5.2.0/../../../../../H-x86_64-mingw32/nios2-elf/lib\libsmallc.a(lib_a-puts.o)
                                        0x4b3 (size before relaxing)
 .debug_str     0x000000000000055c       0xc4 c:/altera/16.0/nios2eds/bin/gnu/h-x86_64-mingw32/bin/../lib/gcc/nios2-elf/5.2.0/../../../../../H-x86_64-mingw32/nios2-elf/lib\libsmallc.a(lib_a-strlen.o)
                                        0x1cb (size before relaxing)
 .debug_str     0x0000000000000620      0x1e9 c:/altera/16.0/nios2eds/bin/gnu/h-x86_64-mingw32/bin/../lib/gcc/nios2-elf/5.2.0/../../../../../H-x86_64-mingw32/nios2-elf/lib\libsmallc.a(lib_a-vfprintf.o)
                                        0x665 (size before relaxing)
 .debug_str     0x0000000000000809       0x60 c:/altera/16.0/nios2eds/bin/gnu/h-x86_64-mingw32/bin/../lib/gcc/nios2-elf/5.2.0/../../../../../H-x86_64-mingw32/nios2-elf/lib\libsmallc.a(lib_a-fvwrite_small_dev.o)
                                        0x4ba (size before relaxing)
 .debug_str     0x0000000000000869       0xe1 c:/altera/16.0/nios2eds/bin/gnu/h-x86_64-mingw32/bin/../lib/gcc/nios2-elf/5.2.0/../../../../../H-x86_64-mingw32/nios2-elf/lib\libsmallc.a(lib_a-impure.o)
                                        0x4a4 (size before relaxing)
 .debug_str     0x000000000000094a       0x42 c:/altera/16.0/nios2eds/bin/gnu/h-x86_64-mingw32/bin/../lib/gcc/nios2-elf/5.2.0/../../../../../H-x86_64-mingw32/nios2-elf/lib\libsmallc.a(lib_a-writer.o)
                                        0x49e (size before relaxing)
 .debug_str     0x000000000000098c       0x3c c:/altera/16.0/nios2eds/bin/gnu/h-x86_64-mingw32/bin/../lib/gcc/nios2-elf/5.2.0/../../../../../H-x86_64-mingw32/nios2-elf/lib\libsmallc.a(lib_a-int_errno.o)
                                        0x1be (size before relaxing)
 .debug_str     0x00000000000009c8      0x16d c:/altera/16.0/nios2eds/bin/gnu/h-x86_64-mingw32/bin/../lib/gcc/nios2-elf/5.2.0\libgcc.a(lib2-divmod.o)
                                        0x1b8 (size before relaxing)
 .debug_str     0x0000000000000b35      0x17f ../firmware_bsp/\libhal_bsp.a(alt_load.o)
                                        0x21d (size before relaxing)
 .debug_str     0x0000000000000cb4       0x70 ../firmware_bsp/\libhal_bsp.a(alt_main.o)
                                        0x1a8 (size before relaxing)
 .debug_str     0x0000000000000d24      0x153 ../firmware_bsp/\libhal_bsp.a(alt_write.o)
                                        0x303 (size before relaxing)
 .debug_str     0x0000000000000e77      0x15a ../firmware_bsp/\libhal_bsp.a(alt_sys_init.o)
                                        0x363 (size before relaxing)
 .debug_str     0x0000000000000fd1       0xb9 ../firmware_bsp/\libhal_bsp.a(altera_avalon_jtag_uart_fd.o)
                                        0x3af (size before relaxing)
 .debug_str     0x000000000000108a       0xd1 ../firmware_bsp/\libhal_bsp.a(altera_avalon_jtag_uart_init.o)
                                        0x343 (size before relaxing)
 .debug_str     0x000000000000115b       0x4a ../firmware_bsp/\libhal_bsp.a(altera_avalon_jtag_uart_ioctl.o)
                                        0x29e (size before relaxing)
 .debug_str     0x00000000000011a5       0x7f ../firmware_bsp/\libhal_bsp.a(altera_avalon_jtag_uart_read.o)
                                        0x2f3 (size before relaxing)
 .debug_str     0x0000000000001224       0x4a ../firmware_bsp/\libhal_bsp.a(altera_avalon_jtag_uart_write.o)
                                        0x2f4 (size before relaxing)
 .debug_str     0x000000000000126e       0x59 ../firmware_bsp/\libhal_bsp.a(alt_alarm_start.o)
                                        0x289 (size before relaxing)
 .debug_str     0x00000000000012c7       0x1b ../firmware_bsp/\libhal_bsp.a(alt_close.o)
                                        0x216 (size before relaxing)
 .debug_str     0x00000000000012e2       0x34 ../firmware_bsp/\libhal_bsp.a(alt_dcache_flush_all.o)
                                        0x160 (size before relaxing)
 .debug_str     0x0000000000001316       0x50 ../firmware_bsp/\libhal_bsp.a(alt_dev.o)
                                        0x310 (size before relaxing)
 .debug_str     0x0000000000001366       0x34 ../firmware_bsp/\libhal_bsp.a(alt_dev_llist_insert.o)
                                        0x1d7 (size before relaxing)
 .debug_str     0x000000000000139a       0x14 ../firmware_bsp/\libhal_bsp.a(alt_errno.o)
                                        0x150 (size before relaxing)
 .debug_str     0x00000000000013ae       0x34 ../firmware_bsp/\libhal_bsp.a(alt_icache_flush_all.o)
                                        0x160 (size before relaxing)
 .debug_str     0x00000000000013e2       0xc4 ../firmware_bsp/\libhal_bsp.a(alt_iic.o)
                                        0x249 (size before relaxing)
 .debug_str     0x00000000000014a6       0x4c ../firmware_bsp/\libhal_bsp.a(alt_iic_isr_register.o)
                                        0x1f3 (size before relaxing)
 .debug_str     0x00000000000014f2       0x56 ../firmware_bsp/\libhal_bsp.a(alt_io_redirect.o)
                                        0x321 (size before relaxing)
 .debug_str     0x0000000000001548       0x3a ../firmware_bsp/\libhal_bsp.a(alt_irq_handler.o)
                                        0x1a2 (size before relaxing)
 .debug_str     0x0000000000001582       0x17 ../firmware_bsp/\libhal_bsp.a(alt_irq_vars.o)
                                        0x145 (size before relaxing)
 .debug_str     0x0000000000001599       0x2f ../firmware_bsp/\libhal_bsp.a(alt_open.o)
                                        0x256 (size before relaxing)
 .debug_str     0x00000000000015c8       0x28 ../firmware_bsp/\libhal_bsp.a(alt_release_fd.o)
                                        0x1de (size before relaxing)
 .debug_str     0x00000000000015f0       0x4a ../firmware_bsp/\libhal_bsp.a(alt_tick.o)
                                        0x25d (size before relaxing)
 .debug_str     0x000000000000163a       0x3b ../firmware_bsp/\libhal_bsp.a(altera_nios2_gen2_irq.o)
                                        0x167 (size before relaxing)
 .debug_str     0x0000000000001675       0x24 ../firmware_bsp/\libhal_bsp.a(alt_find_dev.o)
                                        0x1f7 (size before relaxing)
 .debug_str     0x0000000000001699       0x26 ../firmware_bsp/\libhal_bsp.a(alt_find_file.o)
                                        0x205 (size before relaxing)
 .debug_str     0x00000000000016bf       0x30 ../firmware_bsp/\libhal_bsp.a(alt_get_fd.o)
                                        0x227 (size before relaxing)
 .debug_str     0x00000000000016ef       0x2c ../firmware_bsp/\libhal_bsp.a(alt_icache_flush.o)
                                        0x166 (size before relaxing)
 .debug_str     0x000000000000171b      0x48b ../firmware_bsp/\libhal_bsp.a(alt_instruction_exception_entry.o)
                                        0x5ab (size before relaxing)
 .debug_str     0x0000000000001ba6       0xd3 c:/altera/16.0/nios2eds/bin/gnu/h-x86_64-mingw32/bin/../lib/gcc/nios2-elf/5.2.0/../../../../../H-x86_64-mingw32/nios2-elf/lib\libsmallc.a(lib_a-exit.o)
                                        0x1d6 (size before relaxing)
 .debug_str     0x0000000000001c79       0x41 c:/altera/16.0/nios2eds/bin/gnu/h-x86_64-mingw32/bin/../lib/gcc/nios2-elf/5.2.0/../../../../../H-x86_64-mingw32/nios2-elf/lib\libsmallc.a(lib_a-memcmp.o)
                                        0x1c5 (size before relaxing)
 .debug_str     0x0000000000001cba       0x55 c:/altera/16.0/nios2eds/bin/gnu/h-x86_64-mingw32/bin/../lib/gcc/nios2-elf/5.2.0/../../../../../H-x86_64-mingw32/nios2-elf/lib\libsmallc.a(lib_a-memcpy.o)
                                        0x1d9 (size before relaxing)
 .debug_str     0x0000000000001d0f       0x62 c:/altera/16.0/nios2eds/bin/gnu/h-x86_64-mingw32/bin/../lib/gcc/nios2-elf/5.2.0/../../../../../H-x86_64-mingw32/nios2-elf/lib\libsmallc.a(lib_a-__call_atexit.o)
                                        0x4d1 (size before relaxing)
 .debug_str     0x0000000000001d71       0x2a ../firmware_bsp/\libhal_bsp.a(alt_exit.o)
                                        0x15c (size before relaxing)

.debug_loc      0x0000000000000000     0x141d
 *(.debug_loc)
 .debug_loc     0x0000000000000000       0xc6 c:/altera/16.0/nios2eds/bin/gnu/h-x86_64-mingw32/bin/../lib/gcc/nios2-elf/5.2.0/../../../../../H-x86_64-mingw32/nios2-elf/lib\libsmallc.a(lib_a-printf.o)
 .debug_loc     0x00000000000000c6       0x97 c:/altera/16.0/nios2eds/bin/gnu/h-x86_64-mingw32/bin/../lib/gcc/nios2-elf/5.2.0/../../../../../H-x86_64-mingw32/nios2-elf/lib\libsmallc.a(lib_a-puts.o)
 .debug_loc     0x000000000000015d       0x1e c:/altera/16.0/nios2eds/bin/gnu/h-x86_64-mingw32/bin/../lib/gcc/nios2-elf/5.2.0/../../../../../H-x86_64-mingw32/nios2-elf/lib\libsmallc.a(lib_a-strlen.o)
 .debug_loc     0x000000000000017b      0x901 c:/altera/16.0/nios2eds/bin/gnu/h-x86_64-mingw32/bin/../lib/gcc/nios2-elf/5.2.0/../../../../../H-x86_64-mingw32/nios2-elf/lib\libsmallc.a(lib_a-vfprintf.o)
 .debug_loc     0x0000000000000a7c      0x110 c:/altera/16.0/nios2eds/bin/gnu/h-x86_64-mingw32/bin/../lib/gcc/nios2-elf/5.2.0/../../../../../H-x86_64-mingw32/nios2-elf/lib\libsmallc.a(lib_a-fvwrite_small_dev.o)
 .debug_loc     0x0000000000000b8c       0xa5 c:/altera/16.0/nios2eds/bin/gnu/h-x86_64-mingw32/bin/../lib/gcc/nios2-elf/5.2.0/../../../../../H-x86_64-mingw32/nios2-elf/lib\libsmallc.a(lib_a-writer.o)
 .debug_loc     0x0000000000000c31      0x4ae c:/altera/16.0/nios2eds/bin/gnu/h-x86_64-mingw32/bin/../lib/gcc/nios2-elf/5.2.0\libgcc.a(lib2-divmod.o)
 .debug_loc     0x00000000000010df       0x1e c:/altera/16.0/nios2eds/bin/gnu/h-x86_64-mingw32/bin/../lib/gcc/nios2-elf/5.2.0/../../../../../H-x86_64-mingw32/nios2-elf/lib\libsmallc.a(lib_a-exit.o)
 .debug_loc     0x00000000000010fd       0x94 c:/altera/16.0/nios2eds/bin/gnu/h-x86_64-mingw32/bin/../lib/gcc/nios2-elf/5.2.0/../../../../../H-x86_64-mingw32/nios2-elf/lib\libsmallc.a(lib_a-memcmp.o)
 .debug_loc     0x0000000000001191      0x135 c:/altera/16.0/nios2eds/bin/gnu/h-x86_64-mingw32/bin/../lib/gcc/nios2-elf/5.2.0/../../../../../H-x86_64-mingw32/nios2-elf/lib\libsmallc.a(lib_a-memcpy.o)
 .debug_loc     0x00000000000012c6      0x157 c:/altera/16.0/nios2eds/bin/gnu/h-x86_64-mingw32/bin/../lib/gcc/nios2-elf/5.2.0/../../../../../H-x86_64-mingw32/nios2-elf/lib\libsmallc.a(lib_a-__call_atexit.o)

.debug_macinfo
 *(.debug_macinfo)

.debug_weaknames
 *(.debug_weaknames)

.debug_funcnames
 *(.debug_funcnames)

.debug_typenames
 *(.debug_typenames)

.debug_varnames
 *(.debug_varnames)

.debug_alt_sim_info
                0x0000000000000000       0x30
 *(.debug_alt_sim_info)
 .debug_alt_sim_info
                0x0000000000000000       0x30 ../firmware_bsp//obj/HAL/src/crt0.o
                0x0000000000010000                __alt_data_end = 0x10000
                0x0000000000010000                PROVIDE (__alt_stack_pointer, __alt_data_end)
                [!provide]                        PROVIDE (__alt_stack_limit, __alt_stack_base)
                [!provide]                        PROVIDE (__alt_heap_start, end)
                [!provide]                        PROVIDE (__alt_heap_limit, 0x10000)
OUTPUT(firmware.elf elf32-littlenios2)

.debug_ranges   0x0000000000000000      0x2e0
 .debug_ranges  0x0000000000000000       0x20 ../firmware_bsp//obj/HAL/src/crt0.o
 .debug_ranges  0x0000000000000020       0x18 c:/altera/16.0/nios2eds/bin/gnu/h-x86_64-mingw32/bin/../lib/gcc/nios2-elf/5.2.0/../../../../../H-x86_64-mingw32/nios2-elf/lib\libsmallc.a(lib_a-printf.o)
 .debug_ranges  0x0000000000000038       0x18 c:/altera/16.0/nios2eds/bin/gnu/h-x86_64-mingw32/bin/../lib/gcc/nios2-elf/5.2.0/../../../../../H-x86_64-mingw32/nios2-elf/lib\libsmallc.a(lib_a-puts.o)
 .debug_ranges  0x0000000000000050       0x10 c:/altera/16.0/nios2eds/bin/gnu/h-x86_64-mingw32/bin/../lib/gcc/nios2-elf/5.2.0/../../../../../H-x86_64-mingw32/nios2-elf/lib\libsmallc.a(lib_a-strlen.o)
 .debug_ranges  0x0000000000000060       0xc8 c:/altera/16.0/nios2eds/bin/gnu/h-x86_64-mingw32/bin/../lib/gcc/nios2-elf/5.2.0/../../../../../H-x86_64-mingw32/nios2-elf/lib\libsmallc.a(lib_a-vfprintf.o)
 .debug_ranges  0x0000000000000128       0x28 c:/altera/16.0/nios2eds/bin/gnu/h-x86_64-mingw32/bin/../lib/gcc/nios2-elf/5.2.0/../../../../../H-x86_64-mingw32/nios2-elf/lib\libsmallc.a(lib_a-fvwrite_small_dev.o)
 .debug_ranges  0x0000000000000150       0x10 c:/altera/16.0/nios2eds/bin/gnu/h-x86_64-mingw32/bin/../lib/gcc/nios2-elf/5.2.0/../../../../../H-x86_64-mingw32/nios2-elf/lib\libsmallc.a(lib_a-writer.o)
 .debug_ranges  0x0000000000000160       0x60 c:/altera/16.0/nios2eds/bin/gnu/h-x86_64-mingw32/bin/../lib/gcc/nios2-elf/5.2.0\libgcc.a(lib2-divmod.o)
 .debug_ranges  0x00000000000001c0       0x30 ../firmware_bsp/\libhal_bsp.a(altera_avalon_jtag_uart_init.o)
 .debug_ranges  0x00000000000001f0       0x18 ../firmware_bsp/\libhal_bsp.a(altera_avalon_jtag_uart_read.o)
 .debug_ranges  0x0000000000000208       0x28 ../firmware_bsp/\libhal_bsp.a(alt_irq_entry.o)
 .debug_ranges  0x0000000000000230       0x10 ../firmware_bsp/\libhal_bsp.a(alt_irq_handler.o)
 .debug_ranges  0x0000000000000240       0x30 ../firmware_bsp/\libhal_bsp.a(alt_exception_entry.o)
 .debug_ranges  0x0000000000000270       0x18 ../firmware_bsp/\libhal_bsp.a(alt_instruction_exception_entry.o)
 .debug_ranges  0x0000000000000288       0x10 c:/altera/16.0/nios2eds/bin/gnu/h-x86_64-mingw32/bin/../lib/gcc/nios2-elf/5.2.0/../../../../../H-x86_64-mingw32/nios2-elf/lib\libsmallc.a(lib_a-exit.o)
 .debug_ranges  0x0000000000000298       0x10 c:/altera/16.0/nios2eds/bin/gnu/h-x86_64-mingw32/bin/../lib/gcc/nios2-elf/5.2.0/../../../../../H-x86_64-mingw32/nios2-elf/lib\libsmallc.a(lib_a-memcmp.o)
 .debug_ranges  0x00000000000002a8       0x10 c:/altera/16.0/nios2eds/bin/gnu/h-x86_64-mingw32/bin/../lib/gcc/nios2-elf/5.2.0/../../../../../H-x86_64-mingw32/nios2-elf/lib\libsmallc.a(lib_a-memcpy.o)
 .debug_ranges  0x00000000000002b8       0x28 c:/altera/16.0/nios2eds/bin/gnu/h-x86_64-mingw32/bin/../lib/gcc/nios2-elf/5.2.0/../../../../../H-x86_64-mingw32/nios2-elf/lib\libsmallc.a(lib_a-__call_atexit.o)
