Archive member included to satisfy reference by file (symbol)

c:/altera/16.0/nios2eds/bin/gnu/h-x86_64-mingw32/bin/../lib/gcc/nios2-elf/5.2.0/../../../../../H-x86_64-mingw32/nios2-elf/lib\libsmallc.a(lib_a-printf.o)
                              obj/default/main.o (printf)
c:/altera/16.0/nios2eds/bin/gnu/h-x86_64-mingw32/bin/../lib/gcc/nios2-elf/5.2.0/../../../../../H-x86_64-mingw32/nios2-elf/lib\libsmallc.a(lib_a-vfprintf.o)
                              c:/altera/16.0/nios2eds/bin/gnu/h-x86_64-mingw32/bin/../lib/gcc/nios2-elf/5.2.0/../../../../../H-x86_64-mingw32/nios2-elf/lib\libsmallc.a(lib_a-printf.o) (___vfprintf_internal_r)
c:/altera/16.0/nios2eds/bin/gnu/h-x86_64-mingw32/bin/../lib/gcc/nios2-elf/5.2.0/../../../../../H-x86_64-mingw32/nios2-elf/lib\libsmallc.a(lib_a-fvwrite_small_dev.o)
                              c:/altera/16.0/nios2eds/bin/gnu/h-x86_64-mingw32/bin/../lib/gcc/nios2-elf/5.2.0/../../../../../H-x86_64-mingw32/nios2-elf/lib\libsmallc.a(lib_a-printf.o) (__sfvwrite_small_dev)
c:/altera/16.0/nios2eds/bin/gnu/h-x86_64-mingw32/bin/../lib/gcc/nios2-elf/5.2.0/../../../../../H-x86_64-mingw32/nios2-elf/lib\libsmallc.a(lib_a-impure.o)
                              c:/altera/16.0/nios2eds/bin/gnu/h-x86_64-mingw32/bin/../lib/gcc/nios2-elf/5.2.0/../../../../../H-x86_64-mingw32/nios2-elf/lib\libsmallc.a(lib_a-printf.o) (_impure_ptr)
c:/altera/16.0/nios2eds/bin/gnu/h-x86_64-mingw32/bin/../lib/gcc/nios2-elf/5.2.0/../../../../../H-x86_64-mingw32/nios2-elf/lib\libsmallc.a(lib_a-strlen.o)
                              c:/altera/16.0/nios2eds/bin/gnu/h-x86_64-mingw32/bin/../lib/gcc/nios2-elf/5.2.0/../../../../../H-x86_64-mingw32/nios2-elf/lib\libsmallc.a(lib_a-vfprintf.o) (strlen)
c:/altera/16.0/nios2eds/bin/gnu/h-x86_64-mingw32/bin/../lib/gcc/nios2-elf/5.2.0/../../../../../H-x86_64-mingw32/nios2-elf/lib\libsmallc.a(lib_a-writer.o)
                              c:/altera/16.0/nios2eds/bin/gnu/h-x86_64-mingw32/bin/../lib/gcc/nios2-elf/5.2.0/../../../../../H-x86_64-mingw32/nios2-elf/lib\libsmallc.a(lib_a-fvwrite_small_dev.o) (_write_r)
c:/altera/16.0/nios2eds/bin/gnu/h-x86_64-mingw32/bin/../lib/gcc/nios2-elf/5.2.0/../../../../../H-x86_64-mingw32/nios2-elf/lib\libsmallc.a(lib_a-int_errno.o)
                              c:/altera/16.0/nios2eds/bin/gnu/h-x86_64-mingw32/bin/../lib/gcc/nios2-elf/5.2.0/../../../../../H-x86_64-mingw32/nios2-elf/lib\libsmallc.a(lib_a-writer.o) (errno)
c:/altera/16.0/nios2eds/bin/gnu/h-x86_64-mingw32/bin/../lib/gcc/nios2-elf/5.2.0\libgcc.a(lib2-divmod.o)
                              c:/altera/16.0/nios2eds/bin/gnu/h-x86_64-mingw32/bin/../lib/gcc/nios2-elf/5.2.0/../../../../../H-x86_64-mingw32/nios2-elf/lib\libsmallc.a(lib_a-vfprintf.o) (__udivsi3)
../audio-test2_bsp/\libhal_bsp.a(alt_load.o)
                              ../audio-test2_bsp//obj/HAL/src/crt0.o (alt_load)
../audio-test2_bsp/\libhal_bsp.a(alt_main.o)
                              ../audio-test2_bsp//obj/HAL/src/crt0.o (alt_main)
../audio-test2_bsp/\libhal_bsp.a(alt_write.o)
                              c:/altera/16.0/nios2eds/bin/gnu/h-x86_64-mingw32/bin/../lib/gcc/nios2-elf/5.2.0/../../../../../H-x86_64-mingw32/nios2-elf/lib\libsmallc.a(lib_a-writer.o) (write)
../audio-test2_bsp/\libhal_bsp.a(alt_sys_init.o)
                              ../audio-test2_bsp/\libhal_bsp.a(alt_main.o) (alt_irq_init)
../audio-test2_bsp/\libhal_bsp.a(altera_avalon_jtag_uart_fd.o)
                              ../audio-test2_bsp/\libhal_bsp.a(alt_sys_init.o) (altera_avalon_jtag_uart_read_fd)
../audio-test2_bsp/\libhal_bsp.a(altera_avalon_jtag_uart_init.o)
                              ../audio-test2_bsp/\libhal_bsp.a(alt_sys_init.o) (altera_avalon_jtag_uart_init)
../audio-test2_bsp/\libhal_bsp.a(altera_avalon_jtag_uart_ioctl.o)
                              ../audio-test2_bsp/\libhal_bsp.a(altera_avalon_jtag_uart_fd.o) (altera_avalon_jtag_uart_ioctl)
../audio-test2_bsp/\libhal_bsp.a(altera_avalon_jtag_uart_read.o)
                              ../audio-test2_bsp/\libhal_bsp.a(altera_avalon_jtag_uart_fd.o) (altera_avalon_jtag_uart_read)
../audio-test2_bsp/\libhal_bsp.a(altera_avalon_jtag_uart_write.o)
                              ../audio-test2_bsp/\libhal_bsp.a(altera_avalon_jtag_uart_fd.o) (altera_avalon_jtag_uart_write)
../audio-test2_bsp/\libhal_bsp.a(alt_alarm_start.o)
                              ../audio-test2_bsp/\libhal_bsp.a(altera_avalon_jtag_uart_init.o) (alt_alarm_start)
../audio-test2_bsp/\libhal_bsp.a(alt_close.o)
                              ../audio-test2_bsp/\libhal_bsp.a(alt_main.o) (close)
../audio-test2_bsp/\libhal_bsp.a(alt_dcache_flush_all.o)
                              ../audio-test2_bsp/\libhal_bsp.a(alt_load.o) (alt_dcache_flush_all)
../audio-test2_bsp/\libhal_bsp.a(alt_dev.o)
                              ../audio-test2_bsp/\libhal_bsp.a(alt_sys_init.o) (alt_dev_list)
../audio-test2_bsp/\libhal_bsp.a(alt_dev_llist_insert.o)
                              ../audio-test2_bsp/\libhal_bsp.a(alt_sys_init.o) (alt_dev_llist_insert)
../audio-test2_bsp/\libhal_bsp.a(alt_errno.o)
                              ../audio-test2_bsp/\libhal_bsp.a(alt_write.o) (alt_errno)
../audio-test2_bsp/\libhal_bsp.a(alt_icache_flush_all.o)
                              ../audio-test2_bsp/\libhal_bsp.a(alt_load.o) (alt_icache_flush_all)
../audio-test2_bsp/\libhal_bsp.a(alt_io_redirect.o)
                              ../audio-test2_bsp/\libhal_bsp.a(alt_main.o) (alt_io_redirect)
../audio-test2_bsp/\libhal_bsp.a(alt_irq_register.o)
                              ../audio-test2_bsp/\libhal_bsp.a(altera_avalon_jtag_uart_init.o) (alt_irq_register)
../audio-test2_bsp/\libhal_bsp.a(alt_irq_vars.o)
                              ../audio-test2_bsp/\libhal_bsp.a(alt_irq_register.o) (alt_irq_active)
../audio-test2_bsp/\libhal_bsp.a(alt_open.o)
                              ../audio-test2_bsp/\libhal_bsp.a(alt_io_redirect.o) (open)
../audio-test2_bsp/\libhal_bsp.a(alt_release_fd.o)
                              ../audio-test2_bsp/\libhal_bsp.a(alt_close.o) (alt_release_fd)
../audio-test2_bsp/\libhal_bsp.a(alt_tick.o)
                              ../audio-test2_bsp/\libhal_bsp.a(altera_avalon_jtag_uart_init.o) (_alt_tick_rate)
../audio-test2_bsp/\libhal_bsp.a(altera_nios2_gen2_irq.o)
                              ../audio-test2_bsp/\libhal_bsp.a(alt_sys_init.o) (altera_nios2_gen2_irq_init)
../audio-test2_bsp/\libhal_bsp.a(alt_find_dev.o)
                              ../audio-test2_bsp/\libhal_bsp.a(alt_open.o) (alt_find_dev)
../audio-test2_bsp/\libhal_bsp.a(alt_find_file.o)
                              ../audio-test2_bsp/\libhal_bsp.a(alt_open.o) (alt_find_file)
../audio-test2_bsp/\libhal_bsp.a(alt_get_fd.o)
                              ../audio-test2_bsp/\libhal_bsp.a(alt_open.o) (alt_get_fd)
../audio-test2_bsp/\libhal_bsp.a(alt_icache_flush.o)
                              ../audio-test2_bsp/\libhal_bsp.a(alt_icache_flush_all.o) (alt_icache_flush)
../audio-test2_bsp/\libhal_bsp.a(alt_irq_entry.o)
                              ../audio-test2_bsp/\libhal_bsp.a(alt_irq_register.o) (alt_irq_entry)
../audio-test2_bsp/\libhal_bsp.a(alt_irq_handler.o)
                              ../audio-test2_bsp/\libhal_bsp.a(alt_irq_register.o) (alt_irq)
../audio-test2_bsp/\libhal_bsp.a(alt_exception_entry.o)
                              ../audio-test2_bsp/\libhal_bsp.a(alt_irq_entry.o) (alt_exception)
../audio-test2_bsp/\libhal_bsp.a(alt_instruction_exception_entry.o)
                              ../audio-test2_bsp/\libhal_bsp.a(alt_exception_entry.o) (alt_instruction_exception_entry)
c:/altera/16.0/nios2eds/bin/gnu/h-x86_64-mingw32/bin/../lib/gcc/nios2-elf/5.2.0/../../../../../H-x86_64-mingw32/nios2-elf/lib\libsmallc.a(lib_a-exit.o)
                              ../audio-test2_bsp/\libhal_bsp.a(alt_main.o) (exit)
c:/altera/16.0/nios2eds/bin/gnu/h-x86_64-mingw32/bin/../lib/gcc/nios2-elf/5.2.0/../../../../../H-x86_64-mingw32/nios2-elf/lib\libsmallc.a(lib_a-memcmp.o)
                              ../audio-test2_bsp/\libhal_bsp.a(alt_find_dev.o) (memcmp)
c:/altera/16.0/nios2eds/bin/gnu/h-x86_64-mingw32/bin/../lib/gcc/nios2-elf/5.2.0/../../../../../H-x86_64-mingw32/nios2-elf/lib\libsmallc.a(lib_a-memcpy.o)
                              ../audio-test2_bsp/\libhal_bsp.a(altera_avalon_jtag_uart_read.o) (memcpy)
c:/altera/16.0/nios2eds/bin/gnu/h-x86_64-mingw32/bin/../lib/gcc/nios2-elf/5.2.0/../../../../../H-x86_64-mingw32/nios2-elf/lib\libsmallc.a(lib_a-__call_atexit.o)
                              c:/altera/16.0/nios2eds/bin/gnu/h-x86_64-mingw32/bin/../lib/gcc/nios2-elf/5.2.0/../../../../../H-x86_64-mingw32/nios2-elf/lib\libsmallc.a(lib_a-exit.o) (__call_exitprocs)
../audio-test2_bsp/\libhal_bsp.a(alt_exit.o)
                              c:/altera/16.0/nios2eds/bin/gnu/h-x86_64-mingw32/bin/../lib/gcc/nios2-elf/5.2.0/../../../../../H-x86_64-mingw32/nios2-elf/lib\libsmallc.a(lib_a-exit.o) (_exit)

Allocating common symbols
Common symbol       size              file

alt_irq             0x100             ../audio-test2_bsp/\libhal_bsp.a(alt_irq_handler.o)
errno               0x4               c:/altera/16.0/nios2eds/bin/gnu/h-x86_64-mingw32/bin/../lib/gcc/nios2-elf/5.2.0/../../../../../H-x86_64-mingw32/nios2-elf/lib\libsmallc.a(lib_a-int_errno.o)

Memory Configuration

Name             Origin             Length             Attributes
reset            0x0000000001008000 0x0000000000000020
onchip_memory2_0 0x0000000001008020 0x0000000000007fe0
*default*        0x0000000000000000 0xffffffffffffffff

Linker script and memory map

LOAD ../audio-test2_bsp//obj/HAL/src/crt0.o
LOAD obj/default/main.o
LOAD c:/altera/16.0/nios2eds/bin/gnu/h-x86_64-mingw32/bin/../lib/gcc/nios2-elf/5.2.0/../../../../../H-x86_64-mingw32/nios2-elf/lib\libstdc++.a
LOAD c:/altera/16.0/nios2eds/bin/gnu/h-x86_64-mingw32/bin/../lib/gcc/nios2-elf/5.2.0/../../../../../H-x86_64-mingw32/nios2-elf/lib\libm.a
LOAD c:/altera/16.0/nios2eds/bin/gnu/h-x86_64-mingw32/bin/../lib/gcc/nios2-elf/5.2.0\libgcc.a
START GROUP
LOAD c:/altera/16.0/nios2eds/bin/gnu/h-x86_64-mingw32/bin/../lib/gcc/nios2-elf/5.2.0/../../../../../H-x86_64-mingw32/nios2-elf/lib\libsmallc.a
LOAD c:/altera/16.0/nios2eds/bin/gnu/h-x86_64-mingw32/bin/../lib/gcc/nios2-elf/5.2.0\libgcc.a
LOAD ../audio-test2_bsp/\libhal_bsp.a
LOAD c:/altera/16.0/nios2eds/bin/gnu/h-x86_64-mingw32/bin/../lib/gcc/nios2-elf/5.2.0/../../../../../H-x86_64-mingw32/nios2-elf/lib\libm.a
END GROUP
LOAD c:/altera/16.0/nios2eds/bin/gnu/h-x86_64-mingw32/bin/../lib/gcc/nios2-elf/5.2.0\libgcc.a
                0x0000000001008000                __alt_mem_onchip_memory2_0 = 0x1008000

.entry          0x0000000001008000       0x20
 *(.entry)
 .entry         0x0000000001008000       0x20 ../audio-test2_bsp//obj/HAL/src/crt0.o
                0x0000000001008000                __reset

.exceptions     0x0000000001008020      0x228
                0x0000000001008020                PROVIDE (__ram_exceptions_start, ABSOLUTE (.))
                0x0000000001008020                . = ALIGN (0x20)
 *(.irq)
 *(.exceptions.entry.label)
 .exceptions.entry.label
                0x0000000001008020        0x0 ../audio-test2_bsp/\libhal_bsp.a(alt_irq_entry.o)
                0x0000000001008020                alt_irq_entry
 .exceptions.entry.label
                0x0000000001008020        0x0 ../audio-test2_bsp/\libhal_bsp.a(alt_exception_entry.o)
                0x0000000001008020                alt_exception
 *(.exceptions.entry.user)
 *(.exceptions.entry.ecc_fatal)
 *(.exceptions.entry)
 .exceptions.entry
                0x0000000001008020       0x54 ../audio-test2_bsp/\libhal_bsp.a(alt_exception_entry.o)
 *(.exceptions.irqtest.user)
 *(.exceptions.irqtest)
 .exceptions.irqtest
                0x0000000001008074       0x10 ../audio-test2_bsp/\libhal_bsp.a(alt_irq_entry.o)
 *(.exceptions.irqhandler.user)
 *(.exceptions.irqhandler)
 .exceptions.irqhandler
                0x0000000001008084        0x4 ../audio-test2_bsp/\libhal_bsp.a(alt_irq_entry.o)
 *(.exceptions.irqreturn.user)
 *(.exceptions.irqreturn)
 .exceptions.irqreturn
                0x0000000001008088        0x4 ../audio-test2_bsp/\libhal_bsp.a(alt_irq_entry.o)
 *(.exceptions.notirq.label)
 .exceptions.notirq.label
                0x000000000100808c        0x0 ../audio-test2_bsp/\libhal_bsp.a(alt_irq_entry.o)
 *(.exceptions.notirq.user)
 *(.exceptions.notirq)
 .exceptions.notirq
                0x000000000100808c        0x8 ../audio-test2_bsp/\libhal_bsp.a(alt_exception_entry.o)
 *(.exceptions.soft.user)
 *(.exceptions.soft)
 *(.exceptions.unknown.user)
 *(.exceptions.unknown)
 .exceptions.unknown
                0x0000000001008094       0x14 ../audio-test2_bsp/\libhal_bsp.a(alt_exception_entry.o)
 *(.exceptions.exit.label)
 .exceptions.exit.label
                0x00000000010080a8        0x0 ../audio-test2_bsp/\libhal_bsp.a(alt_irq_entry.o)
 .exceptions.exit.label
                0x00000000010080a8        0x0 ../audio-test2_bsp/\libhal_bsp.a(alt_exception_entry.o)
 *(.exceptions.exit.user)
 *(.exceptions.exit)
 .exceptions.exit
                0x00000000010080a8       0x54 ../audio-test2_bsp/\libhal_bsp.a(alt_exception_entry.o)
 *(.exceptions)
 .exceptions    0x00000000010080fc       0xd8 ../audio-test2_bsp/\libhal_bsp.a(alt_irq_handler.o)
                0x00000000010080fc                alt_irq_handler
 .exceptions    0x00000000010081d4       0x74 ../audio-test2_bsp/\libhal_bsp.a(alt_instruction_exception_entry.o)
                0x00000000010081d4                alt_instruction_exception_entry
                0x0000000001008248                PROVIDE (__ram_exceptions_end, ABSOLUTE (.))
                0x0000000001008020                PROVIDE (__flash_exceptions_start, LOADADDR (.exceptions))

.text           0x0000000001008248     0x28b8
                [!provide]                        PROVIDE (stext, ABSOLUTE (.))
 *(.interp)
 *(.hash)
 *(.dynsym)
 *(.dynstr)
 *(.gnu.version)
 *(.gnu.version_d)
 *(.gnu.version_r)
 *(.rel.init)
 *(.rela.init)
 *(.rel.text .rel.text.* .rel.gnu.linkonce.t.*)
 *(.rela.text .rela.text.* .rela.gnu.linkonce.t.*)
 *(.rel.fini)
 *(.rela.fini)
 *(.rel.rodata .rel.rodata.* .rel.gnu.linkonce.r.*)
 *(.rela.rodata .rela.rodata.* .rela.gnu.linkonce.r.*)
 *(.rel.data .rel.data.* .rel.gnu.linkonce.d.*)
 *(.rela.data .rela.data.* .rela.gnu.linkonce.d.*)
 *(.rel.tdata .rel.tdata.* .rel.gnu.linkonce.td.*)
 *(.rela.tdata .rela.tdata.* .rela.gnu.linkonce.td.*)
 *(.rel.tbss .rel.tbss.* .rel.gnu.linkonce.tb.*)
 *(.rela.tbss .rela.tbss.* .rela.gnu.linkonce.tb.*)
 *(.rel.ctors)
 *(.rela.ctors)
 *(.rel.dtors)
 *(.rela.dtors)
 *(.rel.got)
 *(.rela.got)
 *(.rel.sdata .rel.sdata.* .rel.gnu.linkonce.s.*)
 *(.rela.sdata .rela.sdata.* .rela.gnu.linkonce.s.*)
 *(.rel.sbss .rel.sbss.* .rel.gnu.linkonce.sb.*)
 *(.rela.sbss .rela.sbss.* .rela.gnu.linkonce.sb.*)
 *(.rel.sdata2 .rel.sdata2.* .rel.gnu.linkonce.s2.*)
 *(.rela.sdata2 .rela.sdata2.* .rela.gnu.linkonce.s2.*)
 *(.rel.sbss2 .rel.sbss2.* .rel.gnu.linkonce.sb2.*)
 *(.rela.sbss2 .rela.sbss2.* .rela.gnu.linkonce.sb2.*)
 *(.rel.bss .rel.bss.* .rel.gnu.linkonce.b.*)
 *(.rela.bss .rela.bss.* .rela.gnu.linkonce.b.*)
 *(.rel.plt)
 *(.rela.plt)
 *(.rel.dyn)
 *(.init)
 *(.plt)
 *(.text .stub .text.* .gnu.linkonce.t.*)
 .text          0x0000000001008248       0x4c ../audio-test2_bsp//obj/HAL/src/crt0.o
                0x0000000001008248                _start
 .text          0x0000000001008294       0x34 obj/default/main.o
                0x0000000001008294                main
 .text          0x00000000010082c8        0x0 c:/altera/16.0/nios2eds/bin/gnu/h-x86_64-mingw32/bin/../lib/gcc/nios2-elf/5.2.0/../../../../../H-x86_64-mingw32/nios2-elf/lib\libsmallc.a(lib_a-printf.o)
 .text._printf_r
                0x00000000010082c8       0x3c c:/altera/16.0/nios2eds/bin/gnu/h-x86_64-mingw32/bin/../lib/gcc/nios2-elf/5.2.0/../../../../../H-x86_64-mingw32/nios2-elf/lib\libsmallc.a(lib_a-printf.o)
                0x00000000010082c8                _printf_r
 .text.printf   0x0000000001008304       0x4c c:/altera/16.0/nios2eds/bin/gnu/h-x86_64-mingw32/bin/../lib/gcc/nios2-elf/5.2.0/../../../../../H-x86_64-mingw32/nios2-elf/lib\libsmallc.a(lib_a-printf.o)
                0x0000000001008304                printf
 .text          0x0000000001008350        0x0 c:/altera/16.0/nios2eds/bin/gnu/h-x86_64-mingw32/bin/../lib/gcc/nios2-elf/5.2.0/../../../../../H-x86_64-mingw32/nios2-elf/lib\libsmallc.a(lib_a-vfprintf.o)
 .text.print_repeat
                0x0000000001008350       0x6c c:/altera/16.0/nios2eds/bin/gnu/h-x86_64-mingw32/bin/../lib/gcc/nios2-elf/5.2.0/../../../../../H-x86_64-mingw32/nios2-elf/lib\libsmallc.a(lib_a-vfprintf.o)
 .text.___vfprintf_internal_r
                0x00000000010083bc      0x524 c:/altera/16.0/nios2eds/bin/gnu/h-x86_64-mingw32/bin/../lib/gcc/nios2-elf/5.2.0/../../../../../H-x86_64-mingw32/nios2-elf/lib\libsmallc.a(lib_a-vfprintf.o)
                0x00000000010083bc                ___vfprintf_internal_r
 .text.__vfprintf_internal
                0x00000000010088e0       0x1c c:/altera/16.0/nios2eds/bin/gnu/h-x86_64-mingw32/bin/../lib/gcc/nios2-elf/5.2.0/../../../../../H-x86_64-mingw32/nios2-elf/lib\libsmallc.a(lib_a-vfprintf.o)
                0x00000000010088e0                __vfprintf_internal
 .text          0x00000000010088fc        0x0 c:/altera/16.0/nios2eds/bin/gnu/h-x86_64-mingw32/bin/../lib/gcc/nios2-elf/5.2.0/../../../../../H-x86_64-mingw32/nios2-elf/lib\libsmallc.a(lib_a-fvwrite_small_dev.o)
 .text.__sfvwrite_small_dev
                0x00000000010088fc       0xb8 c:/altera/16.0/nios2eds/bin/gnu/h-x86_64-mingw32/bin/../lib/gcc/nios2-elf/5.2.0/../../../../../H-x86_64-mingw32/nios2-elf/lib\libsmallc.a(lib_a-fvwrite_small_dev.o)
                0x00000000010088fc                __sfvwrite_small_dev
 .text          0x00000000010089b4        0x0 c:/altera/16.0/nios2eds/bin/gnu/h-x86_64-mingw32/bin/../lib/gcc/nios2-elf/5.2.0/../../../../../H-x86_64-mingw32/nios2-elf/lib\libsmallc.a(lib_a-impure.o)
 .text          0x00000000010089b4        0x0 c:/altera/16.0/nios2eds/bin/gnu/h-x86_64-mingw32/bin/../lib/gcc/nios2-elf/5.2.0/../../../../../H-x86_64-mingw32/nios2-elf/lib\libsmallc.a(lib_a-strlen.o)
 .text.strlen   0x00000000010089b4       0x1c c:/altera/16.0/nios2eds/bin/gnu/h-x86_64-mingw32/bin/../lib/gcc/nios2-elf/5.2.0/../../../../../H-x86_64-mingw32/nios2-elf/lib\libsmallc.a(lib_a-strlen.o)
                0x00000000010089b4                strlen
 .text          0x00000000010089d0        0x0 c:/altera/16.0/nios2eds/bin/gnu/h-x86_64-mingw32/bin/../lib/gcc/nios2-elf/5.2.0/../../../../../H-x86_64-mingw32/nios2-elf/lib\libsmallc.a(lib_a-writer.o)
 .text._write_r
                0x00000000010089d0       0x58 c:/altera/16.0/nios2eds/bin/gnu/h-x86_64-mingw32/bin/../lib/gcc/nios2-elf/5.2.0/../../../../../H-x86_64-mingw32/nios2-elf/lib\libsmallc.a(lib_a-writer.o)
                0x00000000010089d0                _write_r
 .text          0x0000000001008a28        0x0 c:/altera/16.0/nios2eds/bin/gnu/h-x86_64-mingw32/bin/../lib/gcc/nios2-elf/5.2.0/../../../../../H-x86_64-mingw32/nios2-elf/lib\libsmallc.a(lib_a-int_errno.o)
 .text          0x0000000001008a28      0x1b4 c:/altera/16.0/nios2eds/bin/gnu/h-x86_64-mingw32/bin/../lib/gcc/nios2-elf/5.2.0\libgcc.a(lib2-divmod.o)
                0x0000000001008a28                __divsi3
                0x0000000001008aac                __modsi3
                0x0000000001008b20                __udivsi3
                0x0000000001008b84                __umodsi3
 .text          0x0000000001008bdc       0xec ../audio-test2_bsp/\libhal_bsp.a(alt_load.o)
                0x0000000001008c44                alt_load
 .text          0x0000000001008cc8       0x6c ../audio-test2_bsp/\libhal_bsp.a(alt_main.o)
                0x0000000001008cc8                alt_main
 .text          0x0000000001008d34      0x148 ../audio-test2_bsp/\libhal_bsp.a(alt_write.o)
                0x0000000001008d84                write
 .text          0x0000000001008e7c       0xc8 ../audio-test2_bsp/\libhal_bsp.a(alt_sys_init.o)
                0x0000000001008eb4                alt_irq_init
                0x0000000001008eec                alt_sys_init
 .text          0x0000000001008f44      0x164 ../audio-test2_bsp/\libhal_bsp.a(altera_avalon_jtag_uart_fd.o)
                0x0000000001008f44                altera_avalon_jtag_uart_read_fd
                0x0000000001008fa4                altera_avalon_jtag_uart_write_fd
                0x0000000001009004                altera_avalon_jtag_uart_close_fd
                0x0000000001009054                altera_avalon_jtag_uart_ioctl_fd
 .text          0x00000000010090a8      0x3dc ../audio-test2_bsp/\libhal_bsp.a(altera_avalon_jtag_uart_init.o)
                0x00000000010090a8                altera_avalon_jtag_uart_init
                0x000000000100941c                altera_avalon_jtag_uart_close
 .text          0x0000000001009484       0xf0 ../audio-test2_bsp/\libhal_bsp.a(altera_avalon_jtag_uart_ioctl.o)
                0x0000000001009484                altera_avalon_jtag_uart_ioctl
 .text          0x0000000001009574      0x21c ../audio-test2_bsp/\libhal_bsp.a(altera_avalon_jtag_uart_read.o)
                0x0000000001009574                altera_avalon_jtag_uart_read
 .text          0x0000000001009790      0x224 ../audio-test2_bsp/\libhal_bsp.a(altera_avalon_jtag_uart_write.o)
                0x0000000001009790                altera_avalon_jtag_uart_write
 .text          0x00000000010099b4      0x140 ../audio-test2_bsp/\libhal_bsp.a(alt_alarm_start.o)
                0x00000000010099b4                alt_alarm_start
 .text          0x0000000001009af4      0x120 ../audio-test2_bsp/\libhal_bsp.a(alt_close.o)
                0x0000000001009b44                close
 .text          0x0000000001009c14       0x48 ../audio-test2_bsp/\libhal_bsp.a(alt_dcache_flush_all.o)
                0x0000000001009c14                alt_dcache_flush_all
 .text          0x0000000001009c5c       0x2c ../audio-test2_bsp/\libhal_bsp.a(alt_dev.o)
 .text          0x0000000001009c88       0xf4 ../audio-test2_bsp/\libhal_bsp.a(alt_dev_llist_insert.o)
                0x0000000001009cd8                alt_dev_llist_insert
 .text          0x0000000001009d7c        0x0 ../audio-test2_bsp/\libhal_bsp.a(alt_errno.o)
 .text          0x0000000001009d7c       0x34 ../audio-test2_bsp/\libhal_bsp.a(alt_icache_flush_all.o)
                0x0000000001009d7c                alt_icache_flush_all
 .text          0x0000000001009db0      0x140 ../audio-test2_bsp/\libhal_bsp.a(alt_io_redirect.o)
                0x0000000001009e74                alt_io_redirect
 .text          0x0000000001009ef0      0x1b0 ../audio-test2_bsp/\libhal_bsp.a(alt_irq_register.o)
                0x0000000001009ef0                alt_irq_register
 .text          0x000000000100a0a0        0x0 ../audio-test2_bsp/\libhal_bsp.a(alt_irq_vars.o)
 .text          0x000000000100a0a0      0x274 ../audio-test2_bsp/\libhal_bsp.a(alt_open.o)
                0x000000000100a1bc                open
 .text          0x000000000100a314       0x64 ../audio-test2_bsp/\libhal_bsp.a(alt_release_fd.o)
                0x000000000100a314                alt_release_fd
 .text          0x000000000100a378      0x1a4 ../audio-test2_bsp/\libhal_bsp.a(alt_tick.o)
                0x000000000100a378                alt_alarm_stop
                0x000000000100a414                alt_tick
 .text          0x000000000100a51c       0x24 ../audio-test2_bsp/\libhal_bsp.a(altera_nios2_gen2_irq.o)
                0x000000000100a51c                altera_nios2_gen2_irq_init
 .text          0x000000000100a540       0x90 ../audio-test2_bsp/\libhal_bsp.a(alt_find_dev.o)
                0x000000000100a540                alt_find_dev
 .text          0x000000000100a5d0      0x114 ../audio-test2_bsp/\libhal_bsp.a(alt_find_file.o)
                0x000000000100a5d0                alt_find_file
 .text          0x000000000100a6e4       0xb4 ../audio-test2_bsp/\libhal_bsp.a(alt_get_fd.o)
                0x000000000100a6e4                alt_get_fd
 .text          0x000000000100a798       0x90 ../audio-test2_bsp/\libhal_bsp.a(alt_icache_flush.o)
                0x000000000100a798                alt_icache_flush
 .text          0x000000000100a828        0x0 ../audio-test2_bsp/\libhal_bsp.a(alt_irq_entry.o)
 .text          0x000000000100a828        0x0 ../audio-test2_bsp/\libhal_bsp.a(alt_irq_handler.o)
 .text          0x000000000100a828        0x0 ../audio-test2_bsp/\libhal_bsp.a(alt_exception_entry.o)
 .text          0x000000000100a828       0x9c ../audio-test2_bsp/\libhal_bsp.a(alt_instruction_exception_entry.o)
                0x000000000100a828                alt_exception_cause_generated_bad_addr
 .text          0x000000000100a8c4        0x0 c:/altera/16.0/nios2eds/bin/gnu/h-x86_64-mingw32/bin/../lib/gcc/nios2-elf/5.2.0/../../../../../H-x86_64-mingw32/nios2-elf/lib\libsmallc.a(lib_a-exit.o)
 .text.exit     0x000000000100a8c4       0x20 c:/altera/16.0/nios2eds/bin/gnu/h-x86_64-mingw32/bin/../lib/gcc/nios2-elf/5.2.0/../../../../../H-x86_64-mingw32/nios2-elf/lib\libsmallc.a(lib_a-exit.o)
                0x000000000100a8c4                exit
 .text          0x000000000100a8e4        0x0 c:/altera/16.0/nios2eds/bin/gnu/h-x86_64-mingw32/bin/../lib/gcc/nios2-elf/5.2.0/../../../../../H-x86_64-mingw32/nios2-elf/lib\libsmallc.a(lib_a-memcmp.o)
 .text.memcmp   0x000000000100a8e4       0x30 c:/altera/16.0/nios2eds/bin/gnu/h-x86_64-mingw32/bin/../lib/gcc/nios2-elf/5.2.0/../../../../../H-x86_64-mingw32/nios2-elf/lib\libsmallc.a(lib_a-memcmp.o)
                0x000000000100a8e4                memcmp
 .text          0x000000000100a914        0x0 c:/altera/16.0/nios2eds/bin/gnu/h-x86_64-mingw32/bin/../lib/gcc/nios2-elf/5.2.0/../../../../../H-x86_64-mingw32/nios2-elf/lib\libsmallc.a(lib_a-memcpy.o)
 .text.memcpy   0x000000000100a914       0x28 c:/altera/16.0/nios2eds/bin/gnu/h-x86_64-mingw32/bin/../lib/gcc/nios2-elf/5.2.0/../../../../../H-x86_64-mingw32/nios2-elf/lib\libsmallc.a(lib_a-memcpy.o)
                0x000000000100a914                memcpy
 .text          0x000000000100a93c        0x0 c:/altera/16.0/nios2eds/bin/gnu/h-x86_64-mingw32/bin/../lib/gcc/nios2-elf/5.2.0/../../../../../H-x86_64-mingw32/nios2-elf/lib\libsmallc.a(lib_a-__call_atexit.o)
 .text.__call_exitprocs
                0x000000000100a93c      0x190 c:/altera/16.0/nios2eds/bin/gnu/h-x86_64-mingw32/bin/../lib/gcc/nios2-elf/5.2.0/../../../../../H-x86_64-mingw32/nios2-elf/lib\libsmallc.a(lib_a-__call_atexit.o)
                0x000000000100a93c                __call_exitprocs
 .text          0x000000000100aacc       0x34 ../audio-test2_bsp/\libhal_bsp.a(alt_exit.o)
                0x000000000100aacc                _exit
 *(.gnu.warning.*)
 *(.fini)
                [!provide]                        PROVIDE (__etext, ABSOLUTE (.))
                [!provide]                        PROVIDE (_etext, ABSOLUTE (.))
                [!provide]                        PROVIDE (etext, ABSOLUTE (.))
 *(.eh_frame_hdr)
                0x000000000100ab00                . = ALIGN (0x4)
                [!provide]                        PROVIDE (__preinit_array_start, ABSOLUTE (.))
 *(.preinit_array)
                [!provide]                        PROVIDE (__preinit_array_end, ABSOLUTE (.))
                [!provide]                        PROVIDE (__init_array_start, ABSOLUTE (.))
 *(.init_array)
                [!provide]                        PROVIDE (__init_array_end, ABSOLUTE (.))
                [!provide]                        PROVIDE (__fini_array_start, ABSOLUTE (.))
 *(.fini_array)
                [!provide]                        PROVIDE (__fini_array_end, ABSOLUTE (.))
 *(.eh_frame)
 *(.gcc_except_table .gcc_except_table.*)
 *(.dynamic)
                [!provide]                        PROVIDE (__CTOR_LIST__, ABSOLUTE (.))
 *(.ctors)
 *(SORT(.ctors.*))
                [!provide]                        PROVIDE (__CTOR_END__, ABSOLUTE (.))
                [!provide]                        PROVIDE (__DTOR_LIST__, ABSOLUTE (.))
 *(.dtors)
 *(SORT(.dtors.*))
                [!provide]                        PROVIDE (__DTOR_END__, ABSOLUTE (.))
 *(.jcr)
                0x000000000100ab00                . = ALIGN (0x4)

.rodata         0x000000000100ab00       0x4c
                0x000000000100ab00                PROVIDE (__ram_rodata_start, ABSOLUTE (.))
                0x000000000100ab00                . = ALIGN (0x4)
 *(.rodata .rodata.* .gnu.linkonce.r.*)
 .rodata        0x000000000100ab00        0x7 obj/default/main.o
 *fill*         0x000000000100ab07        0x1 
 .rodata        0x000000000100ab08       0x11 ../audio-test2_bsp/\libhal_bsp.a(alt_main.o)
 *fill*         0x000000000100ab19        0x3 
 .rodata        0x000000000100ab1c       0x21 ../audio-test2_bsp/\libhal_bsp.a(alt_sys_init.o)
 *fill*         0x000000000100ab3d        0x3 
 .rodata        0x000000000100ab40        0xa ../audio-test2_bsp/\libhal_bsp.a(alt_dev.o)
 *(.rodata1)
                0x000000000100ab4c                . = ALIGN (0x4)
 *fill*         0x000000000100ab4a        0x2 
                0x000000000100ab4c                PROVIDE (__ram_rodata_end, ABSOLUTE (.))
                0x000000000100ab00                PROVIDE (__flash_rodata_start, LOADADDR (.rodata))

.rwdata         0x000000000100ab4c     0x1344 load address 0x000000000100be90
                0x000000000100ab4c                PROVIDE (__ram_rwdata_start, ABSOLUTE (.))
                0x000000000100ab4c                . = ALIGN (0x4)
 *(.got.plt)
 *(.got)
 *(.data1)
 *(.data .data.* .gnu.linkonce.d.*)
 .data          0x000000000100ab4c        0x0 ../audio-test2_bsp//obj/HAL/src/crt0.o
 .data          0x000000000100ab4c        0x0 obj/default/main.o
 .data          0x000000000100ab4c        0x0 c:/altera/16.0/nios2eds/bin/gnu/h-x86_64-mingw32/bin/../lib/gcc/nios2-elf/5.2.0/../../../../../H-x86_64-mingw32/nios2-elf/lib\libsmallc.a(lib_a-printf.o)
 .data          0x000000000100ab4c        0x0 c:/altera/16.0/nios2eds/bin/gnu/h-x86_64-mingw32/bin/../lib/gcc/nios2-elf/5.2.0/../../../../../H-x86_64-mingw32/nios2-elf/lib\libsmallc.a(lib_a-vfprintf.o)
 .data          0x000000000100ab4c        0x0 c:/altera/16.0/nios2eds/bin/gnu/h-x86_64-mingw32/bin/../lib/gcc/nios2-elf/5.2.0/../../../../../H-x86_64-mingw32/nios2-elf/lib\libsmallc.a(lib_a-fvwrite_small_dev.o)
 .data          0x000000000100ab4c        0x0 c:/altera/16.0/nios2eds/bin/gnu/h-x86_64-mingw32/bin/../lib/gcc/nios2-elf/5.2.0/../../../../../H-x86_64-mingw32/nios2-elf/lib\libsmallc.a(lib_a-impure.o)
 .data.impure_data
                0x000000000100ab4c       0xe0 c:/altera/16.0/nios2eds/bin/gnu/h-x86_64-mingw32/bin/../lib/gcc/nios2-elf/5.2.0/../../../../../H-x86_64-mingw32/nios2-elf/lib\libsmallc.a(lib_a-impure.o)
 .data          0x000000000100ac2c        0x0 c:/altera/16.0/nios2eds/bin/gnu/h-x86_64-mingw32/bin/../lib/gcc/nios2-elf/5.2.0/../../../../../H-x86_64-mingw32/nios2-elf/lib\libsmallc.a(lib_a-strlen.o)
 .data          0x000000000100ac2c        0x0 c:/altera/16.0/nios2eds/bin/gnu/h-x86_64-mingw32/bin/../lib/gcc/nios2-elf/5.2.0/../../../../../H-x86_64-mingw32/nios2-elf/lib\libsmallc.a(lib_a-writer.o)
 .data          0x000000000100ac2c        0x0 c:/altera/16.0/nios2eds/bin/gnu/h-x86_64-mingw32/bin/../lib/gcc/nios2-elf/5.2.0/../../../../../H-x86_64-mingw32/nios2-elf/lib\libsmallc.a(lib_a-int_errno.o)
 .data          0x000000000100ac2c        0x0 c:/altera/16.0/nios2eds/bin/gnu/h-x86_64-mingw32/bin/../lib/gcc/nios2-elf/5.2.0\libgcc.a(lib2-divmod.o)
 .data          0x000000000100ac2c        0x0 ../audio-test2_bsp/\libhal_bsp.a(alt_load.o)
 .data          0x000000000100ac2c        0x0 ../audio-test2_bsp/\libhal_bsp.a(alt_main.o)
 .data          0x000000000100ac2c        0x0 ../audio-test2_bsp/\libhal_bsp.a(alt_write.o)
 .data          0x000000000100ac2c     0x1090 ../audio-test2_bsp/\libhal_bsp.a(alt_sys_init.o)
 .data          0x000000000100bcbc        0x0 ../audio-test2_bsp/\libhal_bsp.a(altera_avalon_jtag_uart_fd.o)
 .data          0x000000000100bcbc        0x0 ../audio-test2_bsp/\libhal_bsp.a(altera_avalon_jtag_uart_init.o)
 .data          0x000000000100bcbc        0x0 ../audio-test2_bsp/\libhal_bsp.a(altera_avalon_jtag_uart_ioctl.o)
 .data          0x000000000100bcbc        0x0 ../audio-test2_bsp/\libhal_bsp.a(altera_avalon_jtag_uart_read.o)
 .data          0x000000000100bcbc        0x0 ../audio-test2_bsp/\libhal_bsp.a(altera_avalon_jtag_uart_write.o)
 .data          0x000000000100bcbc        0x0 ../audio-test2_bsp/\libhal_bsp.a(alt_alarm_start.o)
 .data          0x000000000100bcbc        0x0 ../audio-test2_bsp/\libhal_bsp.a(alt_close.o)
 .data          0x000000000100bcbc        0x0 ../audio-test2_bsp/\libhal_bsp.a(alt_dcache_flush_all.o)
 .data          0x000000000100bcbc      0x1a8 ../audio-test2_bsp/\libhal_bsp.a(alt_dev.o)
                0x000000000100bcbc                alt_dev_null
                0x000000000100bce4                alt_fd_list
 .data          0x000000000100be64        0x0 ../audio-test2_bsp/\libhal_bsp.a(alt_dev_llist_insert.o)
 .data          0x000000000100be64        0x0 ../audio-test2_bsp/\libhal_bsp.a(alt_errno.o)
 .data          0x000000000100be64        0x0 ../audio-test2_bsp/\libhal_bsp.a(alt_icache_flush_all.o)
 .data          0x000000000100be64        0x0 ../audio-test2_bsp/\libhal_bsp.a(alt_io_redirect.o)
 .data          0x000000000100be64        0x0 ../audio-test2_bsp/\libhal_bsp.a(alt_irq_register.o)
 .data          0x000000000100be64        0x0 ../audio-test2_bsp/\libhal_bsp.a(alt_irq_vars.o)
 .data          0x000000000100be64        0x0 ../audio-test2_bsp/\libhal_bsp.a(alt_open.o)
 .data          0x000000000100be64        0x0 ../audio-test2_bsp/\libhal_bsp.a(alt_release_fd.o)
 .data          0x000000000100be64        0x0 ../audio-test2_bsp/\libhal_bsp.a(alt_tick.o)
 .data          0x000000000100be64        0x0 ../audio-test2_bsp/\libhal_bsp.a(altera_nios2_gen2_irq.o)
 .data          0x000000000100be64        0x0 ../audio-test2_bsp/\libhal_bsp.a(alt_find_dev.o)
 .data          0x000000000100be64        0x0 ../audio-test2_bsp/\libhal_bsp.a(alt_find_file.o)
 .data          0x000000000100be64        0x0 ../audio-test2_bsp/\libhal_bsp.a(alt_get_fd.o)
 .data          0x000000000100be64        0x0 ../audio-test2_bsp/\libhal_bsp.a(alt_icache_flush.o)
 .data          0x000000000100be64        0x0 ../audio-test2_bsp/\libhal_bsp.a(alt_irq_entry.o)
 .data          0x000000000100be64        0x0 ../audio-test2_bsp/\libhal_bsp.a(alt_irq_handler.o)
 .data          0x000000000100be64        0x0 ../audio-test2_bsp/\libhal_bsp.a(alt_exception_entry.o)
 .data          0x000000000100be64        0x0 ../audio-test2_bsp/\libhal_bsp.a(alt_instruction_exception_entry.o)
 .data          0x000000000100be64        0x0 c:/altera/16.0/nios2eds/bin/gnu/h-x86_64-mingw32/bin/../lib/gcc/nios2-elf/5.2.0/../../../../../H-x86_64-mingw32/nios2-elf/lib\libsmallc.a(lib_a-exit.o)
 .data          0x000000000100be64        0x0 c:/altera/16.0/nios2eds/bin/gnu/h-x86_64-mingw32/bin/../lib/gcc/nios2-elf/5.2.0/../../../../../H-x86_64-mingw32/nios2-elf/lib\libsmallc.a(lib_a-memcmp.o)
 .data          0x000000000100be64        0x0 c:/altera/16.0/nios2eds/bin/gnu/h-x86_64-mingw32/bin/../lib/gcc/nios2-elf/5.2.0/../../../../../H-x86_64-mingw32/nios2-elf/lib\libsmallc.a(lib_a-memcpy.o)
 .data          0x000000000100be64        0x0 c:/altera/16.0/nios2eds/bin/gnu/h-x86_64-mingw32/bin/../lib/gcc/nios2-elf/5.2.0/../../../../../H-x86_64-mingw32/nios2-elf/lib\libsmallc.a(lib_a-__call_atexit.o)
 .data          0x000000000100be64        0x0 ../audio-test2_bsp/\libhal_bsp.a(alt_exit.o)
                0x0000000001013e64                _gp = ABSOLUTE ((. + 0x8000))
                [!provide]                        PROVIDE (gp, _gp)
 *(.rwdata .rwdata.*)
 *(.sdata .sdata.* .gnu.linkonce.s.*)
 .sdata._global_impure_ptr
                0x000000000100be64        0x4 c:/altera/16.0/nios2eds/bin/gnu/h-x86_64-mingw32/bin/../lib/gcc/nios2-elf/5.2.0/../../../../../H-x86_64-mingw32/nios2-elf/lib\libsmallc.a(lib_a-impure.o)
                0x000000000100be64                _global_impure_ptr
 .sdata._impure_ptr
                0x000000000100be68        0x4 c:/altera/16.0/nios2eds/bin/gnu/h-x86_64-mingw32/bin/../lib/gcc/nios2-elf/5.2.0/../../../../../H-x86_64-mingw32/nios2-elf/lib\libsmallc.a(lib_a-impure.o)
                0x000000000100be68                _impure_ptr
 .sdata         0x000000000100be6c       0x14 ../audio-test2_bsp/\libhal_bsp.a(alt_dev.o)
                0x000000000100be6c                alt_fs_list
                0x000000000100be74                alt_dev_list
                0x000000000100be7c                alt_max_fd
 .sdata         0x000000000100be80        0x4 ../audio-test2_bsp/\libhal_bsp.a(alt_errno.o)
                0x000000000100be80                alt_errno
 .sdata         0x000000000100be84        0x4 ../audio-test2_bsp/\libhal_bsp.a(alt_irq_vars.o)
                0x000000000100be84                alt_priority_mask
 .sdata         0x000000000100be88        0x8 ../audio-test2_bsp/\libhal_bsp.a(alt_tick.o)
                0x000000000100be88                alt_alarm_list
 *(.sdata2 .sdata2.* .gnu.linkonce.s2.*)
                0x000000000100be90                . = ALIGN (0x4)
                0x000000000100be90                _edata = ABSOLUTE (.)
                [!provide]                        PROVIDE (edata, ABSOLUTE (.))
                0x000000000100be90                PROVIDE (__ram_rwdata_end, ABSOLUTE (.))
                0x000000000100be90                PROVIDE (__flash_rwdata_start, LOADADDR (.rwdata))

.bss            0x000000000100d1d4      0x120
                0x000000000100d1d4                __bss_start = ABSOLUTE (.)
                [!provide]                        PROVIDE (__sbss_start, ABSOLUTE (.))
                [!provide]                        PROVIDE (___sbss_start, ABSOLUTE (.))
 *(.dynsbss)
 *(.sbss .sbss.* .gnu.linkonce.sb.*)
 .sbss          0x000000000100d1d4        0x4 c:/altera/16.0/nios2eds/bin/gnu/h-x86_64-mingw32/bin/../lib/gcc/nios2-elf/5.2.0/../../../../../H-x86_64-mingw32/nios2-elf/lib\libsmallc.a(lib_a-int_errno.o)
                0x000000000100d1d4                errno
 .sbss          0x000000000100d1d8        0xc ../audio-test2_bsp/\libhal_bsp.a(alt_main.o)
                0x000000000100d1d8                alt_argc
                0x000000000100d1dc                alt_argv
                0x000000000100d1e0                alt_envp
 .sbss          0x000000000100d1e4        0x4 ../audio-test2_bsp/\libhal_bsp.a(alt_irq_vars.o)
                0x000000000100d1e4                alt_irq_active
 .sbss          0x000000000100d1e8        0x8 ../audio-test2_bsp/\libhal_bsp.a(alt_tick.o)
                0x000000000100d1e8                _alt_tick_rate
                0x000000000100d1ec                _alt_nticks
 .sbss          0x000000000100d1f0        0x4 ../audio-test2_bsp/\libhal_bsp.a(alt_instruction_exception_entry.o)
                0x000000000100d1f0                alt_instruction_exception_handler
 *(.sbss2 .sbss2.* .gnu.linkonce.sb2.*)
 *(.scommon)
                [!provide]                        PROVIDE (__sbss_end, ABSOLUTE (.))
                [!provide]                        PROVIDE (___sbss_end, ABSOLUTE (.))
 *(.dynbss)
 *(.bss .bss.* .gnu.linkonce.b.*)
 .bss           0x000000000100d1f4        0x0 ../audio-test2_bsp//obj/HAL/src/crt0.o
 .bss           0x000000000100d1f4        0x0 obj/default/main.o
 .bss           0x000000000100d1f4        0x0 c:/altera/16.0/nios2eds/bin/gnu/h-x86_64-mingw32/bin/../lib/gcc/nios2-elf/5.2.0/../../../../../H-x86_64-mingw32/nios2-elf/lib\libsmallc.a(lib_a-printf.o)
 .bss           0x000000000100d1f4        0x0 c:/altera/16.0/nios2eds/bin/gnu/h-x86_64-mingw32/bin/../lib/gcc/nios2-elf/5.2.0/../../../../../H-x86_64-mingw32/nios2-elf/lib\libsmallc.a(lib_a-vfprintf.o)
 .bss           0x000000000100d1f4        0x0 c:/altera/16.0/nios2eds/bin/gnu/h-x86_64-mingw32/bin/../lib/gcc/nios2-elf/5.2.0/../../../../../H-x86_64-mingw32/nios2-elf/lib\libsmallc.a(lib_a-fvwrite_small_dev.o)
 .bss           0x000000000100d1f4        0x0 c:/altera/16.0/nios2eds/bin/gnu/h-x86_64-mingw32/bin/../lib/gcc/nios2-elf/5.2.0/../../../../../H-x86_64-mingw32/nios2-elf/lib\libsmallc.a(lib_a-impure.o)
 .bss           0x000000000100d1f4        0x0 c:/altera/16.0/nios2eds/bin/gnu/h-x86_64-mingw32/bin/../lib/gcc/nios2-elf/5.2.0/../../../../../H-x86_64-mingw32/nios2-elf/lib\libsmallc.a(lib_a-strlen.o)
 .bss           0x000000000100d1f4        0x0 c:/altera/16.0/nios2eds/bin/gnu/h-x86_64-mingw32/bin/../lib/gcc/nios2-elf/5.2.0/../../../../../H-x86_64-mingw32/nios2-elf/lib\libsmallc.a(lib_a-writer.o)
 .bss           0x000000000100d1f4        0x0 c:/altera/16.0/nios2eds/bin/gnu/h-x86_64-mingw32/bin/../lib/gcc/nios2-elf/5.2.0/../../../../../H-x86_64-mingw32/nios2-elf/lib\libsmallc.a(lib_a-int_errno.o)
 .bss           0x000000000100d1f4        0x0 c:/altera/16.0/nios2eds/bin/gnu/h-x86_64-mingw32/bin/../lib/gcc/nios2-elf/5.2.0\libgcc.a(lib2-divmod.o)
 .bss           0x000000000100d1f4        0x0 ../audio-test2_bsp/\libhal_bsp.a(alt_load.o)
 .bss           0x000000000100d1f4        0x0 ../audio-test2_bsp/\libhal_bsp.a(alt_main.o)
 .bss           0x000000000100d1f4        0x0 ../audio-test2_bsp/\libhal_bsp.a(alt_write.o)
 .bss           0x000000000100d1f4        0x0 ../audio-test2_bsp/\libhal_bsp.a(alt_sys_init.o)
 .bss           0x000000000100d1f4        0x0 ../audio-test2_bsp/\libhal_bsp.a(altera_avalon_jtag_uart_fd.o)
 .bss           0x000000000100d1f4        0x0 ../audio-test2_bsp/\libhal_bsp.a(altera_avalon_jtag_uart_init.o)
 .bss           0x000000000100d1f4        0x0 ../audio-test2_bsp/\libhal_bsp.a(altera_avalon_jtag_uart_ioctl.o)
 .bss           0x000000000100d1f4        0x0 ../audio-test2_bsp/\libhal_bsp.a(altera_avalon_jtag_uart_read.o)
 .bss           0x000000000100d1f4        0x0 ../audio-test2_bsp/\libhal_bsp.a(altera_avalon_jtag_uart_write.o)
 .bss           0x000000000100d1f4        0x0 ../audio-test2_bsp/\libhal_bsp.a(alt_alarm_start.o)
 .bss           0x000000000100d1f4        0x0 ../audio-test2_bsp/\libhal_bsp.a(alt_close.o)
 .bss           0x000000000100d1f4        0x0 ../audio-test2_bsp/\libhal_bsp.a(alt_dcache_flush_all.o)
 .bss           0x000000000100d1f4        0x0 ../audio-test2_bsp/\libhal_bsp.a(alt_dev.o)
 .bss           0x000000000100d1f4        0x0 ../audio-test2_bsp/\libhal_bsp.a(alt_dev_llist_insert.o)
 .bss           0x000000000100d1f4        0x0 ../audio-test2_bsp/\libhal_bsp.a(alt_errno.o)
 .bss           0x000000000100d1f4        0x0 ../audio-test2_bsp/\libhal_bsp.a(alt_icache_flush_all.o)
 .bss           0x000000000100d1f4        0x0 ../audio-test2_bsp/\libhal_bsp.a(alt_io_redirect.o)
 .bss           0x000000000100d1f4        0x0 ../audio-test2_bsp/\libhal_bsp.a(alt_irq_register.o)
 .bss           0x000000000100d1f4        0x0 ../audio-test2_bsp/\libhal_bsp.a(alt_irq_vars.o)
 .bss           0x000000000100d1f4        0x0 ../audio-test2_bsp/\libhal_bsp.a(alt_open.o)
 .bss           0x000000000100d1f4        0x0 ../audio-test2_bsp/\libhal_bsp.a(alt_release_fd.o)
 .bss           0x000000000100d1f4        0x0 ../audio-test2_bsp/\libhal_bsp.a(alt_tick.o)
 .bss           0x000000000100d1f4        0x0 ../audio-test2_bsp/\libhal_bsp.a(altera_nios2_gen2_irq.o)
 .bss           0x000000000100d1f4        0x0 ../audio-test2_bsp/\libhal_bsp.a(alt_find_dev.o)
 .bss           0x000000000100d1f4        0x0 ../audio-test2_bsp/\libhal_bsp.a(alt_find_file.o)
 .bss           0x000000000100d1f4        0x0 ../audio-test2_bsp/\libhal_bsp.a(alt_get_fd.o)
 .bss           0x000000000100d1f4        0x0 ../audio-test2_bsp/\libhal_bsp.a(alt_icache_flush.o)
 .bss           0x000000000100d1f4        0x0 ../audio-test2_bsp/\libhal_bsp.a(alt_irq_entry.o)
 .bss           0x000000000100d1f4        0x0 ../audio-test2_bsp/\libhal_bsp.a(alt_irq_handler.o)
 .bss           0x000000000100d1f4        0x0 ../audio-test2_bsp/\libhal_bsp.a(alt_exception_entry.o)
 .bss           0x000000000100d1f4        0x0 ../audio-test2_bsp/\libhal_bsp.a(alt_instruction_exception_entry.o)
 .bss           0x000000000100d1f4        0x0 c:/altera/16.0/nios2eds/bin/gnu/h-x86_64-mingw32/bin/../lib/gcc/nios2-elf/5.2.0/../../../../../H-x86_64-mingw32/nios2-elf/lib\libsmallc.a(lib_a-exit.o)
 .bss           0x000000000100d1f4        0x0 c:/altera/16.0/nios2eds/bin/gnu/h-x86_64-mingw32/bin/../lib/gcc/nios2-elf/5.2.0/../../../../../H-x86_64-mingw32/nios2-elf/lib\libsmallc.a(lib_a-memcmp.o)
 .bss           0x000000000100d1f4        0x0 c:/altera/16.0/nios2eds/bin/gnu/h-x86_64-mingw32/bin/../lib/gcc/nios2-elf/5.2.0/../../../../../H-x86_64-mingw32/nios2-elf/lib\libsmallc.a(lib_a-memcpy.o)
 .bss           0x000000000100d1f4        0x0 c:/altera/16.0/nios2eds/bin/gnu/h-x86_64-mingw32/bin/../lib/gcc/nios2-elf/5.2.0/../../../../../H-x86_64-mingw32/nios2-elf/lib\libsmallc.a(lib_a-__call_atexit.o)
 .bss           0x000000000100d1f4        0x0 ../audio-test2_bsp/\libhal_bsp.a(alt_exit.o)
 *(COMMON)
 COMMON         0x000000000100d1f4      0x100 ../audio-test2_bsp/\libhal_bsp.a(alt_irq_handler.o)
                0x000000000100d1f4                alt_irq
                0x000000000100d2f4                . = ALIGN (0x4)
                0x000000000100d2f4                __bss_end = ABSOLUTE (.)

.onchip_memory2_0
                0x000000000100d2f4        0x0
                [!provide]                        PROVIDE (_alt_partition_onchip_memory2_0_start, ABSOLUTE (.))
 *(.onchip_memory2_0 .onchip_memory2_0. onchip_memory2_0.*)
                0x000000000100d2f4                . = ALIGN (0x4)
                [!provide]                        PROVIDE (_alt_partition_onchip_memory2_0_end, ABSOLUTE (.))
                0x000000000100d2f4                _end = ABSOLUTE (.)
                0x000000000100d2f4                end = ABSOLUTE (.)
                0x000000000100d2f4                __alt_stack_base = ABSOLUTE (.)
                [!provide]                        PROVIDE (_alt_partition_onchip_memory2_0_load_addr, LOADADDR (.onchip_memory2_0))

.stab
 *(.stab)

.stabstr
 *(.stabstr)

.stab.excl
 *(.stab.excl)

.stab.exclstr
 *(.stab.exclstr)

.stab.index
 *(.stab.index)

.stab.indexstr
 *(.stab.indexstr)

.comment        0x0000000000000000       0x23
 *(.comment)
 .comment       0x0000000000000000       0x23 obj/default/main.o
                                         0x24 (size before relaxing)
 .comment       0x0000000000000023       0x24 c:/altera/16.0/nios2eds/bin/gnu/h-x86_64-mingw32/bin/../lib/gcc/nios2-elf/5.2.0/../../../../../H-x86_64-mingw32/nios2-elf/lib\libsmallc.a(lib_a-printf.o)
 .comment       0x0000000000000023       0x24 c:/altera/16.0/nios2eds/bin/gnu/h-x86_64-mingw32/bin/../lib/gcc/nios2-elf/5.2.0/../../../../../H-x86_64-mingw32/nios2-elf/lib\libsmallc.a(lib_a-vfprintf.o)
 .comment       0x0000000000000023       0x24 c:/altera/16.0/nios2eds/bin/gnu/h-x86_64-mingw32/bin/../lib/gcc/nios2-elf/5.2.0/../../../../../H-x86_64-mingw32/nios2-elf/lib\libsmallc.a(lib_a-fvwrite_small_dev.o)
 .comment       0x0000000000000023       0x24 c:/altera/16.0/nios2eds/bin/gnu/h-x86_64-mingw32/bin/../lib/gcc/nios2-elf/5.2.0/../../../../../H-x86_64-mingw32/nios2-elf/lib\libsmallc.a(lib_a-impure.o)
 .comment       0x0000000000000023       0x24 c:/altera/16.0/nios2eds/bin/gnu/h-x86_64-mingw32/bin/../lib/gcc/nios2-elf/5.2.0/../../../../../H-x86_64-mingw32/nios2-elf/lib\libsmallc.a(lib_a-strlen.o)
 .comment       0x0000000000000023       0x24 c:/altera/16.0/nios2eds/bin/gnu/h-x86_64-mingw32/bin/../lib/gcc/nios2-elf/5.2.0/../../../../../H-x86_64-mingw32/nios2-elf/lib\libsmallc.a(lib_a-writer.o)
 .comment       0x0000000000000023       0x24 c:/altera/16.0/nios2eds/bin/gnu/h-x86_64-mingw32/bin/../lib/gcc/nios2-elf/5.2.0/../../../../../H-x86_64-mingw32/nios2-elf/lib\libsmallc.a(lib_a-int_errno.o)
 .comment       0x0000000000000023       0x24 c:/altera/16.0/nios2eds/bin/gnu/h-x86_64-mingw32/bin/../lib/gcc/nios2-elf/5.2.0\libgcc.a(lib2-divmod.o)
 .comment       0x0000000000000023       0x24 ../audio-test2_bsp/\libhal_bsp.a(alt_load.o)
 .comment       0x0000000000000023       0x24 ../audio-test2_bsp/\libhal_bsp.a(alt_main.o)
 .comment       0x0000000000000023       0x24 ../audio-test2_bsp/\libhal_bsp.a(alt_write.o)
 .comment       0x0000000000000023       0x24 ../audio-test2_bsp/\libhal_bsp.a(alt_sys_init.o)
 .comment       0x0000000000000023       0x24 ../audio-test2_bsp/\libhal_bsp.a(altera_avalon_jtag_uart_fd.o)
 .comment       0x0000000000000023       0x24 ../audio-test2_bsp/\libhal_bsp.a(altera_avalon_jtag_uart_init.o)
 .comment       0x0000000000000023       0x24 ../audio-test2_bsp/\libhal_bsp.a(altera_avalon_jtag_uart_ioctl.o)
 .comment       0x0000000000000023       0x24 ../audio-test2_bsp/\libhal_bsp.a(altera_avalon_jtag_uart_read.o)
 .comment       0x0000000000000023       0x24 ../audio-test2_bsp/\libhal_bsp.a(altera_avalon_jtag_uart_write.o)
 .comment       0x0000000000000023       0x24 ../audio-test2_bsp/\libhal_bsp.a(alt_alarm_start.o)
 .comment       0x0000000000000023       0x24 ../audio-test2_bsp/\libhal_bsp.a(alt_close.o)
 .comment       0x0000000000000023       0x24 ../audio-test2_bsp/\libhal_bsp.a(alt_dcache_flush_all.o)
 .comment       0x0000000000000023       0x24 ../audio-test2_bsp/\libhal_bsp.a(alt_dev.o)
 .comment       0x0000000000000023       0x24 ../audio-test2_bsp/\libhal_bsp.a(alt_dev_llist_insert.o)
 .comment       0x0000000000000023       0x24 ../audio-test2_bsp/\libhal_bsp.a(alt_errno.o)
 .comment       0x0000000000000023       0x24 ../audio-test2_bsp/\libhal_bsp.a(alt_icache_flush_all.o)
 .comment       0x0000000000000023       0x24 ../audio-test2_bsp/\libhal_bsp.a(alt_io_redirect.o)
 .comment       0x0000000000000023       0x24 ../audio-test2_bsp/\libhal_bsp.a(alt_irq_register.o)
 .comment       0x0000000000000023       0x24 ../audio-test2_bsp/\libhal_bsp.a(alt_irq_vars.o)
 .comment       0x0000000000000023       0x24 ../audio-test2_bsp/\libhal_bsp.a(alt_open.o)
 .comment       0x0000000000000023       0x24 ../audio-test2_bsp/\libhal_bsp.a(alt_release_fd.o)
 .comment       0x0000000000000023       0x24 ../audio-test2_bsp/\libhal_bsp.a(alt_tick.o)
 .comment       0x0000000000000023       0x24 ../audio-test2_bsp/\libhal_bsp.a(altera_nios2_gen2_irq.o)
 .comment       0x0000000000000023       0x24 ../audio-test2_bsp/\libhal_bsp.a(alt_find_dev.o)
 .comment       0x0000000000000023       0x24 ../audio-test2_bsp/\libhal_bsp.a(alt_find_file.o)
 .comment       0x0000000000000023       0x24 ../audio-test2_bsp/\libhal_bsp.a(alt_get_fd.o)
 .comment       0x0000000000000023       0x24 ../audio-test2_bsp/\libhal_bsp.a(alt_icache_flush.o)
 .comment       0x0000000000000023       0x24 ../audio-test2_bsp/\libhal_bsp.a(alt_irq_handler.o)
 .comment       0x0000000000000023       0x24 ../audio-test2_bsp/\libhal_bsp.a(alt_instruction_exception_entry.o)
 .comment       0x0000000000000023       0x24 c:/altera/16.0/nios2eds/bin/gnu/h-x86_64-mingw32/bin/../lib/gcc/nios2-elf/5.2.0/../../../../../H-x86_64-mingw32/nios2-elf/lib\libsmallc.a(lib_a-exit.o)
 .comment       0x0000000000000023       0x24 c:/altera/16.0/nios2eds/bin/gnu/h-x86_64-mingw32/bin/../lib/gcc/nios2-elf/5.2.0/../../../../../H-x86_64-mingw32/nios2-elf/lib\libsmallc.a(lib_a-memcmp.o)
 .comment       0x0000000000000023       0x24 c:/altera/16.0/nios2eds/bin/gnu/h-x86_64-mingw32/bin/../lib/gcc/nios2-elf/5.2.0/../../../../../H-x86_64-mingw32/nios2-elf/lib\libsmallc.a(lib_a-memcpy.o)
 .comment       0x0000000000000023       0x24 c:/altera/16.0/nios2eds/bin/gnu/h-x86_64-mingw32/bin/../lib/gcc/nios2-elf/5.2.0/../../../../../H-x86_64-mingw32/nios2-elf/lib\libsmallc.a(lib_a-__call_atexit.o)
 .comment       0x0000000000000023       0x24 ../audio-test2_bsp/\libhal_bsp.a(alt_exit.o)

.debug
 *(.debug)

.line
 *(.line)

.debug_srcinfo
 *(.debug_srcinfo)

.debug_sfnames
 *(.debug_sfnames)

.debug_aranges  0x0000000000000000      0x5f0
 *(.debug_aranges)
 .debug_aranges
                0x0000000000000000       0x28 ../audio-test2_bsp//obj/HAL/src/crt0.o
 .debug_aranges
                0x0000000000000028       0x20 obj/default/main.o
 .debug_aranges
                0x0000000000000048       0x28 c:/altera/16.0/nios2eds/bin/gnu/h-x86_64-mingw32/bin/../lib/gcc/nios2-elf/5.2.0/../../../../../H-x86_64-mingw32/nios2-elf/lib\libsmallc.a(lib_a-printf.o)
 .debug_aranges
                0x0000000000000070       0x30 c:/altera/16.0/nios2eds/bin/gnu/h-x86_64-mingw32/bin/../lib/gcc/nios2-elf/5.2.0/../../../../../H-x86_64-mingw32/nios2-elf/lib\libsmallc.a(lib_a-vfprintf.o)
 .debug_aranges
                0x00000000000000a0       0x20 c:/altera/16.0/nios2eds/bin/gnu/h-x86_64-mingw32/bin/../lib/gcc/nios2-elf/5.2.0/../../../../../H-x86_64-mingw32/nios2-elf/lib\libsmallc.a(lib_a-fvwrite_small_dev.o)
 .debug_aranges
                0x00000000000000c0       0x18 c:/altera/16.0/nios2eds/bin/gnu/h-x86_64-mingw32/bin/../lib/gcc/nios2-elf/5.2.0/../../../../../H-x86_64-mingw32/nios2-elf/lib\libsmallc.a(lib_a-impure.o)
 .debug_aranges
                0x00000000000000d8       0x20 c:/altera/16.0/nios2eds/bin/gnu/h-x86_64-mingw32/bin/../lib/gcc/nios2-elf/5.2.0/../../../../../H-x86_64-mingw32/nios2-elf/lib\libsmallc.a(lib_a-strlen.o)
 .debug_aranges
                0x00000000000000f8       0x20 c:/altera/16.0/nios2eds/bin/gnu/h-x86_64-mingw32/bin/../lib/gcc/nios2-elf/5.2.0/../../../../../H-x86_64-mingw32/nios2-elf/lib\libsmallc.a(lib_a-writer.o)
 .debug_aranges
                0x0000000000000118       0x18 c:/altera/16.0/nios2eds/bin/gnu/h-x86_64-mingw32/bin/../lib/gcc/nios2-elf/5.2.0/../../../../../H-x86_64-mingw32/nios2-elf/lib\libsmallc.a(lib_a-int_errno.o)
 .debug_aranges
                0x0000000000000130       0x20 c:/altera/16.0/nios2eds/bin/gnu/h-x86_64-mingw32/bin/../lib/gcc/nios2-elf/5.2.0\libgcc.a(lib2-divmod.o)
 .debug_aranges
                0x0000000000000150       0x20 ../audio-test2_bsp/\libhal_bsp.a(alt_load.o)
 .debug_aranges
                0x0000000000000170       0x20 ../audio-test2_bsp/\libhal_bsp.a(alt_main.o)
 .debug_aranges
                0x0000000000000190       0x20 ../audio-test2_bsp/\libhal_bsp.a(alt_write.o)
 .debug_aranges
                0x00000000000001b0       0x20 ../audio-test2_bsp/\libhal_bsp.a(alt_sys_init.o)
 .debug_aranges
                0x00000000000001d0       0x20 ../audio-test2_bsp/\libhal_bsp.a(altera_avalon_jtag_uart_fd.o)
 .debug_aranges
                0x00000000000001f0       0x20 ../audio-test2_bsp/\libhal_bsp.a(altera_avalon_jtag_uart_init.o)
 .debug_aranges
                0x0000000000000210       0x20 ../audio-test2_bsp/\libhal_bsp.a(altera_avalon_jtag_uart_ioctl.o)
 .debug_aranges
                0x0000000000000230       0x20 ../audio-test2_bsp/\libhal_bsp.a(altera_avalon_jtag_uart_read.o)
 .debug_aranges
                0x0000000000000250       0x20 ../audio-test2_bsp/\libhal_bsp.a(altera_avalon_jtag_uart_write.o)
 .debug_aranges
                0x0000000000000270       0x20 ../audio-test2_bsp/\libhal_bsp.a(alt_alarm_start.o)
 .debug_aranges
                0x0000000000000290       0x20 ../audio-test2_bsp/\libhal_bsp.a(alt_close.o)
 .debug_aranges
                0x00000000000002b0       0x20 ../audio-test2_bsp/\libhal_bsp.a(alt_dcache_flush_all.o)
 .debug_aranges
                0x00000000000002d0       0x20 ../audio-test2_bsp/\libhal_bsp.a(alt_dev.o)
 .debug_aranges
                0x00000000000002f0       0x20 ../audio-test2_bsp/\libhal_bsp.a(alt_dev_llist_insert.o)
 .debug_aranges
                0x0000000000000310       0x18 ../audio-test2_bsp/\libhal_bsp.a(alt_errno.o)
 .debug_aranges
                0x0000000000000328       0x20 ../audio-test2_bsp/\libhal_bsp.a(alt_icache_flush_all.o)
 .debug_aranges
                0x0000000000000348       0x20 ../audio-test2_bsp/\libhal_bsp.a(alt_io_redirect.o)
 .debug_aranges
                0x0000000000000368       0x20 ../audio-test2_bsp/\libhal_bsp.a(alt_irq_register.o)
 .debug_aranges
                0x0000000000000388       0x18 ../audio-test2_bsp/\libhal_bsp.a(alt_irq_vars.o)
 .debug_aranges
                0x00000000000003a0       0x20 ../audio-test2_bsp/\libhal_bsp.a(alt_open.o)
 .debug_aranges
                0x00000000000003c0       0x20 ../audio-test2_bsp/\libhal_bsp.a(alt_release_fd.o)
 .debug_aranges
                0x00000000000003e0       0x20 ../audio-test2_bsp/\libhal_bsp.a(alt_tick.o)
 .debug_aranges
                0x0000000000000400       0x20 ../audio-test2_bsp/\libhal_bsp.a(altera_nios2_gen2_irq.o)
 .debug_aranges
                0x0000000000000420       0x20 ../audio-test2_bsp/\libhal_bsp.a(alt_find_dev.o)
 .debug_aranges
                0x0000000000000440       0x20 ../audio-test2_bsp/\libhal_bsp.a(alt_find_file.o)
 .debug_aranges
                0x0000000000000460       0x20 ../audio-test2_bsp/\libhal_bsp.a(alt_get_fd.o)
 .debug_aranges
                0x0000000000000480       0x20 ../audio-test2_bsp/\libhal_bsp.a(alt_icache_flush.o)
 .debug_aranges
                0x00000000000004a0       0x30 ../audio-test2_bsp/\libhal_bsp.a(alt_irq_entry.o)
 .debug_aranges
                0x00000000000004d0       0x20 ../audio-test2_bsp/\libhal_bsp.a(alt_irq_handler.o)
 .debug_aranges
                0x00000000000004f0       0x38 ../audio-test2_bsp/\libhal_bsp.a(alt_exception_entry.o)
 .debug_aranges
                0x0000000000000528       0x28 ../audio-test2_bsp/\libhal_bsp.a(alt_instruction_exception_entry.o)
 .debug_aranges
                0x0000000000000550       0x20 c:/altera/16.0/nios2eds/bin/gnu/h-x86_64-mingw32/bin/../lib/gcc/nios2-elf/5.2.0/../../../../../H-x86_64-mingw32/nios2-elf/lib\libsmallc.a(lib_a-exit.o)
 .debug_aranges
                0x0000000000000570       0x20 c:/altera/16.0/nios2eds/bin/gnu/h-x86_64-mingw32/bin/../lib/gcc/nios2-elf/5.2.0/../../../../../H-x86_64-mingw32/nios2-elf/lib\libsmallc.a(lib_a-memcmp.o)
 .debug_aranges
                0x0000000000000590       0x20 c:/altera/16.0/nios2eds/bin/gnu/h-x86_64-mingw32/bin/../lib/gcc/nios2-elf/5.2.0/../../../../../H-x86_64-mingw32/nios2-elf/lib\libsmallc.a(lib_a-memcpy.o)
 .debug_aranges
                0x00000000000005b0       0x20 c:/altera/16.0/nios2eds/bin/gnu/h-x86_64-mingw32/bin/../lib/gcc/nios2-elf/5.2.0/../../../../../H-x86_64-mingw32/nios2-elf/lib\libsmallc.a(lib_a-__call_atexit.o)
 .debug_aranges
                0x00000000000005d0       0x20 ../audio-test2_bsp/\libhal_bsp.a(alt_exit.o)

.debug_pubnames
 *(.debug_pubnames)

.debug_info     0x0000000000000000     0x80eb
 *(.debug_info .gnu.linkonce.wi.*)
 .debug_info    0x0000000000000000       0x87 ../audio-test2_bsp//obj/HAL/src/crt0.o
 .debug_info    0x0000000000000087       0x96 obj/default/main.o
 .debug_info    0x000000000000011d      0x699 c:/altera/16.0/nios2eds/bin/gnu/h-x86_64-mingw32/bin/../lib/gcc/nios2-elf/5.2.0/../../../../../H-x86_64-mingw32/nios2-elf/lib\libsmallc.a(lib_a-printf.o)
 .debug_info    0x00000000000007b6      0xb2b c:/altera/16.0/nios2eds/bin/gnu/h-x86_64-mingw32/bin/../lib/gcc/nios2-elf/5.2.0/../../../../../H-x86_64-mingw32/nios2-elf/lib\libsmallc.a(lib_a-vfprintf.o)
 .debug_info    0x00000000000012e1      0x62b c:/altera/16.0/nios2eds/bin/gnu/h-x86_64-mingw32/bin/../lib/gcc/nios2-elf/5.2.0/../../../../../H-x86_64-mingw32/nios2-elf/lib\libsmallc.a(lib_a-fvwrite_small_dev.o)
 .debug_info    0x000000000000190c      0x5a9 c:/altera/16.0/nios2eds/bin/gnu/h-x86_64-mingw32/bin/../lib/gcc/nios2-elf/5.2.0/../../../../../H-x86_64-mingw32/nios2-elf/lib\libsmallc.a(lib_a-impure.o)
 .debug_info    0x0000000000001eb5       0xc9 c:/altera/16.0/nios2eds/bin/gnu/h-x86_64-mingw32/bin/../lib/gcc/nios2-elf/5.2.0/../../../../../H-x86_64-mingw32/nios2-elf/lib\libsmallc.a(lib_a-strlen.o)
 .debug_info    0x0000000000001f7e      0x630 c:/altera/16.0/nios2eds/bin/gnu/h-x86_64-mingw32/bin/../lib/gcc/nios2-elf/5.2.0/../../../../../H-x86_64-mingw32/nios2-elf/lib\libsmallc.a(lib_a-writer.o)
 .debug_info    0x00000000000025ae       0x8a c:/altera/16.0/nios2eds/bin/gnu/h-x86_64-mingw32/bin/../lib/gcc/nios2-elf/5.2.0/../../../../../H-x86_64-mingw32/nios2-elf/lib\libsmallc.a(lib_a-int_errno.o)
 .debug_info    0x0000000000002638      0x2c3 c:/altera/16.0/nios2eds/bin/gnu/h-x86_64-mingw32/bin/../lib/gcc/nios2-elf/5.2.0\libgcc.a(lib2-divmod.o)
 .debug_info    0x00000000000028fb      0x145 ../audio-test2_bsp/\libhal_bsp.a(alt_load.o)
 .debug_info    0x0000000000002a40      0x157 ../audio-test2_bsp/\libhal_bsp.a(alt_main.o)
 .debug_info    0x0000000000002b97      0x4b7 ../audio-test2_bsp/\libhal_bsp.a(alt_write.o)
 .debug_info    0x000000000000304e      0x53c ../audio-test2_bsp/\libhal_bsp.a(alt_sys_init.o)
 .debug_info    0x000000000000358a      0x52e ../audio-test2_bsp/\libhal_bsp.a(altera_avalon_jtag_uart_fd.o)
 .debug_info    0x0000000000003ab8      0x3c3 ../audio-test2_bsp/\libhal_bsp.a(altera_avalon_jtag_uart_init.o)
 .debug_info    0x0000000000003e7b      0x280 ../audio-test2_bsp/\libhal_bsp.a(altera_avalon_jtag_uart_ioctl.o)
 .debug_info    0x00000000000040fb      0x35b ../audio-test2_bsp/\libhal_bsp.a(altera_avalon_jtag_uart_read.o)
 .debug_info    0x0000000000004456      0x356 ../audio-test2_bsp/\libhal_bsp.a(altera_avalon_jtag_uart_write.o)
 .debug_info    0x00000000000047ac      0x2e2 ../audio-test2_bsp/\libhal_bsp.a(alt_alarm_start.o)
 .debug_info    0x0000000000004a8e      0x321 ../audio-test2_bsp/\libhal_bsp.a(alt_close.o)
 .debug_info    0x0000000000004daf       0xa5 ../audio-test2_bsp/\libhal_bsp.a(alt_dcache_flush_all.o)
 .debug_info    0x0000000000004e54      0x49c ../audio-test2_bsp/\libhal_bsp.a(alt_dev.o)
 .debug_info    0x00000000000052f0      0x1a9 ../audio-test2_bsp/\libhal_bsp.a(alt_dev_llist_insert.o)
 .debug_info    0x0000000000005499       0xa6 ../audio-test2_bsp/\libhal_bsp.a(alt_errno.o)
 .debug_info    0x000000000000553f       0x92 ../audio-test2_bsp/\libhal_bsp.a(alt_icache_flush_all.o)
 .debug_info    0x00000000000055d1      0x4a5 ../audio-test2_bsp/\libhal_bsp.a(alt_io_redirect.o)
 .debug_info    0x0000000000005a76      0x329 ../audio-test2_bsp/\libhal_bsp.a(alt_irq_register.o)
 .debug_info    0x0000000000005d9f       0x88 ../audio-test2_bsp/\libhal_bsp.a(alt_irq_vars.o)
 .debug_info    0x0000000000005e27      0x3bb ../audio-test2_bsp/\libhal_bsp.a(alt_open.o)
 .debug_info    0x00000000000061e2      0x2b0 ../audio-test2_bsp/\libhal_bsp.a(alt_release_fd.o)
 .debug_info    0x0000000000006492      0x2af ../audio-test2_bsp/\libhal_bsp.a(alt_tick.o)
 .debug_info    0x0000000000006741       0xb8 ../audio-test2_bsp/\libhal_bsp.a(altera_nios2_gen2_irq.o)
 .debug_info    0x00000000000067f9      0x2e9 ../audio-test2_bsp/\libhal_bsp.a(alt_find_dev.o)
 .debug_info    0x0000000000006ae2      0x2e6 ../audio-test2_bsp/\libhal_bsp.a(alt_find_file.o)
 .debug_info    0x0000000000006dc8      0x310 ../audio-test2_bsp/\libhal_bsp.a(alt_get_fd.o)
 .debug_info    0x00000000000070d8       0xdc ../audio-test2_bsp/\libhal_bsp.a(alt_icache_flush.o)
 .debug_info    0x00000000000071b4       0x90 ../audio-test2_bsp/\libhal_bsp.a(alt_irq_entry.o)
 .debug_info    0x0000000000007244      0x1a7 ../audio-test2_bsp/\libhal_bsp.a(alt_irq_handler.o)
 .debug_info    0x00000000000073eb       0x96 ../audio-test2_bsp/\libhal_bsp.a(alt_exception_entry.o)
 .debug_info    0x0000000000007481      0x1e7 ../audio-test2_bsp/\libhal_bsp.a(alt_instruction_exception_entry.o)
 .debug_info    0x0000000000007668       0xe5 c:/altera/16.0/nios2eds/bin/gnu/h-x86_64-mingw32/bin/../lib/gcc/nios2-elf/5.2.0/../../../../../H-x86_64-mingw32/nios2-elf/lib\libsmallc.a(lib_a-exit.o)
 .debug_info    0x000000000000774d       0xf4 c:/altera/16.0/nios2eds/bin/gnu/h-x86_64-mingw32/bin/../lib/gcc/nios2-elf/5.2.0/../../../../../H-x86_64-mingw32/nios2-elf/lib\libsmallc.a(lib_a-memcmp.o)
 .debug_info    0x0000000000007841      0x119 c:/altera/16.0/nios2eds/bin/gnu/h-x86_64-mingw32/bin/../lib/gcc/nios2-elf/5.2.0/../../../../../H-x86_64-mingw32/nios2-elf/lib\libsmallc.a(lib_a-memcpy.o)
 .debug_info    0x000000000000795a      0x67b c:/altera/16.0/nios2eds/bin/gnu/h-x86_64-mingw32/bin/../lib/gcc/nios2-elf/5.2.0/../../../../../H-x86_64-mingw32/nios2-elf/lib\libsmallc.a(lib_a-__call_atexit.o)
 .debug_info    0x0000000000007fd5      0x116 ../audio-test2_bsp/\libhal_bsp.a(alt_exit.o)

.debug_abbrev   0x0000000000000000     0x2cea
 *(.debug_abbrev)
 .debug_abbrev  0x0000000000000000       0x12 ../audio-test2_bsp//obj/HAL/src/crt0.o
 .debug_abbrev  0x0000000000000012       0x42 obj/default/main.o
 .debug_abbrev  0x0000000000000054      0x1ee c:/altera/16.0/nios2eds/bin/gnu/h-x86_64-mingw32/bin/../lib/gcc/nios2-elf/5.2.0/../../../../../H-x86_64-mingw32/nios2-elf/lib\libsmallc.a(lib_a-printf.o)
 .debug_abbrev  0x0000000000000242      0x2a1 c:/altera/16.0/nios2eds/bin/gnu/h-x86_64-mingw32/bin/../lib/gcc/nios2-elf/5.2.0/../../../../../H-x86_64-mingw32/nios2-elf/lib\libsmallc.a(lib_a-vfprintf.o)
 .debug_abbrev  0x00000000000004e3      0x1bc c:/altera/16.0/nios2eds/bin/gnu/h-x86_64-mingw32/bin/../lib/gcc/nios2-elf/5.2.0/../../../../../H-x86_64-mingw32/nios2-elf/lib\libsmallc.a(lib_a-fvwrite_small_dev.o)
 .debug_abbrev  0x000000000000069f      0x14a c:/altera/16.0/nios2eds/bin/gnu/h-x86_64-mingw32/bin/../lib/gcc/nios2-elf/5.2.0/../../../../../H-x86_64-mingw32/nios2-elf/lib\libsmallc.a(lib_a-impure.o)
 .debug_abbrev  0x00000000000007e9       0x7f c:/altera/16.0/nios2eds/bin/gnu/h-x86_64-mingw32/bin/../lib/gcc/nios2-elf/5.2.0/../../../../../H-x86_64-mingw32/nios2-elf/lib\libsmallc.a(lib_a-strlen.o)
 .debug_abbrev  0x0000000000000868      0x1a6 c:/altera/16.0/nios2eds/bin/gnu/h-x86_64-mingw32/bin/../lib/gcc/nios2-elf/5.2.0/../../../../../H-x86_64-mingw32/nios2-elf/lib\libsmallc.a(lib_a-writer.o)
 .debug_abbrev  0x0000000000000a0e       0x37 c:/altera/16.0/nios2eds/bin/gnu/h-x86_64-mingw32/bin/../lib/gcc/nios2-elf/5.2.0/../../../../../H-x86_64-mingw32/nios2-elf/lib\libsmallc.a(lib_a-int_errno.o)
 .debug_abbrev  0x0000000000000a45      0x10e c:/altera/16.0/nios2eds/bin/gnu/h-x86_64-mingw32/bin/../lib/gcc/nios2-elf/5.2.0\libgcc.a(lib2-divmod.o)
 .debug_abbrev  0x0000000000000b53       0x9f ../audio-test2_bsp/\libhal_bsp.a(alt_load.o)
 .debug_abbrev  0x0000000000000bf2       0xc1 ../audio-test2_bsp/\libhal_bsp.a(alt_main.o)
 .debug_abbrev  0x0000000000000cb3      0x133 ../audio-test2_bsp/\libhal_bsp.a(alt_write.o)
 .debug_abbrev  0x0000000000000de6      0x187 ../audio-test2_bsp/\libhal_bsp.a(alt_sys_init.o)
 .debug_abbrev  0x0000000000000f6d      0x127 ../audio-test2_bsp/\libhal_bsp.a(altera_avalon_jtag_uart_fd.o)
 .debug_abbrev  0x0000000000001094      0x19e ../audio-test2_bsp/\libhal_bsp.a(altera_avalon_jtag_uart_init.o)
 .debug_abbrev  0x0000000000001232      0x111 ../audio-test2_bsp/\libhal_bsp.a(altera_avalon_jtag_uart_ioctl.o)
 .debug_abbrev  0x0000000000001343      0x1aa ../audio-test2_bsp/\libhal_bsp.a(altera_avalon_jtag_uart_read.o)
 .debug_abbrev  0x00000000000014ed      0x1a8 ../audio-test2_bsp/\libhal_bsp.a(altera_avalon_jtag_uart_write.o)
 .debug_abbrev  0x0000000000001695      0x162 ../audio-test2_bsp/\libhal_bsp.a(alt_alarm_start.o)
 .debug_abbrev  0x00000000000017f7      0x11f ../audio-test2_bsp/\libhal_bsp.a(alt_close.o)
 .debug_abbrev  0x0000000000001916       0x5a ../audio-test2_bsp/\libhal_bsp.a(alt_dcache_flush_all.o)
 .debug_abbrev  0x0000000000001970       0xd9 ../audio-test2_bsp/\libhal_bsp.a(alt_dev.o)
 .debug_abbrev  0x0000000000001a49      0x114 ../audio-test2_bsp/\libhal_bsp.a(alt_dev_llist_insert.o)
 .debug_abbrev  0x0000000000001b5d       0x5a ../audio-test2_bsp/\libhal_bsp.a(alt_errno.o)
 .debug_abbrev  0x0000000000001bb7       0x42 ../audio-test2_bsp/\libhal_bsp.a(alt_icache_flush_all.o)
 .debug_abbrev  0x0000000000001bf9      0x114 ../audio-test2_bsp/\libhal_bsp.a(alt_io_redirect.o)
 .debug_abbrev  0x0000000000001d0d      0x186 ../audio-test2_bsp/\libhal_bsp.a(alt_irq_register.o)
 .debug_abbrev  0x0000000000001e93       0x40 ../audio-test2_bsp/\libhal_bsp.a(alt_irq_vars.o)
 .debug_abbrev  0x0000000000001ed3      0x148 ../audio-test2_bsp/\libhal_bsp.a(alt_open.o)
 .debug_abbrev  0x000000000000201b       0xde ../audio-test2_bsp/\libhal_bsp.a(alt_release_fd.o)
 .debug_abbrev  0x00000000000020f9      0x16b ../audio-test2_bsp/\libhal_bsp.a(alt_tick.o)
 .debug_abbrev  0x0000000000002264       0x67 ../audio-test2_bsp/\libhal_bsp.a(altera_nios2_gen2_irq.o)
 .debug_abbrev  0x00000000000022cb       0xf0 ../audio-test2_bsp/\libhal_bsp.a(alt_find_dev.o)
 .debug_abbrev  0x00000000000023bb       0xf0 ../audio-test2_bsp/\libhal_bsp.a(alt_find_file.o)
 .debug_abbrev  0x00000000000024ab      0x10d ../audio-test2_bsp/\libhal_bsp.a(alt_get_fd.o)
 .debug_abbrev  0x00000000000025b8       0x8c ../audio-test2_bsp/\libhal_bsp.a(alt_icache_flush.o)
 .debug_abbrev  0x0000000000002644       0x12 ../audio-test2_bsp/\libhal_bsp.a(alt_irq_entry.o)
 .debug_abbrev  0x0000000000002656      0x13a ../audio-test2_bsp/\libhal_bsp.a(alt_irq_handler.o)
 .debug_abbrev  0x0000000000002790       0x12 ../audio-test2_bsp/\libhal_bsp.a(alt_exception_entry.o)
 .debug_abbrev  0x00000000000027a2       0xdc ../audio-test2_bsp/\libhal_bsp.a(alt_instruction_exception_entry.o)
 .debug_abbrev  0x000000000000287e       0x8b c:/altera/16.0/nios2eds/bin/gnu/h-x86_64-mingw32/bin/../lib/gcc/nios2-elf/5.2.0/../../../../../H-x86_64-mingw32/nios2-elf/lib\libsmallc.a(lib_a-exit.o)
 .debug_abbrev  0x0000000000002909       0x7f c:/altera/16.0/nios2eds/bin/gnu/h-x86_64-mingw32/bin/../lib/gcc/nios2-elf/5.2.0/../../../../../H-x86_64-mingw32/nios2-elf/lib\libsmallc.a(lib_a-memcmp.o)
 .debug_abbrev  0x0000000000002988       0x9c c:/altera/16.0/nios2eds/bin/gnu/h-x86_64-mingw32/bin/../lib/gcc/nios2-elf/5.2.0/../../../../../H-x86_64-mingw32/nios2-elf/lib\libsmallc.a(lib_a-memcpy.o)
 .debug_abbrev  0x0000000000002a24      0x1f6 c:/altera/16.0/nios2eds/bin/gnu/h-x86_64-mingw32/bin/../lib/gcc/nios2-elf/5.2.0/../../../../../H-x86_64-mingw32/nios2-elf/lib\libsmallc.a(lib_a-__call_atexit.o)
 .debug_abbrev  0x0000000000002c1a       0xd0 ../audio-test2_bsp/\libhal_bsp.a(alt_exit.o)

.debug_line     0x0000000000000000     0x316c
 *(.debug_line)
 .debug_line    0x0000000000000000       0x72 ../audio-test2_bsp//obj/HAL/src/crt0.o
 .debug_line    0x0000000000000072       0x37 obj/default/main.o
 .debug_line    0x00000000000000a9      0x200 c:/altera/16.0/nios2eds/bin/gnu/h-x86_64-mingw32/bin/../lib/gcc/nios2-elf/5.2.0/../../../../../H-x86_64-mingw32/nios2-elf/lib\libsmallc.a(lib_a-printf.o)
 .debug_line    0x00000000000002a9      0x34f c:/altera/16.0/nios2eds/bin/gnu/h-x86_64-mingw32/bin/../lib/gcc/nios2-elf/5.2.0/../../../../../H-x86_64-mingw32/nios2-elf/lib\libsmallc.a(lib_a-vfprintf.o)
 .debug_line    0x00000000000005f8      0x1ed c:/altera/16.0/nios2eds/bin/gnu/h-x86_64-mingw32/bin/../lib/gcc/nios2-elf/5.2.0/../../../../../H-x86_64-mingw32/nios2-elf/lib\libsmallc.a(lib_a-fvwrite_small_dev.o)
 .debug_line    0x00000000000007e5      0x153 c:/altera/16.0/nios2eds/bin/gnu/h-x86_64-mingw32/bin/../lib/gcc/nios2-elf/5.2.0/../../../../../H-x86_64-mingw32/nios2-elf/lib\libsmallc.a(lib_a-impure.o)
 .debug_line    0x0000000000000938      0x159 c:/altera/16.0/nios2eds/bin/gnu/h-x86_64-mingw32/bin/../lib/gcc/nios2-elf/5.2.0/../../../../../H-x86_64-mingw32/nios2-elf/lib\libsmallc.a(lib_a-strlen.o)
 .debug_line    0x0000000000000a91      0x1ea c:/altera/16.0/nios2eds/bin/gnu/h-x86_64-mingw32/bin/../lib/gcc/nios2-elf/5.2.0/../../../../../H-x86_64-mingw32/nios2-elf/lib\libsmallc.a(lib_a-writer.o)
 .debug_line    0x0000000000000c7b       0x5c c:/altera/16.0/nios2eds/bin/gnu/h-x86_64-mingw32/bin/../lib/gcc/nios2-elf/5.2.0/../../../../../H-x86_64-mingw32/nios2-elf/lib\libsmallc.a(lib_a-int_errno.o)
 .debug_line    0x0000000000000cd7      0x102 c:/altera/16.0/nios2eds/bin/gnu/h-x86_64-mingw32/bin/../lib/gcc/nios2-elf/5.2.0\libgcc.a(lib2-divmod.o)
 .debug_line    0x0000000000000dd9       0x8e ../audio-test2_bsp/\libhal_bsp.a(alt_load.o)
 .debug_line    0x0000000000000e67       0xcb ../audio-test2_bsp/\libhal_bsp.a(alt_main.o)
 .debug_line    0x0000000000000f32      0x1cc ../audio-test2_bsp/\libhal_bsp.a(alt_write.o)
 .debug_line    0x00000000000010fe      0x181 ../audio-test2_bsp/\libhal_bsp.a(alt_sys_init.o)
 .debug_line    0x000000000000127f      0x12f ../audio-test2_bsp/\libhal_bsp.a(altera_avalon_jtag_uart_fd.o)
 .debug_line    0x00000000000013ae      0x19f ../audio-test2_bsp/\libhal_bsp.a(altera_avalon_jtag_uart_init.o)
 .debug_line    0x000000000000154d      0x131 ../audio-test2_bsp/\libhal_bsp.a(altera_avalon_jtag_uart_ioctl.o)
 .debug_line    0x000000000000167e      0x185 ../audio-test2_bsp/\libhal_bsp.a(altera_avalon_jtag_uart_read.o)
 .debug_line    0x0000000000001803      0x184 ../audio-test2_bsp/\libhal_bsp.a(altera_avalon_jtag_uart_write.o)
 .debug_line    0x0000000000001987      0x10e ../audio-test2_bsp/\libhal_bsp.a(alt_alarm_start.o)
 .debug_line    0x0000000000001a95      0x15e ../audio-test2_bsp/\libhal_bsp.a(alt_close.o)
 .debug_line    0x0000000000001bf3       0x61 ../audio-test2_bsp/\libhal_bsp.a(alt_dcache_flush_all.o)
 .debug_line    0x0000000000001c54       0xf0 ../audio-test2_bsp/\libhal_bsp.a(alt_dev.o)
 .debug_line    0x0000000000001d44       0xd0 ../audio-test2_bsp/\libhal_bsp.a(alt_dev_llist_insert.o)
 .debug_line    0x0000000000001e14       0x51 ../audio-test2_bsp/\libhal_bsp.a(alt_errno.o)
 .debug_line    0x0000000000001e65       0x50 ../audio-test2_bsp/\libhal_bsp.a(alt_icache_flush_all.o)
 .debug_line    0x0000000000001eb5      0x12b ../audio-test2_bsp/\libhal_bsp.a(alt_io_redirect.o)
 .debug_line    0x0000000000001fe0      0x159 ../audio-test2_bsp/\libhal_bsp.a(alt_irq_register.o)
 .debug_line    0x0000000000002139       0x50 ../audio-test2_bsp/\libhal_bsp.a(alt_irq_vars.o)
 .debug_line    0x0000000000002189      0x12a ../audio-test2_bsp/\libhal_bsp.a(alt_open.o)
 .debug_line    0x00000000000022b3       0xae ../audio-test2_bsp/\libhal_bsp.a(alt_release_fd.o)
 .debug_line    0x0000000000002361      0x113 ../audio-test2_bsp/\libhal_bsp.a(alt_tick.o)
 .debug_line    0x0000000000002474       0x8d ../audio-test2_bsp/\libhal_bsp.a(altera_nios2_gen2_irq.o)
 .debug_line    0x0000000000002501       0xb5 ../audio-test2_bsp/\libhal_bsp.a(alt_find_dev.o)
 .debug_line    0x00000000000025b6       0xd1 ../audio-test2_bsp/\libhal_bsp.a(alt_find_file.o)
 .debug_line    0x0000000000002687       0xd5 ../audio-test2_bsp/\libhal_bsp.a(alt_get_fd.o)
 .debug_line    0x000000000000275c       0x81 ../audio-test2_bsp/\libhal_bsp.a(alt_icache_flush.o)
 .debug_line    0x00000000000027dd       0x6b ../audio-test2_bsp/\libhal_bsp.a(alt_irq_entry.o)
 .debug_line    0x0000000000002848       0xcd ../audio-test2_bsp/\libhal_bsp.a(alt_irq_handler.o)
 .debug_line    0x0000000000002915       0xb3 ../audio-test2_bsp/\libhal_bsp.a(alt_exception_entry.o)
 .debug_line    0x00000000000029c8       0xba ../audio-test2_bsp/\libhal_bsp.a(alt_instruction_exception_entry.o)
 .debug_line    0x0000000000002a82      0x156 c:/altera/16.0/nios2eds/bin/gnu/h-x86_64-mingw32/bin/../lib/gcc/nios2-elf/5.2.0/../../../../../H-x86_64-mingw32/nios2-elf/lib\libsmallc.a(lib_a-exit.o)
 .debug_line    0x0000000000002bd8      0x15d c:/altera/16.0/nios2eds/bin/gnu/h-x86_64-mingw32/bin/../lib/gcc/nios2-elf/5.2.0/../../../../../H-x86_64-mingw32/nios2-elf/lib\libsmallc.a(lib_a-memcmp.o)
 .debug_line    0x0000000000002d35      0x15b c:/altera/16.0/nios2eds/bin/gnu/h-x86_64-mingw32/bin/../lib/gcc/nios2-elf/5.2.0/../../../../../H-x86_64-mingw32/nios2-elf/lib\libsmallc.a(lib_a-memcpy.o)
 .debug_line    0x0000000000002e90      0x22f c:/altera/16.0/nios2eds/bin/gnu/h-x86_64-mingw32/bin/../lib/gcc/nios2-elf/5.2.0/../../../../../H-x86_64-mingw32/nios2-elf/lib\libsmallc.a(lib_a-__call_atexit.o)
 .debug_line    0x00000000000030bf       0xad ../audio-test2_bsp/\libhal_bsp.a(alt_exit.o)

.debug_frame    0x0000000000000000      0xb38
 *(.debug_frame)
 .debug_frame   0x0000000000000000       0x38 obj/default/main.o
 .debug_frame   0x0000000000000038       0x48 c:/altera/16.0/nios2eds/bin/gnu/h-x86_64-mingw32/bin/../lib/gcc/nios2-elf/5.2.0/../../../../../H-x86_64-mingw32/nios2-elf/lib\libsmallc.a(lib_a-printf.o)
 .debug_frame   0x0000000000000080       0x8c c:/altera/16.0/nios2eds/bin/gnu/h-x86_64-mingw32/bin/../lib/gcc/nios2-elf/5.2.0/../../../../../H-x86_64-mingw32/nios2-elf/lib\libsmallc.a(lib_a-vfprintf.o)
 .debug_frame   0x000000000000010c       0x58 c:/altera/16.0/nios2eds/bin/gnu/h-x86_64-mingw32/bin/../lib/gcc/nios2-elf/5.2.0/../../../../../H-x86_64-mingw32/nios2-elf/lib\libsmallc.a(lib_a-fvwrite_small_dev.o)
 .debug_frame   0x0000000000000164       0x20 c:/altera/16.0/nios2eds/bin/gnu/h-x86_64-mingw32/bin/../lib/gcc/nios2-elf/5.2.0/../../../../../H-x86_64-mingw32/nios2-elf/lib\libsmallc.a(lib_a-strlen.o)
 .debug_frame   0x0000000000000184       0x38 c:/altera/16.0/nios2eds/bin/gnu/h-x86_64-mingw32/bin/../lib/gcc/nios2-elf/5.2.0/../../../../../H-x86_64-mingw32/nios2-elf/lib\libsmallc.a(lib_a-writer.o)
 .debug_frame   0x00000000000001bc       0x50 c:/altera/16.0/nios2eds/bin/gnu/h-x86_64-mingw32/bin/../lib/gcc/nios2-elf/5.2.0\libgcc.a(lib2-divmod.o)
 .debug_frame   0x000000000000020c       0x5c ../audio-test2_bsp/\libhal_bsp.a(alt_load.o)
 .debug_frame   0x0000000000000268       0x2c ../audio-test2_bsp/\libhal_bsp.a(alt_main.o)
 .debug_frame   0x0000000000000294       0x60 ../audio-test2_bsp/\libhal_bsp.a(alt_write.o)
 .debug_frame   0x00000000000002f4       0x88 ../audio-test2_bsp/\libhal_bsp.a(alt_sys_init.o)
 .debug_frame   0x000000000000037c       0xb0 ../audio-test2_bsp/\libhal_bsp.a(altera_avalon_jtag_uart_fd.o)
 .debug_frame   0x000000000000042c       0xa4 ../audio-test2_bsp/\libhal_bsp.a(altera_avalon_jtag_uart_init.o)
 .debug_frame   0x00000000000004d0       0x34 ../audio-test2_bsp/\libhal_bsp.a(altera_avalon_jtag_uart_ioctl.o)
 .debug_frame   0x0000000000000504       0x38 ../audio-test2_bsp/\libhal_bsp.a(altera_avalon_jtag_uart_read.o)
 .debug_frame   0x000000000000053c       0x38 ../audio-test2_bsp/\libhal_bsp.a(altera_avalon_jtag_uart_write.o)
 .debug_frame   0x0000000000000574       0x34 ../audio-test2_bsp/\libhal_bsp.a(alt_alarm_start.o)
 .debug_frame   0x00000000000005a8       0x60 ../audio-test2_bsp/\libhal_bsp.a(alt_close.o)
 .debug_frame   0x0000000000000608       0x34 ../audio-test2_bsp/\libhal_bsp.a(alt_dcache_flush_all.o)
 .debug_frame   0x000000000000063c       0x34 ../audio-test2_bsp/\libhal_bsp.a(alt_dev.o)
 .debug_frame   0x0000000000000670       0x60 ../audio-test2_bsp/\libhal_bsp.a(alt_dev_llist_insert.o)
 .debug_frame   0x00000000000006d0       0x38 ../audio-test2_bsp/\libhal_bsp.a(alt_icache_flush_all.o)
 .debug_frame   0x0000000000000708       0x60 ../audio-test2_bsp/\libhal_bsp.a(alt_io_redirect.o)
 .debug_frame   0x0000000000000768       0x34 ../audio-test2_bsp/\libhal_bsp.a(alt_irq_register.o)
 .debug_frame   0x000000000000079c       0x84 ../audio-test2_bsp/\libhal_bsp.a(alt_open.o)
 .debug_frame   0x0000000000000820       0x34 ../audio-test2_bsp/\libhal_bsp.a(alt_release_fd.o)
 .debug_frame   0x0000000000000854       0x5c ../audio-test2_bsp/\libhal_bsp.a(alt_tick.o)
 .debug_frame   0x00000000000008b0       0x34 ../audio-test2_bsp/\libhal_bsp.a(altera_nios2_gen2_irq.o)
 .debug_frame   0x00000000000008e4       0x38 ../audio-test2_bsp/\libhal_bsp.a(alt_find_dev.o)
 .debug_frame   0x000000000000091c       0x38 ../audio-test2_bsp/\libhal_bsp.a(alt_find_file.o)
 .debug_frame   0x0000000000000954       0x34 ../audio-test2_bsp/\libhal_bsp.a(alt_get_fd.o)
 .debug_frame   0x0000000000000988       0x34 ../audio-test2_bsp/\libhal_bsp.a(alt_icache_flush.o)
 .debug_frame   0x00000000000009bc       0x38 ../audio-test2_bsp/\libhal_bsp.a(alt_irq_handler.o)
 .debug_frame   0x00000000000009f4       0x5c ../audio-test2_bsp/\libhal_bsp.a(alt_instruction_exception_entry.o)
 .debug_frame   0x0000000000000a50       0x28 c:/altera/16.0/nios2eds/bin/gnu/h-x86_64-mingw32/bin/../lib/gcc/nios2-elf/5.2.0/../../../../../H-x86_64-mingw32/nios2-elf/lib\libsmallc.a(lib_a-exit.o)
 .debug_frame   0x0000000000000a78       0x20 c:/altera/16.0/nios2eds/bin/gnu/h-x86_64-mingw32/bin/../lib/gcc/nios2-elf/5.2.0/../../../../../H-x86_64-mingw32/nios2-elf/lib\libsmallc.a(lib_a-memcmp.o)
 .debug_frame   0x0000000000000a98       0x20 c:/altera/16.0/nios2eds/bin/gnu/h-x86_64-mingw32/bin/../lib/gcc/nios2-elf/5.2.0/../../../../../H-x86_64-mingw32/nios2-elf/lib\libsmallc.a(lib_a-memcpy.o)
 .debug_frame   0x0000000000000ab8       0x54 c:/altera/16.0/nios2eds/bin/gnu/h-x86_64-mingw32/bin/../lib/gcc/nios2-elf/5.2.0/../../../../../H-x86_64-mingw32/nios2-elf/lib\libsmallc.a(lib_a-__call_atexit.o)
 .debug_frame   0x0000000000000b0c       0x2c ../audio-test2_bsp/\libhal_bsp.a(alt_exit.o)

.debug_str      0x0000000000000000     0x1d42
 *(.debug_str)
 .debug_str     0x0000000000000000       0xeb obj/default/main.o
                                        0x130 (size before relaxing)
 .debug_str     0x00000000000000eb      0x40f c:/altera/16.0/nios2eds/bin/gnu/h-x86_64-mingw32/bin/../lib/gcc/nios2-elf/5.2.0/../../../../../H-x86_64-mingw32/nios2-elf/lib\libsmallc.a(lib_a-printf.o)
                                        0x4ea (size before relaxing)
 .debug_str     0x00000000000004fa      0x1f0 c:/altera/16.0/nios2eds/bin/gnu/h-x86_64-mingw32/bin/../lib/gcc/nios2-elf/5.2.0/../../../../../H-x86_64-mingw32/nios2-elf/lib\libsmallc.a(lib_a-vfprintf.o)
                                        0x665 (size before relaxing)
 .debug_str     0x00000000000006ea       0x75 c:/altera/16.0/nios2eds/bin/gnu/h-x86_64-mingw32/bin/../lib/gcc/nios2-elf/5.2.0/../../../../../H-x86_64-mingw32/nios2-elf/lib\libsmallc.a(lib_a-fvwrite_small_dev.o)
                                        0x4ba (size before relaxing)
 .debug_str     0x000000000000075f       0xe1 c:/altera/16.0/nios2eds/bin/gnu/h-x86_64-mingw32/bin/../lib/gcc/nios2-elf/5.2.0/../../../../../H-x86_64-mingw32/nios2-elf/lib\libsmallc.a(lib_a-impure.o)
                                        0x4a4 (size before relaxing)
 .debug_str     0x0000000000000840       0xc4 c:/altera/16.0/nios2eds/bin/gnu/h-x86_64-mingw32/bin/../lib/gcc/nios2-elf/5.2.0/../../../../../H-x86_64-mingw32/nios2-elf/lib\libsmallc.a(lib_a-strlen.o)
                                        0x1cb (size before relaxing)
 .debug_str     0x0000000000000904       0x42 c:/altera/16.0/nios2eds/bin/gnu/h-x86_64-mingw32/bin/../lib/gcc/nios2-elf/5.2.0/../../../../../H-x86_64-mingw32/nios2-elf/lib\libsmallc.a(lib_a-writer.o)
                                        0x49e (size before relaxing)
 .debug_str     0x0000000000000946       0x3c c:/altera/16.0/nios2eds/bin/gnu/h-x86_64-mingw32/bin/../lib/gcc/nios2-elf/5.2.0/../../../../../H-x86_64-mingw32/nios2-elf/lib\libsmallc.a(lib_a-int_errno.o)
                                        0x1be (size before relaxing)
 .debug_str     0x0000000000000982      0x16d c:/altera/16.0/nios2eds/bin/gnu/h-x86_64-mingw32/bin/../lib/gcc/nios2-elf/5.2.0\libgcc.a(lib2-divmod.o)
                                        0x1b8 (size before relaxing)
 .debug_str     0x0000000000000aef      0x189 ../audio-test2_bsp/\libhal_bsp.a(alt_load.o)
                                        0x227 (size before relaxing)
 .debug_str     0x0000000000000c78       0x91 ../audio-test2_bsp/\libhal_bsp.a(alt_main.o)
                                        0x1db (size before relaxing)
 .debug_str     0x0000000000000d09      0x15a ../audio-test2_bsp/\libhal_bsp.a(alt_write.o)
                                        0x30d (size before relaxing)
 .debug_str     0x0000000000000e63      0x1ae ../audio-test2_bsp/\libhal_bsp.a(alt_sys_init.o)
                                        0x3e7 (size before relaxing)
 .debug_str     0x0000000000001011       0xb9 ../audio-test2_bsp/\libhal_bsp.a(altera_avalon_jtag_uart_fd.o)
                                        0x3b9 (size before relaxing)
 .debug_str     0x00000000000010ca       0xd1 ../audio-test2_bsp/\libhal_bsp.a(altera_avalon_jtag_uart_init.o)
                                        0x36e (size before relaxing)
 .debug_str     0x000000000000119b       0x4a ../audio-test2_bsp/\libhal_bsp.a(altera_avalon_jtag_uart_ioctl.o)
                                        0x2a8 (size before relaxing)
 .debug_str     0x00000000000011e5       0x7f ../audio-test2_bsp/\libhal_bsp.a(altera_avalon_jtag_uart_read.o)
                                        0x31e (size before relaxing)
 .debug_str     0x0000000000001264       0x4a ../audio-test2_bsp/\libhal_bsp.a(altera_avalon_jtag_uart_write.o)
                                        0x31f (size before relaxing)
 .debug_str     0x00000000000012ae       0x59 ../audio-test2_bsp/\libhal_bsp.a(alt_alarm_start.o)
                                        0x2b4 (size before relaxing)
 .debug_str     0x0000000000001307       0x1b ../audio-test2_bsp/\libhal_bsp.a(alt_close.o)
                                        0x220 (size before relaxing)
 .debug_str     0x0000000000001322       0x34 ../audio-test2_bsp/\libhal_bsp.a(alt_dcache_flush_all.o)
                                        0x16a (size before relaxing)
 .debug_str     0x0000000000001356       0x50 ../audio-test2_bsp/\libhal_bsp.a(alt_dev.o)
                                        0x31a (size before relaxing)
 .debug_str     0x00000000000013a6       0x34 ../audio-test2_bsp/\libhal_bsp.a(alt_dev_llist_insert.o)
                                        0x1e1 (size before relaxing)
 .debug_str     0x00000000000013da       0x14 ../audio-test2_bsp/\libhal_bsp.a(alt_errno.o)
                                        0x15a (size before relaxing)
 .debug_str     0x00000000000013ee       0x34 ../audio-test2_bsp/\libhal_bsp.a(alt_icache_flush_all.o)
                                        0x16a (size before relaxing)
 .debug_str     0x0000000000001422       0x56 ../audio-test2_bsp/\libhal_bsp.a(alt_io_redirect.o)
                                        0x32b (size before relaxing)
 .debug_str     0x0000000000001478       0x77 ../audio-test2_bsp/\libhal_bsp.a(alt_irq_register.o)
                                        0x21d (size before relaxing)
 .debug_str     0x00000000000014ef       0x17 ../audio-test2_bsp/\libhal_bsp.a(alt_irq_vars.o)
                                        0x14f (size before relaxing)
 .debug_str     0x0000000000001506       0x2f ../audio-test2_bsp/\libhal_bsp.a(alt_open.o)
                                        0x260 (size before relaxing)
 .debug_str     0x0000000000001535       0x28 ../audio-test2_bsp/\libhal_bsp.a(alt_release_fd.o)
                                        0x1e8 (size before relaxing)
 .debug_str     0x000000000000155d       0x4a ../audio-test2_bsp/\libhal_bsp.a(alt_tick.o)
                                        0x288 (size before relaxing)
 .debug_str     0x00000000000015a7       0x3b ../audio-test2_bsp/\libhal_bsp.a(altera_nios2_gen2_irq.o)
                                        0x19a (size before relaxing)
 .debug_str     0x00000000000015e2       0x24 ../audio-test2_bsp/\libhal_bsp.a(alt_find_dev.o)
                                        0x201 (size before relaxing)
 .debug_str     0x0000000000001606       0x26 ../audio-test2_bsp/\libhal_bsp.a(alt_find_file.o)
                                        0x20f (size before relaxing)
 .debug_str     0x000000000000162c       0x30 ../audio-test2_bsp/\libhal_bsp.a(alt_get_fd.o)
                                        0x231 (size before relaxing)
 .debug_str     0x000000000000165c       0x2c ../audio-test2_bsp/\libhal_bsp.a(alt_icache_flush.o)
                                        0x170 (size before relaxing)
 .debug_str     0x0000000000001688       0x3a ../audio-test2_bsp/\libhal_bsp.a(alt_irq_handler.o)
                                        0x1cd (size before relaxing)
 .debug_str     0x00000000000016c2      0x48b ../audio-test2_bsp/\libhal_bsp.a(alt_instruction_exception_entry.o)
                                        0x5b5 (size before relaxing)
 .debug_str     0x0000000000001b4d       0xd3 c:/altera/16.0/nios2eds/bin/gnu/h-x86_64-mingw32/bin/../lib/gcc/nios2-elf/5.2.0/../../../../../H-x86_64-mingw32/nios2-elf/lib\libsmallc.a(lib_a-exit.o)
                                        0x1d6 (size before relaxing)
 .debug_str     0x0000000000001c20       0x41 c:/altera/16.0/nios2eds/bin/gnu/h-x86_64-mingw32/bin/../lib/gcc/nios2-elf/5.2.0/../../../../../H-x86_64-mingw32/nios2-elf/lib\libsmallc.a(lib_a-memcmp.o)
                                        0x1c5 (size before relaxing)
 .debug_str     0x0000000000001c61       0x55 c:/altera/16.0/nios2eds/bin/gnu/h-x86_64-mingw32/bin/../lib/gcc/nios2-elf/5.2.0/../../../../../H-x86_64-mingw32/nios2-elf/lib\libsmallc.a(lib_a-memcpy.o)
                                        0x1d9 (size before relaxing)
 .debug_str     0x0000000000001cb6       0x62 c:/altera/16.0/nios2eds/bin/gnu/h-x86_64-mingw32/bin/../lib/gcc/nios2-elf/5.2.0/../../../../../H-x86_64-mingw32/nios2-elf/lib\libsmallc.a(lib_a-__call_atexit.o)
                                        0x4d1 (size before relaxing)
 .debug_str     0x0000000000001d18       0x2a ../audio-test2_bsp/\libhal_bsp.a(alt_exit.o)
                                        0x18f (size before relaxing)

.debug_loc      0x0000000000000000     0x1386
 *(.debug_loc)
 .debug_loc     0x0000000000000000       0xc6 c:/altera/16.0/nios2eds/bin/gnu/h-x86_64-mingw32/bin/../lib/gcc/nios2-elf/5.2.0/../../../../../H-x86_64-mingw32/nios2-elf/lib\libsmallc.a(lib_a-printf.o)
 .debug_loc     0x00000000000000c6      0x901 c:/altera/16.0/nios2eds/bin/gnu/h-x86_64-mingw32/bin/../lib/gcc/nios2-elf/5.2.0/../../../../../H-x86_64-mingw32/nios2-elf/lib\libsmallc.a(lib_a-vfprintf.o)
 .debug_loc     0x00000000000009c7      0x110 c:/altera/16.0/nios2eds/bin/gnu/h-x86_64-mingw32/bin/../lib/gcc/nios2-elf/5.2.0/../../../../../H-x86_64-mingw32/nios2-elf/lib\libsmallc.a(lib_a-fvwrite_small_dev.o)
 .debug_loc     0x0000000000000ad7       0x1e c:/altera/16.0/nios2eds/bin/gnu/h-x86_64-mingw32/bin/../lib/gcc/nios2-elf/5.2.0/../../../../../H-x86_64-mingw32/nios2-elf/lib\libsmallc.a(lib_a-strlen.o)
 .debug_loc     0x0000000000000af5       0xa5 c:/altera/16.0/nios2eds/bin/gnu/h-x86_64-mingw32/bin/../lib/gcc/nios2-elf/5.2.0/../../../../../H-x86_64-mingw32/nios2-elf/lib\libsmallc.a(lib_a-writer.o)
 .debug_loc     0x0000000000000b9a      0x4ae c:/altera/16.0/nios2eds/bin/gnu/h-x86_64-mingw32/bin/../lib/gcc/nios2-elf/5.2.0\libgcc.a(lib2-divmod.o)
 .debug_loc     0x0000000000001048       0x1e c:/altera/16.0/nios2eds/bin/gnu/h-x86_64-mingw32/bin/../lib/gcc/nios2-elf/5.2.0/../../../../../H-x86_64-mingw32/nios2-elf/lib\libsmallc.a(lib_a-exit.o)
 .debug_loc     0x0000000000001066       0x94 c:/altera/16.0/nios2eds/bin/gnu/h-x86_64-mingw32/bin/../lib/gcc/nios2-elf/5.2.0/../../../../../H-x86_64-mingw32/nios2-elf/lib\libsmallc.a(lib_a-memcmp.o)
 .debug_loc     0x00000000000010fa      0x135 c:/altera/16.0/nios2eds/bin/gnu/h-x86_64-mingw32/bin/../lib/gcc/nios2-elf/5.2.0/../../../../../H-x86_64-mingw32/nios2-elf/lib\libsmallc.a(lib_a-memcpy.o)
 .debug_loc     0x000000000000122f      0x157 c:/altera/16.0/nios2eds/bin/gnu/h-x86_64-mingw32/bin/../lib/gcc/nios2-elf/5.2.0/../../../../../H-x86_64-mingw32/nios2-elf/lib\libsmallc.a(lib_a-__call_atexit.o)

.debug_macinfo
 *(.debug_macinfo)

.debug_weaknames
 *(.debug_weaknames)

.debug_funcnames
 *(.debug_funcnames)

.debug_typenames
 *(.debug_typenames)

.debug_varnames
 *(.debug_varnames)

.debug_alt_sim_info
                0x0000000000000000       0x30
 *(.debug_alt_sim_info)
 .debug_alt_sim_info
                0x0000000000000000       0x30 ../audio-test2_bsp//obj/HAL/src/crt0.o
                0x0000000001010000                __alt_data_end = 0x1010000
                0x0000000001010000                PROVIDE (__alt_stack_pointer, __alt_data_end)
                [!provide]                        PROVIDE (__alt_stack_limit, __alt_stack_base)
                [!provide]                        PROVIDE (__alt_heap_start, end)
                [!provide]                        PROVIDE (__alt_heap_limit, 0x1010000)
OUTPUT(audio-test2.elf elf32-littlenios2)

.debug_ranges   0x0000000000000000      0x2c8
 .debug_ranges  0x0000000000000000       0x20 ../audio-test2_bsp//obj/HAL/src/crt0.o
 .debug_ranges  0x0000000000000020       0x18 c:/altera/16.0/nios2eds/bin/gnu/h-x86_64-mingw32/bin/../lib/gcc/nios2-elf/5.2.0/../../../../../H-x86_64-mingw32/nios2-elf/lib\libsmallc.a(lib_a-printf.o)
 .debug_ranges  0x0000000000000038       0xc8 c:/altera/16.0/nios2eds/bin/gnu/h-x86_64-mingw32/bin/../lib/gcc/nios2-elf/5.2.0/../../../../../H-x86_64-mingw32/nios2-elf/lib\libsmallc.a(lib_a-vfprintf.o)
 .debug_ranges  0x0000000000000100       0x28 c:/altera/16.0/nios2eds/bin/gnu/h-x86_64-mingw32/bin/../lib/gcc/nios2-elf/5.2.0/../../../../../H-x86_64-mingw32/nios2-elf/lib\libsmallc.a(lib_a-fvwrite_small_dev.o)
 .debug_ranges  0x0000000000000128       0x10 c:/altera/16.0/nios2eds/bin/gnu/h-x86_64-mingw32/bin/../lib/gcc/nios2-elf/5.2.0/../../../../../H-x86_64-mingw32/nios2-elf/lib\libsmallc.a(lib_a-strlen.o)
 .debug_ranges  0x0000000000000138       0x10 c:/altera/16.0/nios2eds/bin/gnu/h-x86_64-mingw32/bin/../lib/gcc/nios2-elf/5.2.0/../../../../../H-x86_64-mingw32/nios2-elf/lib\libsmallc.a(lib_a-writer.o)
 .debug_ranges  0x0000000000000148       0x60 c:/altera/16.0/nios2eds/bin/gnu/h-x86_64-mingw32/bin/../lib/gcc/nios2-elf/5.2.0\libgcc.a(lib2-divmod.o)
 .debug_ranges  0x00000000000001a8       0x30 ../audio-test2_bsp/\libhal_bsp.a(altera_avalon_jtag_uart_init.o)
 .debug_ranges  0x00000000000001d8       0x18 ../audio-test2_bsp/\libhal_bsp.a(altera_avalon_jtag_uart_read.o)
 .debug_ranges  0x00000000000001f0       0x28 ../audio-test2_bsp/\libhal_bsp.a(alt_irq_entry.o)
 .debug_ranges  0x0000000000000218       0x10 ../audio-test2_bsp/\libhal_bsp.a(alt_irq_handler.o)
 .debug_ranges  0x0000000000000228       0x30 ../audio-test2_bsp/\libhal_bsp.a(alt_exception_entry.o)
 .debug_ranges  0x0000000000000258       0x18 ../audio-test2_bsp/\libhal_bsp.a(alt_instruction_exception_entry.o)
 .debug_ranges  0x0000000000000270       0x10 c:/altera/16.0/nios2eds/bin/gnu/h-x86_64-mingw32/bin/../lib/gcc/nios2-elf/5.2.0/../../../../../H-x86_64-mingw32/nios2-elf/lib\libsmallc.a(lib_a-exit.o)
 .debug_ranges  0x0000000000000280       0x10 c:/altera/16.0/nios2eds/bin/gnu/h-x86_64-mingw32/bin/../lib/gcc/nios2-elf/5.2.0/../../../../../H-x86_64-mingw32/nios2-elf/lib\libsmallc.a(lib_a-memcmp.o)
 .debug_ranges  0x0000000000000290       0x10 c:/altera/16.0/nios2eds/bin/gnu/h-x86_64-mingw32/bin/../lib/gcc/nios2-elf/5.2.0/../../../../../H-x86_64-mingw32/nios2-elf/lib\libsmallc.a(lib_a-memcpy.o)
 .debug_ranges  0x00000000000002a0       0x28 c:/altera/16.0/nios2eds/bin/gnu/h-x86_64-mingw32/bin/../lib/gcc/nios2-elf/5.2.0/../../../../../H-x86_64-mingw32/nios2-elf/lib\libsmallc.a(lib_a-__call_atexit.o)
