Archive member included to satisfy reference by file (symbol)

c:/altera/16.0/nios2eds/bin/gnu/h-x86_64-mingw32/bin/../lib/gcc/nios2-elf/5.2.0/../../../../../H-x86_64-mingw32/nios2-elf/lib\libsmallc.a(lib_a-printf.o)
                              obj/default/hello_world.o (printf)
c:/altera/16.0/nios2eds/bin/gnu/h-x86_64-mingw32/bin/../lib/gcc/nios2-elf/5.2.0/../../../../../H-x86_64-mingw32/nios2-elf/lib\libsmallc.a(lib_a-puts.o)
                              obj/default/hello_world.o (puts)
c:/altera/16.0/nios2eds/bin/gnu/h-x86_64-mingw32/bin/../lib/gcc/nios2-elf/5.2.0/../../../../../H-x86_64-mingw32/nios2-elf/lib\libsmallc.a(lib_a-strlen.o)
                              c:/altera/16.0/nios2eds/bin/gnu/h-x86_64-mingw32/bin/../lib/gcc/nios2-elf/5.2.0/../../../../../H-x86_64-mingw32/nios2-elf/lib\libsmallc.a(lib_a-puts.o) (strlen)
c:/altera/16.0/nios2eds/bin/gnu/h-x86_64-mingw32/bin/../lib/gcc/nios2-elf/5.2.0/../../../../../H-x86_64-mingw32/nios2-elf/lib\libsmallc.a(lib_a-vfprintf.o)
                              c:/altera/16.0/nios2eds/bin/gnu/h-x86_64-mingw32/bin/../lib/gcc/nios2-elf/5.2.0/../../../../../H-x86_64-mingw32/nios2-elf/lib\libsmallc.a(lib_a-printf.o) (___vfprintf_internal_r)
c:/altera/16.0/nios2eds/bin/gnu/h-x86_64-mingw32/bin/../lib/gcc/nios2-elf/5.2.0/../../../../../H-x86_64-mingw32/nios2-elf/lib\libsmallc.a(lib_a-fvwrite_small_dev.o)
                              c:/altera/16.0/nios2eds/bin/gnu/h-x86_64-mingw32/bin/../lib/gcc/nios2-elf/5.2.0/../../../../../H-x86_64-mingw32/nios2-elf/lib\libsmallc.a(lib_a-printf.o) (__sfvwrite_small_dev)
c:/altera/16.0/nios2eds/bin/gnu/h-x86_64-mingw32/bin/../lib/gcc/nios2-elf/5.2.0/../../../../../H-x86_64-mingw32/nios2-elf/lib\libsmallc.a(lib_a-impure.o)
                              c:/altera/16.0/nios2eds/bin/gnu/h-x86_64-mingw32/bin/../lib/gcc/nios2-elf/5.2.0/../../../../../H-x86_64-mingw32/nios2-elf/lib\libsmallc.a(lib_a-printf.o) (_impure_ptr)
c:/altera/16.0/nios2eds/bin/gnu/h-x86_64-mingw32/bin/../lib/gcc/nios2-elf/5.2.0/../../../../../H-x86_64-mingw32/nios2-elf/lib\libsmallc.a(lib_a-writer.o)
                              c:/altera/16.0/nios2eds/bin/gnu/h-x86_64-mingw32/bin/../lib/gcc/nios2-elf/5.2.0/../../../../../H-x86_64-mingw32/nios2-elf/lib\libsmallc.a(lib_a-fvwrite_small_dev.o) (_write_r)
c:/altera/16.0/nios2eds/bin/gnu/h-x86_64-mingw32/bin/../lib/gcc/nios2-elf/5.2.0/../../../../../H-x86_64-mingw32/nios2-elf/lib\libsmallc.a(lib_a-int_errno.o)
                              c:/altera/16.0/nios2eds/bin/gnu/h-x86_64-mingw32/bin/../lib/gcc/nios2-elf/5.2.0/../../../../../H-x86_64-mingw32/nios2-elf/lib\libsmallc.a(lib_a-writer.o) (errno)
c:/altera/16.0/nios2eds/bin/gnu/h-x86_64-mingw32/bin/../lib/gcc/nios2-elf/5.2.0\libgcc.a(lib2-divmod.o)
                              c:/altera/16.0/nios2eds/bin/gnu/h-x86_64-mingw32/bin/../lib/gcc/nios2-elf/5.2.0/../../../../../H-x86_64-mingw32/nios2-elf/lib\libsmallc.a(lib_a-vfprintf.o) (__udivsi3)
../Oscill_PO_bsp/\libhal_bsp.a(alt_load.o)
                              ../Oscill_PO_bsp//obj/HAL/src/crt0.o (alt_load)
../Oscill_PO_bsp/\libhal_bsp.a(alt_main.o)
                              ../Oscill_PO_bsp//obj/HAL/src/crt0.o (alt_main)
../Oscill_PO_bsp/\libhal_bsp.a(alt_write.o)
                              c:/altera/16.0/nios2eds/bin/gnu/h-x86_64-mingw32/bin/../lib/gcc/nios2-elf/5.2.0/../../../../../H-x86_64-mingw32/nios2-elf/lib\libsmallc.a(lib_a-writer.o) (write)
../Oscill_PO_bsp/\libhal_bsp.a(alt_sys_init.o)
                              ../Oscill_PO_bsp/\libhal_bsp.a(alt_main.o) (alt_irq_init)
../Oscill_PO_bsp/\libhal_bsp.a(altera_avalon_jtag_uart_fd.o)
                              ../Oscill_PO_bsp/\libhal_bsp.a(alt_sys_init.o) (altera_avalon_jtag_uart_read_fd)
../Oscill_PO_bsp/\libhal_bsp.a(altera_avalon_jtag_uart_init.o)
                              ../Oscill_PO_bsp/\libhal_bsp.a(alt_sys_init.o) (altera_avalon_jtag_uart_init)
../Oscill_PO_bsp/\libhal_bsp.a(altera_avalon_jtag_uart_ioctl.o)
                              ../Oscill_PO_bsp/\libhal_bsp.a(altera_avalon_jtag_uart_fd.o) (altera_avalon_jtag_uart_ioctl)
../Oscill_PO_bsp/\libhal_bsp.a(altera_avalon_jtag_uart_read.o)
                              ../Oscill_PO_bsp/\libhal_bsp.a(altera_avalon_jtag_uart_fd.o) (altera_avalon_jtag_uart_read)
../Oscill_PO_bsp/\libhal_bsp.a(altera_avalon_jtag_uart_write.o)
                              ../Oscill_PO_bsp/\libhal_bsp.a(altera_avalon_jtag_uart_fd.o) (altera_avalon_jtag_uart_write)
../Oscill_PO_bsp/\libhal_bsp.a(altera_up_avalon_video_pixel_buffer_dma.o)
                              obj/default/hello_world.o (alt_up_pixel_buffer_dma_open_dev)
../Oscill_PO_bsp/\libhal_bsp.a(alt_alarm_start.o)
                              ../Oscill_PO_bsp/\libhal_bsp.a(altera_avalon_jtag_uart_init.o) (alt_alarm_start)
../Oscill_PO_bsp/\libhal_bsp.a(alt_close.o)
                              ../Oscill_PO_bsp/\libhal_bsp.a(alt_main.o) (close)
../Oscill_PO_bsp/\libhal_bsp.a(alt_dcache_flush_all.o)
                              ../Oscill_PO_bsp/\libhal_bsp.a(alt_load.o) (alt_dcache_flush_all)
../Oscill_PO_bsp/\libhal_bsp.a(alt_dev.o)
                              ../Oscill_PO_bsp/\libhal_bsp.a(alt_sys_init.o) (alt_dev_list)
../Oscill_PO_bsp/\libhal_bsp.a(alt_dev_llist_insert.o)
                              ../Oscill_PO_bsp/\libhal_bsp.a(alt_sys_init.o) (alt_dev_llist_insert)
../Oscill_PO_bsp/\libhal_bsp.a(alt_errno.o)
                              ../Oscill_PO_bsp/\libhal_bsp.a(alt_write.o) (alt_errno)
../Oscill_PO_bsp/\libhal_bsp.a(alt_find_dev.o)
                              ../Oscill_PO_bsp/\libhal_bsp.a(altera_up_avalon_video_pixel_buffer_dma.o) (alt_find_dev)
../Oscill_PO_bsp/\libhal_bsp.a(alt_icache_flush_all.o)
                              ../Oscill_PO_bsp/\libhal_bsp.a(alt_load.o) (alt_icache_flush_all)
../Oscill_PO_bsp/\libhal_bsp.a(alt_io_redirect.o)
                              ../Oscill_PO_bsp/\libhal_bsp.a(alt_main.o) (alt_io_redirect)
../Oscill_PO_bsp/\libhal_bsp.a(alt_irq_register.o)
                              ../Oscill_PO_bsp/\libhal_bsp.a(altera_avalon_jtag_uart_init.o) (alt_irq_register)
../Oscill_PO_bsp/\libhal_bsp.a(alt_irq_vars.o)
                              ../Oscill_PO_bsp/\libhal_bsp.a(alt_irq_register.o) (alt_irq_active)
../Oscill_PO_bsp/\libhal_bsp.a(alt_open.o)
                              ../Oscill_PO_bsp/\libhal_bsp.a(alt_io_redirect.o) (open)
../Oscill_PO_bsp/\libhal_bsp.a(alt_release_fd.o)
                              ../Oscill_PO_bsp/\libhal_bsp.a(alt_close.o) (alt_release_fd)
../Oscill_PO_bsp/\libhal_bsp.a(alt_tick.o)
                              ../Oscill_PO_bsp/\libhal_bsp.a(altera_avalon_jtag_uart_init.o) (_alt_tick_rate)
../Oscill_PO_bsp/\libhal_bsp.a(altera_nios2_gen2_irq.o)
                              ../Oscill_PO_bsp/\libhal_bsp.a(alt_sys_init.o) (altera_nios2_gen2_irq_init)
../Oscill_PO_bsp/\libhal_bsp.a(alt_find_file.o)
                              ../Oscill_PO_bsp/\libhal_bsp.a(alt_open.o) (alt_find_file)
../Oscill_PO_bsp/\libhal_bsp.a(alt_get_fd.o)
                              ../Oscill_PO_bsp/\libhal_bsp.a(alt_open.o) (alt_get_fd)
../Oscill_PO_bsp/\libhal_bsp.a(alt_icache_flush.o)
                              ../Oscill_PO_bsp/\libhal_bsp.a(alt_icache_flush_all.o) (alt_icache_flush)
../Oscill_PO_bsp/\libhal_bsp.a(alt_irq_entry.o)
                              ../Oscill_PO_bsp/\libhal_bsp.a(alt_irq_register.o) (alt_irq_entry)
../Oscill_PO_bsp/\libhal_bsp.a(alt_irq_handler.o)
                              ../Oscill_PO_bsp/\libhal_bsp.a(alt_irq_register.o) (alt_irq)
../Oscill_PO_bsp/\libhal_bsp.a(alt_exception_entry.o)
                              ../Oscill_PO_bsp/\libhal_bsp.a(alt_irq_entry.o) (alt_exception)
../Oscill_PO_bsp/\libhal_bsp.a(alt_instruction_exception_entry.o)
                              ../Oscill_PO_bsp/\libhal_bsp.a(alt_exception_entry.o) (alt_instruction_exception_entry)
c:/altera/16.0/nios2eds/bin/gnu/h-x86_64-mingw32/bin/../lib/gcc/nios2-elf/5.2.0/../../../../../H-x86_64-mingw32/nios2-elf/lib\libsmallc.a(lib_a-exit.o)
                              ../Oscill_PO_bsp/\libhal_bsp.a(alt_main.o) (exit)
c:/altera/16.0/nios2eds/bin/gnu/h-x86_64-mingw32/bin/../lib/gcc/nios2-elf/5.2.0/../../../../../H-x86_64-mingw32/nios2-elf/lib\libsmallc.a(lib_a-memcmp.o)
                              ../Oscill_PO_bsp/\libhal_bsp.a(alt_find_dev.o) (memcmp)
c:/altera/16.0/nios2eds/bin/gnu/h-x86_64-mingw32/bin/../lib/gcc/nios2-elf/5.2.0/../../../../../H-x86_64-mingw32/nios2-elf/lib\libsmallc.a(lib_a-memcpy.o)
                              ../Oscill_PO_bsp/\libhal_bsp.a(altera_avalon_jtag_uart_read.o) (memcpy)
c:/altera/16.0/nios2eds/bin/gnu/h-x86_64-mingw32/bin/../lib/gcc/nios2-elf/5.2.0/../../../../../H-x86_64-mingw32/nios2-elf/lib\libsmallc.a(lib_a-__call_atexit.o)
                              c:/altera/16.0/nios2eds/bin/gnu/h-x86_64-mingw32/bin/../lib/gcc/nios2-elf/5.2.0/../../../../../H-x86_64-mingw32/nios2-elf/lib\libsmallc.a(lib_a-exit.o) (__call_exitprocs)
../Oscill_PO_bsp/\libhal_bsp.a(alt_exit.o)
                              c:/altera/16.0/nios2eds/bin/gnu/h-x86_64-mingw32/bin/../lib/gcc/nios2-elf/5.2.0/../../../../../H-x86_64-mingw32/nios2-elf/lib\libsmallc.a(lib_a-exit.o) (_exit)

Allocating common symbols
Common symbol       size              file

alt_irq             0x100             ../Oscill_PO_bsp/\libhal_bsp.a(alt_irq_handler.o)
errno               0x4               c:/altera/16.0/nios2eds/bin/gnu/h-x86_64-mingw32/bin/../lib/gcc/nios2-elf/5.2.0/../../../../../H-x86_64-mingw32/nios2-elf/lib\libsmallc.a(lib_a-int_errno.o)

Memory Configuration

Name             Origin             Length             Attributes
reset            0x0000000000080000 0x0000000000000020
onchip_memory    0x0000000000080020 0x000000000004e1e0
*default*        0x0000000000000000 0xffffffffffffffff

Linker script and memory map

LOAD ../Oscill_PO_bsp//obj/HAL/src/crt0.o
LOAD obj/default/hello_world.o
LOAD c:/altera/16.0/nios2eds/bin/gnu/h-x86_64-mingw32/bin/../lib/gcc/nios2-elf/5.2.0/../../../../../H-x86_64-mingw32/nios2-elf/lib\libstdc++.a
LOAD c:/altera/16.0/nios2eds/bin/gnu/h-x86_64-mingw32/bin/../lib/gcc/nios2-elf/5.2.0/../../../../../H-x86_64-mingw32/nios2-elf/lib\libm.a
LOAD c:/altera/16.0/nios2eds/bin/gnu/h-x86_64-mingw32/bin/../lib/gcc/nios2-elf/5.2.0\libgcc.a
START GROUP
LOAD c:/altera/16.0/nios2eds/bin/gnu/h-x86_64-mingw32/bin/../lib/gcc/nios2-elf/5.2.0/../../../../../H-x86_64-mingw32/nios2-elf/lib\libsmallc.a
LOAD c:/altera/16.0/nios2eds/bin/gnu/h-x86_64-mingw32/bin/../lib/gcc/nios2-elf/5.2.0\libgcc.a
LOAD ../Oscill_PO_bsp/\libhal_bsp.a
LOAD c:/altera/16.0/nios2eds/bin/gnu/h-x86_64-mingw32/bin/../lib/gcc/nios2-elf/5.2.0/../../../../../H-x86_64-mingw32/nios2-elf/lib\libm.a
END GROUP
LOAD c:/altera/16.0/nios2eds/bin/gnu/h-x86_64-mingw32/bin/../lib/gcc/nios2-elf/5.2.0\libgcc.a
                0x0000000000080000                __alt_mem_onchip_memory = 0x80000

.entry          0x0000000000080000       0x20
 *(.entry)
 .entry         0x0000000000080000       0x20 ../Oscill_PO_bsp//obj/HAL/src/crt0.o
                0x0000000000080000                __reset

.exceptions     0x0000000000080020      0x228
                0x0000000000080020                PROVIDE (__ram_exceptions_start, ABSOLUTE (.))
                0x0000000000080020                . = ALIGN (0x20)
 *(.irq)
 *(.exceptions.entry.label)
 .exceptions.entry.label
                0x0000000000080020        0x0 ../Oscill_PO_bsp/\libhal_bsp.a(alt_irq_entry.o)
                0x0000000000080020                alt_irq_entry
 .exceptions.entry.label
                0x0000000000080020        0x0 ../Oscill_PO_bsp/\libhal_bsp.a(alt_exception_entry.o)
                0x0000000000080020                alt_exception
 *(.exceptions.entry.user)
 *(.exceptions.entry.ecc_fatal)
 *(.exceptions.entry)
 .exceptions.entry
                0x0000000000080020       0x54 ../Oscill_PO_bsp/\libhal_bsp.a(alt_exception_entry.o)
 *(.exceptions.irqtest.user)
 *(.exceptions.irqtest)
 .exceptions.irqtest
                0x0000000000080074       0x10 ../Oscill_PO_bsp/\libhal_bsp.a(alt_irq_entry.o)
 *(.exceptions.irqhandler.user)
 *(.exceptions.irqhandler)
 .exceptions.irqhandler
                0x0000000000080084        0x4 ../Oscill_PO_bsp/\libhal_bsp.a(alt_irq_entry.o)
 *(.exceptions.irqreturn.user)
 *(.exceptions.irqreturn)
 .exceptions.irqreturn
                0x0000000000080088        0x4 ../Oscill_PO_bsp/\libhal_bsp.a(alt_irq_entry.o)
 *(.exceptions.notirq.label)
 .exceptions.notirq.label
                0x000000000008008c        0x0 ../Oscill_PO_bsp/\libhal_bsp.a(alt_irq_entry.o)
 *(.exceptions.notirq.user)
 *(.exceptions.notirq)
 .exceptions.notirq
                0x000000000008008c        0x8 ../Oscill_PO_bsp/\libhal_bsp.a(alt_exception_entry.o)
 *(.exceptions.soft.user)
 *(.exceptions.soft)
 *(.exceptions.unknown.user)
 *(.exceptions.unknown)
 .exceptions.unknown
                0x0000000000080094       0x14 ../Oscill_PO_bsp/\libhal_bsp.a(alt_exception_entry.o)
 *(.exceptions.exit.label)
 .exceptions.exit.label
                0x00000000000800a8        0x0 ../Oscill_PO_bsp/\libhal_bsp.a(alt_irq_entry.o)
 .exceptions.exit.label
                0x00000000000800a8        0x0 ../Oscill_PO_bsp/\libhal_bsp.a(alt_exception_entry.o)
 *(.exceptions.exit.user)
 *(.exceptions.exit)
 .exceptions.exit
                0x00000000000800a8       0x54 ../Oscill_PO_bsp/\libhal_bsp.a(alt_exception_entry.o)
 *(.exceptions)
 .exceptions    0x00000000000800fc       0xd8 ../Oscill_PO_bsp/\libhal_bsp.a(alt_irq_handler.o)
                0x00000000000800fc                alt_irq_handler
 .exceptions    0x00000000000801d4       0x74 ../Oscill_PO_bsp/\libhal_bsp.a(alt_instruction_exception_entry.o)
                0x00000000000801d4                alt_instruction_exception_entry
                0x0000000000080248                PROVIDE (__ram_exceptions_end, ABSOLUTE (.))
                0x0000000000080020                PROVIDE (__flash_exceptions_start, LOADADDR (.exceptions))

.text           0x0000000000080248     0x3a5c
                [!provide]                        PROVIDE (stext, ABSOLUTE (.))
 *(.interp)
 *(.hash)
 *(.dynsym)
 *(.dynstr)
 *(.gnu.version)
 *(.gnu.version_d)
 *(.gnu.version_r)
 *(.rel.init)
 *(.rela.init)
 *(.rel.text .rel.text.* .rel.gnu.linkonce.t.*)
 *(.rela.text .rela.text.* .rela.gnu.linkonce.t.*)
 *(.rel.fini)
 *(.rela.fini)
 *(.rel.rodata .rel.rodata.* .rel.gnu.linkonce.r.*)
 *(.rela.rodata .rela.rodata.* .rela.gnu.linkonce.r.*)
 *(.rel.data .rel.data.* .rel.gnu.linkonce.d.*)
 *(.rela.data .rela.data.* .rela.gnu.linkonce.d.*)
 *(.rel.tdata .rel.tdata.* .rel.gnu.linkonce.td.*)
 *(.rela.tdata .rela.tdata.* .rela.gnu.linkonce.td.*)
 *(.rel.tbss .rel.tbss.* .rel.gnu.linkonce.tb.*)
 *(.rela.tbss .rela.tbss.* .rela.gnu.linkonce.tb.*)
 *(.rel.ctors)
 *(.rela.ctors)
 *(.rel.dtors)
 *(.rela.dtors)
 *(.rel.got)
 *(.rela.got)
 *(.rel.sdata .rel.sdata.* .rel.gnu.linkonce.s.*)
 *(.rela.sdata .rela.sdata.* .rela.gnu.linkonce.s.*)
 *(.rel.sbss .rel.sbss.* .rel.gnu.linkonce.sb.*)
 *(.rela.sbss .rela.sbss.* .rela.gnu.linkonce.sb.*)
 *(.rel.sdata2 .rel.sdata2.* .rel.gnu.linkonce.s2.*)
 *(.rela.sdata2 .rela.sdata2.* .rela.gnu.linkonce.s2.*)
 *(.rel.sbss2 .rel.sbss2.* .rel.gnu.linkonce.sb2.*)
 *(.rela.sbss2 .rela.sbss2.* .rela.gnu.linkonce.sb2.*)
 *(.rel.bss .rel.bss.* .rel.gnu.linkonce.b.*)
 *(.rela.bss .rela.bss.* .rela.gnu.linkonce.b.*)
 *(.rel.plt)
 *(.rela.plt)
 *(.rel.dyn)
 *(.init)
 *(.plt)
 *(.text .stub .text.* .gnu.linkonce.t.*)
 .text          0x0000000000080248       0x4c ../Oscill_PO_bsp//obj/HAL/src/crt0.o
                0x0000000000080248                _start
 .text          0x0000000000080294       0xa4 obj/default/hello_world.o
                0x0000000000080294                main
 .text          0x0000000000080338        0x0 c:/altera/16.0/nios2eds/bin/gnu/h-x86_64-mingw32/bin/../lib/gcc/nios2-elf/5.2.0/../../../../../H-x86_64-mingw32/nios2-elf/lib\libsmallc.a(lib_a-printf.o)
 .text._printf_r
                0x0000000000080338       0x3c c:/altera/16.0/nios2eds/bin/gnu/h-x86_64-mingw32/bin/../lib/gcc/nios2-elf/5.2.0/../../../../../H-x86_64-mingw32/nios2-elf/lib\libsmallc.a(lib_a-printf.o)
                0x0000000000080338                _printf_r
 .text.printf   0x0000000000080374       0x4c c:/altera/16.0/nios2eds/bin/gnu/h-x86_64-mingw32/bin/../lib/gcc/nios2-elf/5.2.0/../../../../../H-x86_64-mingw32/nios2-elf/lib\libsmallc.a(lib_a-printf.o)
                0x0000000000080374                printf
 .text          0x00000000000803c0        0x0 c:/altera/16.0/nios2eds/bin/gnu/h-x86_64-mingw32/bin/../lib/gcc/nios2-elf/5.2.0/../../../../../H-x86_64-mingw32/nios2-elf/lib\libsmallc.a(lib_a-puts.o)
 .text._puts_r  0x00000000000803c0       0x80 c:/altera/16.0/nios2eds/bin/gnu/h-x86_64-mingw32/bin/../lib/gcc/nios2-elf/5.2.0/../../../../../H-x86_64-mingw32/nios2-elf/lib\libsmallc.a(lib_a-puts.o)
                0x00000000000803c0                _puts_r
 .text.puts     0x0000000000080440       0x14 c:/altera/16.0/nios2eds/bin/gnu/h-x86_64-mingw32/bin/../lib/gcc/nios2-elf/5.2.0/../../../../../H-x86_64-mingw32/nios2-elf/lib\libsmallc.a(lib_a-puts.o)
                0x0000000000080440                puts
 .text          0x0000000000080454        0x0 c:/altera/16.0/nios2eds/bin/gnu/h-x86_64-mingw32/bin/../lib/gcc/nios2-elf/5.2.0/../../../../../H-x86_64-mingw32/nios2-elf/lib\libsmallc.a(lib_a-strlen.o)
 .text.strlen   0x0000000000080454       0x1c c:/altera/16.0/nios2eds/bin/gnu/h-x86_64-mingw32/bin/../lib/gcc/nios2-elf/5.2.0/../../../../../H-x86_64-mingw32/nios2-elf/lib\libsmallc.a(lib_a-strlen.o)
                0x0000000000080454                strlen
 .text          0x0000000000080470        0x0 c:/altera/16.0/nios2eds/bin/gnu/h-x86_64-mingw32/bin/../lib/gcc/nios2-elf/5.2.0/../../../../../H-x86_64-mingw32/nios2-elf/lib\libsmallc.a(lib_a-vfprintf.o)
 .text.print_repeat
                0x0000000000080470       0x6c c:/altera/16.0/nios2eds/bin/gnu/h-x86_64-mingw32/bin/../lib/gcc/nios2-elf/5.2.0/../../../../../H-x86_64-mingw32/nios2-elf/lib\libsmallc.a(lib_a-vfprintf.o)
 .text.___vfprintf_internal_r
                0x00000000000804dc      0x524 c:/altera/16.0/nios2eds/bin/gnu/h-x86_64-mingw32/bin/../lib/gcc/nios2-elf/5.2.0/../../../../../H-x86_64-mingw32/nios2-elf/lib\libsmallc.a(lib_a-vfprintf.o)
                0x00000000000804dc                ___vfprintf_internal_r
 .text.__vfprintf_internal
                0x0000000000080a00       0x1c c:/altera/16.0/nios2eds/bin/gnu/h-x86_64-mingw32/bin/../lib/gcc/nios2-elf/5.2.0/../../../../../H-x86_64-mingw32/nios2-elf/lib\libsmallc.a(lib_a-vfprintf.o)
                0x0000000000080a00                __vfprintf_internal
 .text          0x0000000000080a1c        0x0 c:/altera/16.0/nios2eds/bin/gnu/h-x86_64-mingw32/bin/../lib/gcc/nios2-elf/5.2.0/../../../../../H-x86_64-mingw32/nios2-elf/lib\libsmallc.a(lib_a-fvwrite_small_dev.o)
 .text.__sfvwrite_small_dev
                0x0000000000080a1c       0xb8 c:/altera/16.0/nios2eds/bin/gnu/h-x86_64-mingw32/bin/../lib/gcc/nios2-elf/5.2.0/../../../../../H-x86_64-mingw32/nios2-elf/lib\libsmallc.a(lib_a-fvwrite_small_dev.o)
                0x0000000000080a1c                __sfvwrite_small_dev
 .text          0x0000000000080ad4        0x0 c:/altera/16.0/nios2eds/bin/gnu/h-x86_64-mingw32/bin/../lib/gcc/nios2-elf/5.2.0/../../../../../H-x86_64-mingw32/nios2-elf/lib\libsmallc.a(lib_a-impure.o)
 .text          0x0000000000080ad4        0x0 c:/altera/16.0/nios2eds/bin/gnu/h-x86_64-mingw32/bin/../lib/gcc/nios2-elf/5.2.0/../../../../../H-x86_64-mingw32/nios2-elf/lib\libsmallc.a(lib_a-writer.o)
 .text._write_r
                0x0000000000080ad4       0x58 c:/altera/16.0/nios2eds/bin/gnu/h-x86_64-mingw32/bin/../lib/gcc/nios2-elf/5.2.0/../../../../../H-x86_64-mingw32/nios2-elf/lib\libsmallc.a(lib_a-writer.o)
                0x0000000000080ad4                _write_r
 .text          0x0000000000080b2c        0x0 c:/altera/16.0/nios2eds/bin/gnu/h-x86_64-mingw32/bin/../lib/gcc/nios2-elf/5.2.0/../../../../../H-x86_64-mingw32/nios2-elf/lib\libsmallc.a(lib_a-int_errno.o)
 .text          0x0000000000080b2c      0x1b4 c:/altera/16.0/nios2eds/bin/gnu/h-x86_64-mingw32/bin/../lib/gcc/nios2-elf/5.2.0\libgcc.a(lib2-divmod.o)
                0x0000000000080b2c                __divsi3
                0x0000000000080bb0                __modsi3
                0x0000000000080c24                __udivsi3
                0x0000000000080c88                __umodsi3
 .text          0x0000000000080ce0       0xec ../Oscill_PO_bsp/\libhal_bsp.a(alt_load.o)
                0x0000000000080d48                alt_load
 .text          0x0000000000080dcc       0x6c ../Oscill_PO_bsp/\libhal_bsp.a(alt_main.o)
                0x0000000000080dcc                alt_main
 .text          0x0000000000080e38      0x148 ../Oscill_PO_bsp/\libhal_bsp.a(alt_write.o)
                0x0000000000080e88                write
 .text          0x0000000000080f80      0x2b0 ../Oscill_PO_bsp/\libhal_bsp.a(alt_sys_init.o)
                0x0000000000080fb8                alt_irq_init
                0x0000000000080ff0                alt_sys_init
 .text          0x0000000000081230      0x164 ../Oscill_PO_bsp/\libhal_bsp.a(altera_avalon_jtag_uart_fd.o)
                0x0000000000081230                altera_avalon_jtag_uart_read_fd
                0x0000000000081290                altera_avalon_jtag_uart_write_fd
                0x00000000000812f0                altera_avalon_jtag_uart_close_fd
                0x0000000000081340                altera_avalon_jtag_uart_ioctl_fd
 .text          0x0000000000081394      0x3dc ../Oscill_PO_bsp/\libhal_bsp.a(altera_avalon_jtag_uart_init.o)
                0x0000000000081394                altera_avalon_jtag_uart_init
                0x0000000000081708                altera_avalon_jtag_uart_close
 .text          0x0000000000081770       0xf0 ../Oscill_PO_bsp/\libhal_bsp.a(altera_avalon_jtag_uart_ioctl.o)
                0x0000000000081770                altera_avalon_jtag_uart_ioctl
 .text          0x0000000000081860      0x21c ../Oscill_PO_bsp/\libhal_bsp.a(altera_avalon_jtag_uart_read.o)
                0x0000000000081860                altera_avalon_jtag_uart_read
 .text          0x0000000000081a7c      0x224 ../Oscill_PO_bsp/\libhal_bsp.a(altera_avalon_jtag_uart_write.o)
                0x0000000000081a7c                altera_avalon_jtag_uart_write
 .text          0x0000000000081ca0      0xeb8 ../Oscill_PO_bsp/\libhal_bsp.a(altera_up_avalon_video_pixel_buffer_dma.o)
                0x0000000000081ca0                alt_up_pixel_buffer_dma_open_dev
                0x0000000000081ce0                alt_up_pixel_buffer_dma_draw
                0x0000000000081e74                alt_up_pixel_buffer_dma_change_back_buffer_address
                0x0000000000081ed0                alt_up_pixel_buffer_dma_swap_buffers
                0x0000000000081f30                alt_up_pixel_buffer_dma_check_swap_buffers_status
                0x0000000000081f64                alt_up_pixel_buffer_dma_clear_screen
                0x000000000008208c                alt_up_pixel_buffer_dma_draw_box
                0x0000000000082368                alt_up_pixel_buffer_dma_draw_hline
                0x0000000000082578                alt_up_pixel_buffer_dma_draw_vline
                0x00000000000827c4                alt_up_pixel_buffer_dma_draw_rectangle
                0x000000000008288c                helper_plot_pixel
                0x0000000000082910                alt_up_pixel_buffer_dma_draw_line
 .text          0x0000000000082b58      0x140 ../Oscill_PO_bsp/\libhal_bsp.a(alt_alarm_start.o)
                0x0000000000082b58                alt_alarm_start
 .text          0x0000000000082c98      0x120 ../Oscill_PO_bsp/\libhal_bsp.a(alt_close.o)
                0x0000000000082ce8                close
 .text          0x0000000000082db8       0x48 ../Oscill_PO_bsp/\libhal_bsp.a(alt_dcache_flush_all.o)
                0x0000000000082db8                alt_dcache_flush_all
 .text          0x0000000000082e00       0x2c ../Oscill_PO_bsp/\libhal_bsp.a(alt_dev.o)
 .text          0x0000000000082e2c       0xf4 ../Oscill_PO_bsp/\libhal_bsp.a(alt_dev_llist_insert.o)
                0x0000000000082e7c                alt_dev_llist_insert
 .text          0x0000000000082f20        0x0 ../Oscill_PO_bsp/\libhal_bsp.a(alt_errno.o)
 .text          0x0000000000082f20       0x90 ../Oscill_PO_bsp/\libhal_bsp.a(alt_find_dev.o)
                0x0000000000082f20                alt_find_dev
 .text          0x0000000000082fb0       0x34 ../Oscill_PO_bsp/\libhal_bsp.a(alt_icache_flush_all.o)
                0x0000000000082fb0                alt_icache_flush_all
 .text          0x0000000000082fe4      0x140 ../Oscill_PO_bsp/\libhal_bsp.a(alt_io_redirect.o)
                0x00000000000830a8                alt_io_redirect
 .text          0x0000000000083124      0x1b0 ../Oscill_PO_bsp/\libhal_bsp.a(alt_irq_register.o)
                0x0000000000083124                alt_irq_register
 .text          0x00000000000832d4        0x0 ../Oscill_PO_bsp/\libhal_bsp.a(alt_irq_vars.o)
 .text          0x00000000000832d4      0x274 ../Oscill_PO_bsp/\libhal_bsp.a(alt_open.o)
                0x00000000000833f0                open
 .text          0x0000000000083548       0x64 ../Oscill_PO_bsp/\libhal_bsp.a(alt_release_fd.o)
                0x0000000000083548                alt_release_fd
 .text          0x00000000000835ac      0x1a4 ../Oscill_PO_bsp/\libhal_bsp.a(alt_tick.o)
                0x00000000000835ac                alt_alarm_stop
                0x0000000000083648                alt_tick
 .text          0x0000000000083750       0x24 ../Oscill_PO_bsp/\libhal_bsp.a(altera_nios2_gen2_irq.o)
                0x0000000000083750                altera_nios2_gen2_irq_init
 .text          0x0000000000083774      0x114 ../Oscill_PO_bsp/\libhal_bsp.a(alt_find_file.o)
                0x0000000000083774                alt_find_file
 .text          0x0000000000083888       0xb4 ../Oscill_PO_bsp/\libhal_bsp.a(alt_get_fd.o)
                0x0000000000083888                alt_get_fd
 .text          0x000000000008393c       0x90 ../Oscill_PO_bsp/\libhal_bsp.a(alt_icache_flush.o)
                0x000000000008393c                alt_icache_flush
 .text          0x00000000000839cc        0x0 ../Oscill_PO_bsp/\libhal_bsp.a(alt_irq_entry.o)
 .text          0x00000000000839cc        0x0 ../Oscill_PO_bsp/\libhal_bsp.a(alt_irq_handler.o)
 .text          0x00000000000839cc        0x0 ../Oscill_PO_bsp/\libhal_bsp.a(alt_exception_entry.o)
 .text          0x00000000000839cc       0x9c ../Oscill_PO_bsp/\libhal_bsp.a(alt_instruction_exception_entry.o)
                0x00000000000839cc                alt_exception_cause_generated_bad_addr
 .text          0x0000000000083a68        0x0 c:/altera/16.0/nios2eds/bin/gnu/h-x86_64-mingw32/bin/../lib/gcc/nios2-elf/5.2.0/../../../../../H-x86_64-mingw32/nios2-elf/lib\libsmallc.a(lib_a-exit.o)
 .text.exit     0x0000000000083a68       0x20 c:/altera/16.0/nios2eds/bin/gnu/h-x86_64-mingw32/bin/../lib/gcc/nios2-elf/5.2.0/../../../../../H-x86_64-mingw32/nios2-elf/lib\libsmallc.a(lib_a-exit.o)
                0x0000000000083a68                exit
 .text          0x0000000000083a88        0x0 c:/altera/16.0/nios2eds/bin/gnu/h-x86_64-mingw32/bin/../lib/gcc/nios2-elf/5.2.0/../../../../../H-x86_64-mingw32/nios2-elf/lib\libsmallc.a(lib_a-memcmp.o)
 .text.memcmp   0x0000000000083a88       0x30 c:/altera/16.0/nios2eds/bin/gnu/h-x86_64-mingw32/bin/../lib/gcc/nios2-elf/5.2.0/../../../../../H-x86_64-mingw32/nios2-elf/lib\libsmallc.a(lib_a-memcmp.o)
                0x0000000000083a88                memcmp
 .text          0x0000000000083ab8        0x0 c:/altera/16.0/nios2eds/bin/gnu/h-x86_64-mingw32/bin/../lib/gcc/nios2-elf/5.2.0/../../../../../H-x86_64-mingw32/nios2-elf/lib\libsmallc.a(lib_a-memcpy.o)
 .text.memcpy   0x0000000000083ab8       0x28 c:/altera/16.0/nios2eds/bin/gnu/h-x86_64-mingw32/bin/../lib/gcc/nios2-elf/5.2.0/../../../../../H-x86_64-mingw32/nios2-elf/lib\libsmallc.a(lib_a-memcpy.o)
                0x0000000000083ab8                memcpy
 .text          0x0000000000083ae0        0x0 c:/altera/16.0/nios2eds/bin/gnu/h-x86_64-mingw32/bin/../lib/gcc/nios2-elf/5.2.0/../../../../../H-x86_64-mingw32/nios2-elf/lib\libsmallc.a(lib_a-__call_atexit.o)
 .text.__call_exitprocs
                0x0000000000083ae0      0x190 c:/altera/16.0/nios2eds/bin/gnu/h-x86_64-mingw32/bin/../lib/gcc/nios2-elf/5.2.0/../../../../../H-x86_64-mingw32/nios2-elf/lib\libsmallc.a(lib_a-__call_atexit.o)
                0x0000000000083ae0                __call_exitprocs
 .text          0x0000000000083c70       0x34 ../Oscill_PO_bsp/\libhal_bsp.a(alt_exit.o)
                0x0000000000083c70                _exit
 *(.gnu.warning.*)
 *(.fini)
                [!provide]                        PROVIDE (__etext, ABSOLUTE (.))
                [!provide]                        PROVIDE (_etext, ABSOLUTE (.))
                [!provide]                        PROVIDE (etext, ABSOLUTE (.))
 *(.eh_frame_hdr)
                0x0000000000083ca4                . = ALIGN (0x4)
                [!provide]                        PROVIDE (__preinit_array_start, ABSOLUTE (.))
 *(.preinit_array)
                [!provide]                        PROVIDE (__preinit_array_end, ABSOLUTE (.))
                [!provide]                        PROVIDE (__init_array_start, ABSOLUTE (.))
 *(.init_array)
                [!provide]                        PROVIDE (__init_array_end, ABSOLUTE (.))
                [!provide]                        PROVIDE (__fini_array_start, ABSOLUTE (.))
 *(.fini_array)
                [!provide]                        PROVIDE (__fini_array_end, ABSOLUTE (.))
 *(.eh_frame)
 *(.gcc_except_table .gcc_except_table.*)
 *(.dynamic)
                [!provide]                        PROVIDE (__CTOR_LIST__, ABSOLUTE (.))
 *(.ctors)
 *(SORT(.ctors.*))
                [!provide]                        PROVIDE (__CTOR_END__, ABSOLUTE (.))
                [!provide]                        PROVIDE (__DTOR_LIST__, ABSOLUTE (.))
 *(.dtors)
 *(SORT(.dtors.*))
                [!provide]                        PROVIDE (__DTOR_END__, ABSOLUTE (.))
 *(.jcr)
                0x0000000000083ca4                . = ALIGN (0x4)

.rodata         0x0000000000083ca4       0xe0
                0x0000000000083ca4                PROVIDE (__ram_rodata_start, ABSOLUTE (.))
                0x0000000000083ca4                . = ALIGN (0x4)
 *(.rodata .rodata.* .gnu.linkonce.r.*)
 .rodata        0x0000000000083ca4       0x6c obj/default/hello_world.o
 .rodata.str1.4
                0x0000000000083d10        0x4 c:/altera/16.0/nios2eds/bin/gnu/h-x86_64-mingw32/bin/../lib/gcc/nios2-elf/5.2.0/../../../../../H-x86_64-mingw32/nios2-elf/lib\libsmallc.a(lib_a-puts.o)
                                          0x2 (size before relaxing)
 .rodata        0x0000000000083d14        0xf ../Oscill_PO_bsp/\libhal_bsp.a(alt_main.o)
 *fill*         0x0000000000083d23        0x1 
 .rodata        0x0000000000083d24       0x52 ../Oscill_PO_bsp/\libhal_bsp.a(alt_sys_init.o)
 *fill*         0x0000000000083d76        0x2 
 .rodata        0x0000000000083d78        0xa ../Oscill_PO_bsp/\libhal_bsp.a(alt_dev.o)
 *(.rodata1)
                0x0000000000083d84                . = ALIGN (0x4)
 *fill*         0x0000000000083d82        0x2 
                0x0000000000083d84                PROVIDE (__ram_rodata_end, ABSOLUTE (.))
                0x0000000000083ca4                PROVIDE (__flash_rodata_start, LOADADDR (.rodata))

.rwdata         0x0000000000083d84     0x13c8 load address 0x000000000008514c
                0x0000000000083d84                PROVIDE (__ram_rwdata_start, ABSOLUTE (.))
                0x0000000000083d84                . = ALIGN (0x4)
 *(.got.plt)
 *(.got)
 *(.data1)
 *(.data .data.* .gnu.linkonce.d.*)
 .data          0x0000000000083d84        0x0 ../Oscill_PO_bsp//obj/HAL/src/crt0.o
 .data          0x0000000000083d84        0x0 obj/default/hello_world.o
 .data          0x0000000000083d84        0x0 c:/altera/16.0/nios2eds/bin/gnu/h-x86_64-mingw32/bin/../lib/gcc/nios2-elf/5.2.0/../../../../../H-x86_64-mingw32/nios2-elf/lib\libsmallc.a(lib_a-printf.o)
 .data          0x0000000000083d84        0x0 c:/altera/16.0/nios2eds/bin/gnu/h-x86_64-mingw32/bin/../lib/gcc/nios2-elf/5.2.0/../../../../../H-x86_64-mingw32/nios2-elf/lib\libsmallc.a(lib_a-puts.o)
 .data          0x0000000000083d84        0x0 c:/altera/16.0/nios2eds/bin/gnu/h-x86_64-mingw32/bin/../lib/gcc/nios2-elf/5.2.0/../../../../../H-x86_64-mingw32/nios2-elf/lib\libsmallc.a(lib_a-strlen.o)
 .data          0x0000000000083d84        0x0 c:/altera/16.0/nios2eds/bin/gnu/h-x86_64-mingw32/bin/../lib/gcc/nios2-elf/5.2.0/../../../../../H-x86_64-mingw32/nios2-elf/lib\libsmallc.a(lib_a-vfprintf.o)
 .data          0x0000000000083d84        0x0 c:/altera/16.0/nios2eds/bin/gnu/h-x86_64-mingw32/bin/../lib/gcc/nios2-elf/5.2.0/../../../../../H-x86_64-mingw32/nios2-elf/lib\libsmallc.a(lib_a-fvwrite_small_dev.o)
 .data          0x0000000000083d84        0x0 c:/altera/16.0/nios2eds/bin/gnu/h-x86_64-mingw32/bin/../lib/gcc/nios2-elf/5.2.0/../../../../../H-x86_64-mingw32/nios2-elf/lib\libsmallc.a(lib_a-impure.o)
 .data.impure_data
                0x0000000000083d84       0xe0 c:/altera/16.0/nios2eds/bin/gnu/h-x86_64-mingw32/bin/../lib/gcc/nios2-elf/5.2.0/../../../../../H-x86_64-mingw32/nios2-elf/lib\libsmallc.a(lib_a-impure.o)
 .data          0x0000000000083e64        0x0 c:/altera/16.0/nios2eds/bin/gnu/h-x86_64-mingw32/bin/../lib/gcc/nios2-elf/5.2.0/../../../../../H-x86_64-mingw32/nios2-elf/lib\libsmallc.a(lib_a-writer.o)
 .data          0x0000000000083e64        0x0 c:/altera/16.0/nios2eds/bin/gnu/h-x86_64-mingw32/bin/../lib/gcc/nios2-elf/5.2.0/../../../../../H-x86_64-mingw32/nios2-elf/lib\libsmallc.a(lib_a-int_errno.o)
 .data          0x0000000000083e64        0x0 c:/altera/16.0/nios2eds/bin/gnu/h-x86_64-mingw32/bin/../lib/gcc/nios2-elf/5.2.0\libgcc.a(lib2-divmod.o)
 .data          0x0000000000083e64        0x0 ../Oscill_PO_bsp/\libhal_bsp.a(alt_load.o)
 .data          0x0000000000083e64        0x0 ../Oscill_PO_bsp/\libhal_bsp.a(alt_main.o)
 .data          0x0000000000083e64        0x0 ../Oscill_PO_bsp/\libhal_bsp.a(alt_write.o)
 .data          0x0000000000083e64     0x1114 ../Oscill_PO_bsp/\libhal_bsp.a(alt_sys_init.o)
 .data          0x0000000000084f78        0x0 ../Oscill_PO_bsp/\libhal_bsp.a(altera_avalon_jtag_uart_fd.o)
 .data          0x0000000000084f78        0x0 ../Oscill_PO_bsp/\libhal_bsp.a(altera_avalon_jtag_uart_init.o)
 .data          0x0000000000084f78        0x0 ../Oscill_PO_bsp/\libhal_bsp.a(altera_avalon_jtag_uart_ioctl.o)
 .data          0x0000000000084f78        0x0 ../Oscill_PO_bsp/\libhal_bsp.a(altera_avalon_jtag_uart_read.o)
 .data          0x0000000000084f78        0x0 ../Oscill_PO_bsp/\libhal_bsp.a(altera_avalon_jtag_uart_write.o)
 .data          0x0000000000084f78        0x0 ../Oscill_PO_bsp/\libhal_bsp.a(altera_up_avalon_video_pixel_buffer_dma.o)
 .data          0x0000000000084f78        0x0 ../Oscill_PO_bsp/\libhal_bsp.a(alt_alarm_start.o)
 .data          0x0000000000084f78        0x0 ../Oscill_PO_bsp/\libhal_bsp.a(alt_close.o)
 .data          0x0000000000084f78        0x0 ../Oscill_PO_bsp/\libhal_bsp.a(alt_dcache_flush_all.o)
 .data          0x0000000000084f78      0x1a8 ../Oscill_PO_bsp/\libhal_bsp.a(alt_dev.o)
                0x0000000000084f78                alt_dev_null
                0x0000000000084fa0                alt_fd_list
 .data          0x0000000000085120        0x0 ../Oscill_PO_bsp/\libhal_bsp.a(alt_dev_llist_insert.o)
 .data          0x0000000000085120        0x0 ../Oscill_PO_bsp/\libhal_bsp.a(alt_errno.o)
 .data          0x0000000000085120        0x0 ../Oscill_PO_bsp/\libhal_bsp.a(alt_find_dev.o)
 .data          0x0000000000085120        0x0 ../Oscill_PO_bsp/\libhal_bsp.a(alt_icache_flush_all.o)
 .data          0x0000000000085120        0x0 ../Oscill_PO_bsp/\libhal_bsp.a(alt_io_redirect.o)
 .data          0x0000000000085120        0x0 ../Oscill_PO_bsp/\libhal_bsp.a(alt_irq_register.o)
 .data          0x0000000000085120        0x0 ../Oscill_PO_bsp/\libhal_bsp.a(alt_irq_vars.o)
 .data          0x0000000000085120        0x0 ../Oscill_PO_bsp/\libhal_bsp.a(alt_open.o)
 .data          0x0000000000085120        0x0 ../Oscill_PO_bsp/\libhal_bsp.a(alt_release_fd.o)
 .data          0x0000000000085120        0x0 ../Oscill_PO_bsp/\libhal_bsp.a(alt_tick.o)
 .data          0x0000000000085120        0x0 ../Oscill_PO_bsp/\libhal_bsp.a(altera_nios2_gen2_irq.o)
 .data          0x0000000000085120        0x0 ../Oscill_PO_bsp/\libhal_bsp.a(alt_find_file.o)
 .data          0x0000000000085120        0x0 ../Oscill_PO_bsp/\libhal_bsp.a(alt_get_fd.o)
 .data          0x0000000000085120        0x0 ../Oscill_PO_bsp/\libhal_bsp.a(alt_icache_flush.o)
 .data          0x0000000000085120        0x0 ../Oscill_PO_bsp/\libhal_bsp.a(alt_irq_entry.o)
 .data          0x0000000000085120        0x0 ../Oscill_PO_bsp/\libhal_bsp.a(alt_irq_handler.o)
 .data          0x0000000000085120        0x0 ../Oscill_PO_bsp/\libhal_bsp.a(alt_exception_entry.o)
 .data          0x0000000000085120        0x0 ../Oscill_PO_bsp/\libhal_bsp.a(alt_instruction_exception_entry.o)
 .data          0x0000000000085120        0x0 c:/altera/16.0/nios2eds/bin/gnu/h-x86_64-mingw32/bin/../lib/gcc/nios2-elf/5.2.0/../../../../../H-x86_64-mingw32/nios2-elf/lib\libsmallc.a(lib_a-exit.o)
 .data          0x0000000000085120        0x0 c:/altera/16.0/nios2eds/bin/gnu/h-x86_64-mingw32/bin/../lib/gcc/nios2-elf/5.2.0/../../../../../H-x86_64-mingw32/nios2-elf/lib\libsmallc.a(lib_a-memcmp.o)
 .data          0x0000000000085120        0x0 c:/altera/16.0/nios2eds/bin/gnu/h-x86_64-mingw32/bin/../lib/gcc/nios2-elf/5.2.0/../../../../../H-x86_64-mingw32/nios2-elf/lib\libsmallc.a(lib_a-memcpy.o)
 .data          0x0000000000085120        0x0 c:/altera/16.0/nios2eds/bin/gnu/h-x86_64-mingw32/bin/../lib/gcc/nios2-elf/5.2.0/../../../../../H-x86_64-mingw32/nios2-elf/lib\libsmallc.a(lib_a-__call_atexit.o)
 .data          0x0000000000085120        0x0 ../Oscill_PO_bsp/\libhal_bsp.a(alt_exit.o)
                0x000000000008d120                _gp = ABSOLUTE ((. + 0x8000))
                [!provide]                        PROVIDE (gp, _gp)
 *(.rwdata .rwdata.*)
 *(.sdata .sdata.* .gnu.linkonce.s.*)
 .sdata._global_impure_ptr
                0x0000000000085120        0x4 c:/altera/16.0/nios2eds/bin/gnu/h-x86_64-mingw32/bin/../lib/gcc/nios2-elf/5.2.0/../../../../../H-x86_64-mingw32/nios2-elf/lib\libsmallc.a(lib_a-impure.o)
                0x0000000000085120                _global_impure_ptr
 .sdata._impure_ptr
                0x0000000000085124        0x4 c:/altera/16.0/nios2eds/bin/gnu/h-x86_64-mingw32/bin/../lib/gcc/nios2-elf/5.2.0/../../../../../H-x86_64-mingw32/nios2-elf/lib\libsmallc.a(lib_a-impure.o)
                0x0000000000085124                _impure_ptr
 .sdata         0x0000000000085128       0x14 ../Oscill_PO_bsp/\libhal_bsp.a(alt_dev.o)
                0x0000000000085128                alt_fs_list
                0x0000000000085130                alt_dev_list
                0x0000000000085138                alt_max_fd
 .sdata         0x000000000008513c        0x4 ../Oscill_PO_bsp/\libhal_bsp.a(alt_errno.o)
                0x000000000008513c                alt_errno
 .sdata         0x0000000000085140        0x4 ../Oscill_PO_bsp/\libhal_bsp.a(alt_irq_vars.o)
                0x0000000000085140                alt_priority_mask
 .sdata         0x0000000000085144        0x8 ../Oscill_PO_bsp/\libhal_bsp.a(alt_tick.o)
                0x0000000000085144                alt_alarm_list
 *(.sdata2 .sdata2.* .gnu.linkonce.s2.*)
                0x000000000008514c                . = ALIGN (0x4)
                0x000000000008514c                _edata = ABSOLUTE (.)
                [!provide]                        PROVIDE (edata, ABSOLUTE (.))
                0x000000000008514c                PROVIDE (__ram_rwdata_end, ABSOLUTE (.))
                0x000000000008514c                PROVIDE (__flash_rwdata_start, LOADADDR (.rwdata))

.bss            0x0000000000086514      0x120
                0x0000000000086514                __bss_start = ABSOLUTE (.)
                [!provide]                        PROVIDE (__sbss_start, ABSOLUTE (.))
                [!provide]                        PROVIDE (___sbss_start, ABSOLUTE (.))
 *(.dynsbss)
 *(.sbss .sbss.* .gnu.linkonce.sb.*)
 .sbss          0x0000000000086514        0x4 c:/altera/16.0/nios2eds/bin/gnu/h-x86_64-mingw32/bin/../lib/gcc/nios2-elf/5.2.0/../../../../../H-x86_64-mingw32/nios2-elf/lib\libsmallc.a(lib_a-int_errno.o)
                0x0000000000086514                errno
 .sbss          0x0000000000086518        0xc ../Oscill_PO_bsp/\libhal_bsp.a(alt_main.o)
                0x0000000000086518                alt_argc
                0x000000000008651c                alt_argv
                0x0000000000086520                alt_envp
 .sbss          0x0000000000086524        0x4 ../Oscill_PO_bsp/\libhal_bsp.a(alt_irq_vars.o)
                0x0000000000086524                alt_irq_active
 .sbss          0x0000000000086528        0x8 ../Oscill_PO_bsp/\libhal_bsp.a(alt_tick.o)
                0x0000000000086528                _alt_tick_rate
                0x000000000008652c                _alt_nticks
 .sbss          0x0000000000086530        0x4 ../Oscill_PO_bsp/\libhal_bsp.a(alt_instruction_exception_entry.o)
                0x0000000000086530                alt_instruction_exception_handler
 *(.sbss2 .sbss2.* .gnu.linkonce.sb2.*)
 *(.scommon)
                [!provide]                        PROVIDE (__sbss_end, ABSOLUTE (.))
                [!provide]                        PROVIDE (___sbss_end, ABSOLUTE (.))
 *(.dynbss)
 *(.bss .bss.* .gnu.linkonce.b.*)
 .bss           0x0000000000086534        0x0 ../Oscill_PO_bsp//obj/HAL/src/crt0.o
 .bss           0x0000000000086534        0x0 obj/default/hello_world.o
 .bss           0x0000000000086534        0x0 c:/altera/16.0/nios2eds/bin/gnu/h-x86_64-mingw32/bin/../lib/gcc/nios2-elf/5.2.0/../../../../../H-x86_64-mingw32/nios2-elf/lib\libsmallc.a(lib_a-printf.o)
 .bss           0x0000000000086534        0x0 c:/altera/16.0/nios2eds/bin/gnu/h-x86_64-mingw32/bin/../lib/gcc/nios2-elf/5.2.0/../../../../../H-x86_64-mingw32/nios2-elf/lib\libsmallc.a(lib_a-puts.o)
 .bss           0x0000000000086534        0x0 c:/altera/16.0/nios2eds/bin/gnu/h-x86_64-mingw32/bin/../lib/gcc/nios2-elf/5.2.0/../../../../../H-x86_64-mingw32/nios2-elf/lib\libsmallc.a(lib_a-strlen.o)
 .bss           0x0000000000086534        0x0 c:/altera/16.0/nios2eds/bin/gnu/h-x86_64-mingw32/bin/../lib/gcc/nios2-elf/5.2.0/../../../../../H-x86_64-mingw32/nios2-elf/lib\libsmallc.a(lib_a-vfprintf.o)
 .bss           0x0000000000086534        0x0 c:/altera/16.0/nios2eds/bin/gnu/h-x86_64-mingw32/bin/../lib/gcc/nios2-elf/5.2.0/../../../../../H-x86_64-mingw32/nios2-elf/lib\libsmallc.a(lib_a-fvwrite_small_dev.o)
 .bss           0x0000000000086534        0x0 c:/altera/16.0/nios2eds/bin/gnu/h-x86_64-mingw32/bin/../lib/gcc/nios2-elf/5.2.0/../../../../../H-x86_64-mingw32/nios2-elf/lib\libsmallc.a(lib_a-impure.o)
 .bss           0x0000000000086534        0x0 c:/altera/16.0/nios2eds/bin/gnu/h-x86_64-mingw32/bin/../lib/gcc/nios2-elf/5.2.0/../../../../../H-x86_64-mingw32/nios2-elf/lib\libsmallc.a(lib_a-writer.o)
 .bss           0x0000000000086534        0x0 c:/altera/16.0/nios2eds/bin/gnu/h-x86_64-mingw32/bin/../lib/gcc/nios2-elf/5.2.0/../../../../../H-x86_64-mingw32/nios2-elf/lib\libsmallc.a(lib_a-int_errno.o)
 .bss           0x0000000000086534        0x0 c:/altera/16.0/nios2eds/bin/gnu/h-x86_64-mingw32/bin/../lib/gcc/nios2-elf/5.2.0\libgcc.a(lib2-divmod.o)
 .bss           0x0000000000086534        0x0 ../Oscill_PO_bsp/\libhal_bsp.a(alt_load.o)
 .bss           0x0000000000086534        0x0 ../Oscill_PO_bsp/\libhal_bsp.a(alt_main.o)
 .bss           0x0000000000086534        0x0 ../Oscill_PO_bsp/\libhal_bsp.a(alt_write.o)
 .bss           0x0000000000086534        0x0 ../Oscill_PO_bsp/\libhal_bsp.a(alt_sys_init.o)
 .bss           0x0000000000086534        0x0 ../Oscill_PO_bsp/\libhal_bsp.a(altera_avalon_jtag_uart_fd.o)
 .bss           0x0000000000086534        0x0 ../Oscill_PO_bsp/\libhal_bsp.a(altera_avalon_jtag_uart_init.o)
 .bss           0x0000000000086534        0x0 ../Oscill_PO_bsp/\libhal_bsp.a(altera_avalon_jtag_uart_ioctl.o)
 .bss           0x0000000000086534        0x0 ../Oscill_PO_bsp/\libhal_bsp.a(altera_avalon_jtag_uart_read.o)
 .bss           0x0000000000086534        0x0 ../Oscill_PO_bsp/\libhal_bsp.a(altera_avalon_jtag_uart_write.o)
 .bss           0x0000000000086534        0x0 ../Oscill_PO_bsp/\libhal_bsp.a(altera_up_avalon_video_pixel_buffer_dma.o)
 .bss           0x0000000000086534        0x0 ../Oscill_PO_bsp/\libhal_bsp.a(alt_alarm_start.o)
 .bss           0x0000000000086534        0x0 ../Oscill_PO_bsp/\libhal_bsp.a(alt_close.o)
 .bss           0x0000000000086534        0x0 ../Oscill_PO_bsp/\libhal_bsp.a(alt_dcache_flush_all.o)
 .bss           0x0000000000086534        0x0 ../Oscill_PO_bsp/\libhal_bsp.a(alt_dev.o)
 .bss           0x0000000000086534        0x0 ../Oscill_PO_bsp/\libhal_bsp.a(alt_dev_llist_insert.o)
 .bss           0x0000000000086534        0x0 ../Oscill_PO_bsp/\libhal_bsp.a(alt_errno.o)
 .bss           0x0000000000086534        0x0 ../Oscill_PO_bsp/\libhal_bsp.a(alt_find_dev.o)
 .bss           0x0000000000086534        0x0 ../Oscill_PO_bsp/\libhal_bsp.a(alt_icache_flush_all.o)
 .bss           0x0000000000086534        0x0 ../Oscill_PO_bsp/\libhal_bsp.a(alt_io_redirect.o)
 .bss           0x0000000000086534        0x0 ../Oscill_PO_bsp/\libhal_bsp.a(alt_irq_register.o)
 .bss           0x0000000000086534        0x0 ../Oscill_PO_bsp/\libhal_bsp.a(alt_irq_vars.o)
 .bss           0x0000000000086534        0x0 ../Oscill_PO_bsp/\libhal_bsp.a(alt_open.o)
 .bss           0x0000000000086534        0x0 ../Oscill_PO_bsp/\libhal_bsp.a(alt_release_fd.o)
 .bss           0x0000000000086534        0x0 ../Oscill_PO_bsp/\libhal_bsp.a(alt_tick.o)
 .bss           0x0000000000086534        0x0 ../Oscill_PO_bsp/\libhal_bsp.a(altera_nios2_gen2_irq.o)
 .bss           0x0000000000086534        0x0 ../Oscill_PO_bsp/\libhal_bsp.a(alt_find_file.o)
 .bss           0x0000000000086534        0x0 ../Oscill_PO_bsp/\libhal_bsp.a(alt_get_fd.o)
 .bss           0x0000000000086534        0x0 ../Oscill_PO_bsp/\libhal_bsp.a(alt_icache_flush.o)
 .bss           0x0000000000086534        0x0 ../Oscill_PO_bsp/\libhal_bsp.a(alt_irq_entry.o)
 .bss           0x0000000000086534        0x0 ../Oscill_PO_bsp/\libhal_bsp.a(alt_irq_handler.o)
 .bss           0x0000000000086534        0x0 ../Oscill_PO_bsp/\libhal_bsp.a(alt_exception_entry.o)
 .bss           0x0000000000086534        0x0 ../Oscill_PO_bsp/\libhal_bsp.a(alt_instruction_exception_entry.o)
 .bss           0x0000000000086534        0x0 c:/altera/16.0/nios2eds/bin/gnu/h-x86_64-mingw32/bin/../lib/gcc/nios2-elf/5.2.0/../../../../../H-x86_64-mingw32/nios2-elf/lib\libsmallc.a(lib_a-exit.o)
 .bss           0x0000000000086534        0x0 c:/altera/16.0/nios2eds/bin/gnu/h-x86_64-mingw32/bin/../lib/gcc/nios2-elf/5.2.0/../../../../../H-x86_64-mingw32/nios2-elf/lib\libsmallc.a(lib_a-memcmp.o)
 .bss           0x0000000000086534        0x0 c:/altera/16.0/nios2eds/bin/gnu/h-x86_64-mingw32/bin/../lib/gcc/nios2-elf/5.2.0/../../../../../H-x86_64-mingw32/nios2-elf/lib\libsmallc.a(lib_a-memcpy.o)
 .bss           0x0000000000086534        0x0 c:/altera/16.0/nios2eds/bin/gnu/h-x86_64-mingw32/bin/../lib/gcc/nios2-elf/5.2.0/../../../../../H-x86_64-mingw32/nios2-elf/lib\libsmallc.a(lib_a-__call_atexit.o)
 .bss           0x0000000000086534        0x0 ../Oscill_PO_bsp/\libhal_bsp.a(alt_exit.o)
 *(COMMON)
 COMMON         0x0000000000086534      0x100 ../Oscill_PO_bsp/\libhal_bsp.a(alt_irq_handler.o)
                0x0000000000086534                alt_irq
                0x0000000000086634                . = ALIGN (0x4)
                0x0000000000086634                __bss_end = ABSOLUTE (.)

.onchip_memory  0x0000000000086634        0x0
                [!provide]                        PROVIDE (_alt_partition_onchip_memory_start, ABSOLUTE (.))
 *(.onchip_memory .onchip_memory. onchip_memory.*)
                0x0000000000086634                . = ALIGN (0x4)
                [!provide]                        PROVIDE (_alt_partition_onchip_memory_end, ABSOLUTE (.))
                0x0000000000086634                _end = ABSOLUTE (.)
                0x0000000000086634                end = ABSOLUTE (.)
                0x0000000000086634                __alt_stack_base = ABSOLUTE (.)
                [!provide]                        PROVIDE (_alt_partition_onchip_memory_load_addr, LOADADDR (.onchip_memory))

.stab
 *(.stab)

.stabstr
 *(.stabstr)

.stab.excl
 *(.stab.excl)

.stab.exclstr
 *(.stab.exclstr)

.stab.index
 *(.stab.index)

.stab.indexstr
 *(.stab.indexstr)

.comment        0x0000000000000000       0x23
 *(.comment)
 .comment       0x0000000000000000       0x23 obj/default/hello_world.o
                                         0x24 (size before relaxing)
 .comment       0x0000000000000023       0x24 c:/altera/16.0/nios2eds/bin/gnu/h-x86_64-mingw32/bin/../lib/gcc/nios2-elf/5.2.0/../../../../../H-x86_64-mingw32/nios2-elf/lib\libsmallc.a(lib_a-printf.o)
 .comment       0x0000000000000023       0x24 c:/altera/16.0/nios2eds/bin/gnu/h-x86_64-mingw32/bin/../lib/gcc/nios2-elf/5.2.0/../../../../../H-x86_64-mingw32/nios2-elf/lib\libsmallc.a(lib_a-puts.o)
 .comment       0x0000000000000023       0x24 c:/altera/16.0/nios2eds/bin/gnu/h-x86_64-mingw32/bin/../lib/gcc/nios2-elf/5.2.0/../../../../../H-x86_64-mingw32/nios2-elf/lib\libsmallc.a(lib_a-strlen.o)
 .comment       0x0000000000000023       0x24 c:/altera/16.0/nios2eds/bin/gnu/h-x86_64-mingw32/bin/../lib/gcc/nios2-elf/5.2.0/../../../../../H-x86_64-mingw32/nios2-elf/lib\libsmallc.a(lib_a-vfprintf.o)
 .comment       0x0000000000000023       0x24 c:/altera/16.0/nios2eds/bin/gnu/h-x86_64-mingw32/bin/../lib/gcc/nios2-elf/5.2.0/../../../../../H-x86_64-mingw32/nios2-elf/lib\libsmallc.a(lib_a-fvwrite_small_dev.o)
 .comment       0x0000000000000023       0x24 c:/altera/16.0/nios2eds/bin/gnu/h-x86_64-mingw32/bin/../lib/gcc/nios2-elf/5.2.0/../../../../../H-x86_64-mingw32/nios2-elf/lib\libsmallc.a(lib_a-impure.o)
 .comment       0x0000000000000023       0x24 c:/altera/16.0/nios2eds/bin/gnu/h-x86_64-mingw32/bin/../lib/gcc/nios2-elf/5.2.0/../../../../../H-x86_64-mingw32/nios2-elf/lib\libsmallc.a(lib_a-writer.o)
 .comment       0x0000000000000023       0x24 c:/altera/16.0/nios2eds/bin/gnu/h-x86_64-mingw32/bin/../lib/gcc/nios2-elf/5.2.0/../../../../../H-x86_64-mingw32/nios2-elf/lib\libsmallc.a(lib_a-int_errno.o)
 .comment       0x0000000000000023       0x24 c:/altera/16.0/nios2eds/bin/gnu/h-x86_64-mingw32/bin/../lib/gcc/nios2-elf/5.2.0\libgcc.a(lib2-divmod.o)
 .comment       0x0000000000000023       0x24 ../Oscill_PO_bsp/\libhal_bsp.a(alt_load.o)
 .comment       0x0000000000000023       0x24 ../Oscill_PO_bsp/\libhal_bsp.a(alt_main.o)
 .comment       0x0000000000000023       0x24 ../Oscill_PO_bsp/\libhal_bsp.a(alt_write.o)
 .comment       0x0000000000000023       0x24 ../Oscill_PO_bsp/\libhal_bsp.a(alt_sys_init.o)
 .comment       0x0000000000000023       0x24 ../Oscill_PO_bsp/\libhal_bsp.a(altera_avalon_jtag_uart_fd.o)
 .comment       0x0000000000000023       0x24 ../Oscill_PO_bsp/\libhal_bsp.a(altera_avalon_jtag_uart_init.o)
 .comment       0x0000000000000023       0x24 ../Oscill_PO_bsp/\libhal_bsp.a(altera_avalon_jtag_uart_ioctl.o)
 .comment       0x0000000000000023       0x24 ../Oscill_PO_bsp/\libhal_bsp.a(altera_avalon_jtag_uart_read.o)
 .comment       0x0000000000000023       0x24 ../Oscill_PO_bsp/\libhal_bsp.a(altera_avalon_jtag_uart_write.o)
 .comment       0x0000000000000023       0x24 ../Oscill_PO_bsp/\libhal_bsp.a(altera_up_avalon_video_pixel_buffer_dma.o)
 .comment       0x0000000000000023       0x24 ../Oscill_PO_bsp/\libhal_bsp.a(alt_alarm_start.o)
 .comment       0x0000000000000023       0x24 ../Oscill_PO_bsp/\libhal_bsp.a(alt_close.o)
 .comment       0x0000000000000023       0x24 ../Oscill_PO_bsp/\libhal_bsp.a(alt_dcache_flush_all.o)
 .comment       0x0000000000000023       0x24 ../Oscill_PO_bsp/\libhal_bsp.a(alt_dev.o)
 .comment       0x0000000000000023       0x24 ../Oscill_PO_bsp/\libhal_bsp.a(alt_dev_llist_insert.o)
 .comment       0x0000000000000023       0x24 ../Oscill_PO_bsp/\libhal_bsp.a(alt_errno.o)
 .comment       0x0000000000000023       0x24 ../Oscill_PO_bsp/\libhal_bsp.a(alt_find_dev.o)
 .comment       0x0000000000000023       0x24 ../Oscill_PO_bsp/\libhal_bsp.a(alt_icache_flush_all.o)
 .comment       0x0000000000000023       0x24 ../Oscill_PO_bsp/\libhal_bsp.a(alt_io_redirect.o)
 .comment       0x0000000000000023       0x24 ../Oscill_PO_bsp/\libhal_bsp.a(alt_irq_register.o)
 .comment       0x0000000000000023       0x24 ../Oscill_PO_bsp/\libhal_bsp.a(alt_irq_vars.o)
 .comment       0x0000000000000023       0x24 ../Oscill_PO_bsp/\libhal_bsp.a(alt_open.o)
 .comment       0x0000000000000023       0x24 ../Oscill_PO_bsp/\libhal_bsp.a(alt_release_fd.o)
 .comment       0x0000000000000023       0x24 ../Oscill_PO_bsp/\libhal_bsp.a(alt_tick.o)
 .comment       0x0000000000000023       0x24 ../Oscill_PO_bsp/\libhal_bsp.a(altera_nios2_gen2_irq.o)
 .comment       0x0000000000000023       0x24 ../Oscill_PO_bsp/\libhal_bsp.a(alt_find_file.o)
 .comment       0x0000000000000023       0x24 ../Oscill_PO_bsp/\libhal_bsp.a(alt_get_fd.o)
 .comment       0x0000000000000023       0x24 ../Oscill_PO_bsp/\libhal_bsp.a(alt_icache_flush.o)
 .comment       0x0000000000000023       0x24 ../Oscill_PO_bsp/\libhal_bsp.a(alt_irq_handler.o)
 .comment       0x0000000000000023       0x24 ../Oscill_PO_bsp/\libhal_bsp.a(alt_instruction_exception_entry.o)
 .comment       0x0000000000000023       0x24 c:/altera/16.0/nios2eds/bin/gnu/h-x86_64-mingw32/bin/../lib/gcc/nios2-elf/5.2.0/../../../../../H-x86_64-mingw32/nios2-elf/lib\libsmallc.a(lib_a-exit.o)
 .comment       0x0000000000000023       0x24 c:/altera/16.0/nios2eds/bin/gnu/h-x86_64-mingw32/bin/../lib/gcc/nios2-elf/5.2.0/../../../../../H-x86_64-mingw32/nios2-elf/lib\libsmallc.a(lib_a-memcmp.o)
 .comment       0x0000000000000023       0x24 c:/altera/16.0/nios2eds/bin/gnu/h-x86_64-mingw32/bin/../lib/gcc/nios2-elf/5.2.0/../../../../../H-x86_64-mingw32/nios2-elf/lib\libsmallc.a(lib_a-memcpy.o)
 .comment       0x0000000000000023       0x24 c:/altera/16.0/nios2eds/bin/gnu/h-x86_64-mingw32/bin/../lib/gcc/nios2-elf/5.2.0/../../../../../H-x86_64-mingw32/nios2-elf/lib\libsmallc.a(lib_a-__call_atexit.o)
 .comment       0x0000000000000023       0x24 ../Oscill_PO_bsp/\libhal_bsp.a(alt_exit.o)

.debug
 *(.debug)

.line
 *(.line)

.debug_srcinfo
 *(.debug_srcinfo)

.debug_sfnames
 *(.debug_sfnames)

.debug_aranges  0x0000000000000000      0x638
 *(.debug_aranges)
 .debug_aranges
                0x0000000000000000       0x28 ../Oscill_PO_bsp//obj/HAL/src/crt0.o
 .debug_aranges
                0x0000000000000028       0x20 obj/default/hello_world.o
 .debug_aranges
                0x0000000000000048       0x28 c:/altera/16.0/nios2eds/bin/gnu/h-x86_64-mingw32/bin/../lib/gcc/nios2-elf/5.2.0/../../../../../H-x86_64-mingw32/nios2-elf/lib\libsmallc.a(lib_a-printf.o)
 .debug_aranges
                0x0000000000000070       0x28 c:/altera/16.0/nios2eds/bin/gnu/h-x86_64-mingw32/bin/../lib/gcc/nios2-elf/5.2.0/../../../../../H-x86_64-mingw32/nios2-elf/lib\libsmallc.a(lib_a-puts.o)
 .debug_aranges
                0x0000000000000098       0x20 c:/altera/16.0/nios2eds/bin/gnu/h-x86_64-mingw32/bin/../lib/gcc/nios2-elf/5.2.0/../../../../../H-x86_64-mingw32/nios2-elf/lib\libsmallc.a(lib_a-strlen.o)
 .debug_aranges
                0x00000000000000b8       0x30 c:/altera/16.0/nios2eds/bin/gnu/h-x86_64-mingw32/bin/../lib/gcc/nios2-elf/5.2.0/../../../../../H-x86_64-mingw32/nios2-elf/lib\libsmallc.a(lib_a-vfprintf.o)
 .debug_aranges
                0x00000000000000e8       0x20 c:/altera/16.0/nios2eds/bin/gnu/h-x86_64-mingw32/bin/../lib/gcc/nios2-elf/5.2.0/../../../../../H-x86_64-mingw32/nios2-elf/lib\libsmallc.a(lib_a-fvwrite_small_dev.o)
 .debug_aranges
                0x0000000000000108       0x18 c:/altera/16.0/nios2eds/bin/gnu/h-x86_64-mingw32/bin/../lib/gcc/nios2-elf/5.2.0/../../../../../H-x86_64-mingw32/nios2-elf/lib\libsmallc.a(lib_a-impure.o)
 .debug_aranges
                0x0000000000000120       0x20 c:/altera/16.0/nios2eds/bin/gnu/h-x86_64-mingw32/bin/../lib/gcc/nios2-elf/5.2.0/../../../../../H-x86_64-mingw32/nios2-elf/lib\libsmallc.a(lib_a-writer.o)
 .debug_aranges
                0x0000000000000140       0x18 c:/altera/16.0/nios2eds/bin/gnu/h-x86_64-mingw32/bin/../lib/gcc/nios2-elf/5.2.0/../../../../../H-x86_64-mingw32/nios2-elf/lib\libsmallc.a(lib_a-int_errno.o)
 .debug_aranges
                0x0000000000000158       0x20 c:/altera/16.0/nios2eds/bin/gnu/h-x86_64-mingw32/bin/../lib/gcc/nios2-elf/5.2.0\libgcc.a(lib2-divmod.o)
 .debug_aranges
                0x0000000000000178       0x20 ../Oscill_PO_bsp/\libhal_bsp.a(alt_load.o)
 .debug_aranges
                0x0000000000000198       0x20 ../Oscill_PO_bsp/\libhal_bsp.a(alt_main.o)
 .debug_aranges
                0x00000000000001b8       0x20 ../Oscill_PO_bsp/\libhal_bsp.a(alt_write.o)
 .debug_aranges
                0x00000000000001d8       0x20 ../Oscill_PO_bsp/\libhal_bsp.a(alt_sys_init.o)
 .debug_aranges
                0x00000000000001f8       0x20 ../Oscill_PO_bsp/\libhal_bsp.a(altera_avalon_jtag_uart_fd.o)
 .debug_aranges
                0x0000000000000218       0x20 ../Oscill_PO_bsp/\libhal_bsp.a(altera_avalon_jtag_uart_init.o)
 .debug_aranges
                0x0000000000000238       0x20 ../Oscill_PO_bsp/\libhal_bsp.a(altera_avalon_jtag_uart_ioctl.o)
 .debug_aranges
                0x0000000000000258       0x20 ../Oscill_PO_bsp/\libhal_bsp.a(altera_avalon_jtag_uart_read.o)
 .debug_aranges
                0x0000000000000278       0x20 ../Oscill_PO_bsp/\libhal_bsp.a(altera_avalon_jtag_uart_write.o)
 .debug_aranges
                0x0000000000000298       0x20 ../Oscill_PO_bsp/\libhal_bsp.a(altera_up_avalon_video_pixel_buffer_dma.o)
 .debug_aranges
                0x00000000000002b8       0x20 ../Oscill_PO_bsp/\libhal_bsp.a(alt_alarm_start.o)
 .debug_aranges
                0x00000000000002d8       0x20 ../Oscill_PO_bsp/\libhal_bsp.a(alt_close.o)
 .debug_aranges
                0x00000000000002f8       0x20 ../Oscill_PO_bsp/\libhal_bsp.a(alt_dcache_flush_all.o)
 .debug_aranges
                0x0000000000000318       0x20 ../Oscill_PO_bsp/\libhal_bsp.a(alt_dev.o)
 .debug_aranges
                0x0000000000000338       0x20 ../Oscill_PO_bsp/\libhal_bsp.a(alt_dev_llist_insert.o)
 .debug_aranges
                0x0000000000000358       0x18 ../Oscill_PO_bsp/\libhal_bsp.a(alt_errno.o)
 .debug_aranges
                0x0000000000000370       0x20 ../Oscill_PO_bsp/\libhal_bsp.a(alt_find_dev.o)
 .debug_aranges
                0x0000000000000390       0x20 ../Oscill_PO_bsp/\libhal_bsp.a(alt_icache_flush_all.o)
 .debug_aranges
                0x00000000000003b0       0x20 ../Oscill_PO_bsp/\libhal_bsp.a(alt_io_redirect.o)
 .debug_aranges
                0x00000000000003d0       0x20 ../Oscill_PO_bsp/\libhal_bsp.a(alt_irq_register.o)
 .debug_aranges
                0x00000000000003f0       0x18 ../Oscill_PO_bsp/\libhal_bsp.a(alt_irq_vars.o)
 .debug_aranges
                0x0000000000000408       0x20 ../Oscill_PO_bsp/\libhal_bsp.a(alt_open.o)
 .debug_aranges
                0x0000000000000428       0x20 ../Oscill_PO_bsp/\libhal_bsp.a(alt_release_fd.o)
 .debug_aranges
                0x0000000000000448       0x20 ../Oscill_PO_bsp/\libhal_bsp.a(alt_tick.o)
 .debug_aranges
                0x0000000000000468       0x20 ../Oscill_PO_bsp/\libhal_bsp.a(altera_nios2_gen2_irq.o)
 .debug_aranges
                0x0000000000000488       0x20 ../Oscill_PO_bsp/\libhal_bsp.a(alt_find_file.o)
 .debug_aranges
                0x00000000000004a8       0x20 ../Oscill_PO_bsp/\libhal_bsp.a(alt_get_fd.o)
 .debug_aranges
                0x00000000000004c8       0x20 ../Oscill_PO_bsp/\libhal_bsp.a(alt_icache_flush.o)
 .debug_aranges
                0x00000000000004e8       0x30 ../Oscill_PO_bsp/\libhal_bsp.a(alt_irq_entry.o)
 .debug_aranges
                0x0000000000000518       0x20 ../Oscill_PO_bsp/\libhal_bsp.a(alt_irq_handler.o)
 .debug_aranges
                0x0000000000000538       0x38 ../Oscill_PO_bsp/\libhal_bsp.a(alt_exception_entry.o)
 .debug_aranges
                0x0000000000000570       0x28 ../Oscill_PO_bsp/\libhal_bsp.a(alt_instruction_exception_entry.o)
 .debug_aranges
                0x0000000000000598       0x20 c:/altera/16.0/nios2eds/bin/gnu/h-x86_64-mingw32/bin/../lib/gcc/nios2-elf/5.2.0/../../../../../H-x86_64-mingw32/nios2-elf/lib\libsmallc.a(lib_a-exit.o)
 .debug_aranges
                0x00000000000005b8       0x20 c:/altera/16.0/nios2eds/bin/gnu/h-x86_64-mingw32/bin/../lib/gcc/nios2-elf/5.2.0/../../../../../H-x86_64-mingw32/nios2-elf/lib\libsmallc.a(lib_a-memcmp.o)
 .debug_aranges
                0x00000000000005d8       0x20 c:/altera/16.0/nios2eds/bin/gnu/h-x86_64-mingw32/bin/../lib/gcc/nios2-elf/5.2.0/../../../../../H-x86_64-mingw32/nios2-elf/lib\libsmallc.a(lib_a-memcpy.o)
 .debug_aranges
                0x00000000000005f8       0x20 c:/altera/16.0/nios2eds/bin/gnu/h-x86_64-mingw32/bin/../lib/gcc/nios2-elf/5.2.0/../../../../../H-x86_64-mingw32/nios2-elf/lib\libsmallc.a(lib_a-__call_atexit.o)
 .debug_aranges
                0x0000000000000618       0x20 ../Oscill_PO_bsp/\libhal_bsp.a(alt_exit.o)

.debug_pubnames
 *(.debug_pubnames)

.debug_info     0x0000000000000000     0x9606
 *(.debug_info .gnu.linkonce.wi.*)
 .debug_info    0x0000000000000000       0x7b ../Oscill_PO_bsp//obj/HAL/src/crt0.o
 .debug_info    0x000000000000007b      0x362 obj/default/hello_world.o
 .debug_info    0x00000000000003dd      0x699 c:/altera/16.0/nios2eds/bin/gnu/h-x86_64-mingw32/bin/../lib/gcc/nios2-elf/5.2.0/../../../../../H-x86_64-mingw32/nios2-elf/lib\libsmallc.a(lib_a-printf.o)
 .debug_info    0x0000000000000a76      0x66d c:/altera/16.0/nios2eds/bin/gnu/h-x86_64-mingw32/bin/../lib/gcc/nios2-elf/5.2.0/../../../../../H-x86_64-mingw32/nios2-elf/lib\libsmallc.a(lib_a-puts.o)
 .debug_info    0x00000000000010e3       0xc9 c:/altera/16.0/nios2eds/bin/gnu/h-x86_64-mingw32/bin/../lib/gcc/nios2-elf/5.2.0/../../../../../H-x86_64-mingw32/nios2-elf/lib\libsmallc.a(lib_a-strlen.o)
 .debug_info    0x00000000000011ac      0xb2b c:/altera/16.0/nios2eds/bin/gnu/h-x86_64-mingw32/bin/../lib/gcc/nios2-elf/5.2.0/../../../../../H-x86_64-mingw32/nios2-elf/lib\libsmallc.a(lib_a-vfprintf.o)
 .debug_info    0x0000000000001cd7      0x62b c:/altera/16.0/nios2eds/bin/gnu/h-x86_64-mingw32/bin/../lib/gcc/nios2-elf/5.2.0/../../../../../H-x86_64-mingw32/nios2-elf/lib\libsmallc.a(lib_a-fvwrite_small_dev.o)
 .debug_info    0x0000000000002302      0x5a9 c:/altera/16.0/nios2eds/bin/gnu/h-x86_64-mingw32/bin/../lib/gcc/nios2-elf/5.2.0/../../../../../H-x86_64-mingw32/nios2-elf/lib\libsmallc.a(lib_a-impure.o)
 .debug_info    0x00000000000028ab      0x630 c:/altera/16.0/nios2eds/bin/gnu/h-x86_64-mingw32/bin/../lib/gcc/nios2-elf/5.2.0/../../../../../H-x86_64-mingw32/nios2-elf/lib\libsmallc.a(lib_a-writer.o)
 .debug_info    0x0000000000002edb       0x8a c:/altera/16.0/nios2eds/bin/gnu/h-x86_64-mingw32/bin/../lib/gcc/nios2-elf/5.2.0/../../../../../H-x86_64-mingw32/nios2-elf/lib\libsmallc.a(lib_a-int_errno.o)
 .debug_info    0x0000000000002f65      0x2c3 c:/altera/16.0/nios2eds/bin/gnu/h-x86_64-mingw32/bin/../lib/gcc/nios2-elf/5.2.0\libgcc.a(lib2-divmod.o)
 .debug_info    0x0000000000003228      0x145 ../Oscill_PO_bsp/\libhal_bsp.a(alt_load.o)
 .debug_info    0x000000000000336d      0x157 ../Oscill_PO_bsp/\libhal_bsp.a(alt_main.o)
 .debug_info    0x00000000000034c4      0x4b7 ../Oscill_PO_bsp/\libhal_bsp.a(alt_write.o)
 .debug_info    0x000000000000397b      0x69f ../Oscill_PO_bsp/\libhal_bsp.a(alt_sys_init.o)
 .debug_info    0x000000000000401a      0x52e ../Oscill_PO_bsp/\libhal_bsp.a(altera_avalon_jtag_uart_fd.o)
 .debug_info    0x0000000000004548      0x3c3 ../Oscill_PO_bsp/\libhal_bsp.a(altera_avalon_jtag_uart_init.o)
 .debug_info    0x000000000000490b      0x280 ../Oscill_PO_bsp/\libhal_bsp.a(altera_avalon_jtag_uart_ioctl.o)
 .debug_info    0x0000000000004b8b      0x35b ../Oscill_PO_bsp/\libhal_bsp.a(altera_avalon_jtag_uart_read.o)
 .debug_info    0x0000000000004ee6      0x356 ../Oscill_PO_bsp/\libhal_bsp.a(altera_avalon_jtag_uart_write.o)
 .debug_info    0x000000000000523c      0xaa3 ../Oscill_PO_bsp/\libhal_bsp.a(altera_up_avalon_video_pixel_buffer_dma.o)
 .debug_info    0x0000000000005cdf      0x2e2 ../Oscill_PO_bsp/\libhal_bsp.a(alt_alarm_start.o)
 .debug_info    0x0000000000005fc1      0x321 ../Oscill_PO_bsp/\libhal_bsp.a(alt_close.o)
 .debug_info    0x00000000000062e2       0xa5 ../Oscill_PO_bsp/\libhal_bsp.a(alt_dcache_flush_all.o)
 .debug_info    0x0000000000006387      0x49c ../Oscill_PO_bsp/\libhal_bsp.a(alt_dev.o)
 .debug_info    0x0000000000006823      0x1a9 ../Oscill_PO_bsp/\libhal_bsp.a(alt_dev_llist_insert.o)
 .debug_info    0x00000000000069cc       0xa6 ../Oscill_PO_bsp/\libhal_bsp.a(alt_errno.o)
 .debug_info    0x0000000000006a72      0x2e9 ../Oscill_PO_bsp/\libhal_bsp.a(alt_find_dev.o)
 .debug_info    0x0000000000006d5b       0x92 ../Oscill_PO_bsp/\libhal_bsp.a(alt_icache_flush_all.o)
 .debug_info    0x0000000000006ded      0x4a5 ../Oscill_PO_bsp/\libhal_bsp.a(alt_io_redirect.o)
 .debug_info    0x0000000000007292      0x329 ../Oscill_PO_bsp/\libhal_bsp.a(alt_irq_register.o)
 .debug_info    0x00000000000075bb       0x88 ../Oscill_PO_bsp/\libhal_bsp.a(alt_irq_vars.o)
 .debug_info    0x0000000000007643      0x3bb ../Oscill_PO_bsp/\libhal_bsp.a(alt_open.o)
 .debug_info    0x00000000000079fe      0x2b0 ../Oscill_PO_bsp/\libhal_bsp.a(alt_release_fd.o)
 .debug_info    0x0000000000007cae      0x2af ../Oscill_PO_bsp/\libhal_bsp.a(alt_tick.o)
 .debug_info    0x0000000000007f5d       0xb8 ../Oscill_PO_bsp/\libhal_bsp.a(altera_nios2_gen2_irq.o)
 .debug_info    0x0000000000008015      0x2e6 ../Oscill_PO_bsp/\libhal_bsp.a(alt_find_file.o)
 .debug_info    0x00000000000082fb      0x310 ../Oscill_PO_bsp/\libhal_bsp.a(alt_get_fd.o)
 .debug_info    0x000000000000860b       0xdc ../Oscill_PO_bsp/\libhal_bsp.a(alt_icache_flush.o)
 .debug_info    0x00000000000086e7       0x84 ../Oscill_PO_bsp/\libhal_bsp.a(alt_irq_entry.o)
 .debug_info    0x000000000000876b      0x1a7 ../Oscill_PO_bsp/\libhal_bsp.a(alt_irq_handler.o)
 .debug_info    0x0000000000008912       0x8a ../Oscill_PO_bsp/\libhal_bsp.a(alt_exception_entry.o)
 .debug_info    0x000000000000899c      0x1e7 ../Oscill_PO_bsp/\libhal_bsp.a(alt_instruction_exception_entry.o)
 .debug_info    0x0000000000008b83       0xe5 c:/altera/16.0/nios2eds/bin/gnu/h-x86_64-mingw32/bin/../lib/gcc/nios2-elf/5.2.0/../../../../../H-x86_64-mingw32/nios2-elf/lib\libsmallc.a(lib_a-exit.o)
 .debug_info    0x0000000000008c68       0xf4 c:/altera/16.0/nios2eds/bin/gnu/h-x86_64-mingw32/bin/../lib/gcc/nios2-elf/5.2.0/../../../../../H-x86_64-mingw32/nios2-elf/lib\libsmallc.a(lib_a-memcmp.o)
 .debug_info    0x0000000000008d5c      0x119 c:/altera/16.0/nios2eds/bin/gnu/h-x86_64-mingw32/bin/../lib/gcc/nios2-elf/5.2.0/../../../../../H-x86_64-mingw32/nios2-elf/lib\libsmallc.a(lib_a-memcpy.o)
 .debug_info    0x0000000000008e75      0x67b c:/altera/16.0/nios2eds/bin/gnu/h-x86_64-mingw32/bin/../lib/gcc/nios2-elf/5.2.0/../../../../../H-x86_64-mingw32/nios2-elf/lib\libsmallc.a(lib_a-__call_atexit.o)
 .debug_info    0x00000000000094f0      0x116 ../Oscill_PO_bsp/\libhal_bsp.a(alt_exit.o)

.debug_abbrev   0x0000000000000000     0x3110
 *(.debug_abbrev)
 .debug_abbrev  0x0000000000000000       0x12 ../Oscill_PO_bsp//obj/HAL/src/crt0.o
 .debug_abbrev  0x0000000000000012       0xd0 obj/default/hello_world.o
 .debug_abbrev  0x00000000000000e2      0x1ee c:/altera/16.0/nios2eds/bin/gnu/h-x86_64-mingw32/bin/../lib/gcc/nios2-elf/5.2.0/../../../../../H-x86_64-mingw32/nios2-elf/lib\libsmallc.a(lib_a-printf.o)
 .debug_abbrev  0x00000000000002d0      0x1d6 c:/altera/16.0/nios2eds/bin/gnu/h-x86_64-mingw32/bin/../lib/gcc/nios2-elf/5.2.0/../../../../../H-x86_64-mingw32/nios2-elf/lib\libsmallc.a(lib_a-puts.o)
 .debug_abbrev  0x00000000000004a6       0x7f c:/altera/16.0/nios2eds/bin/gnu/h-x86_64-mingw32/bin/../lib/gcc/nios2-elf/5.2.0/../../../../../H-x86_64-mingw32/nios2-elf/lib\libsmallc.a(lib_a-strlen.o)
 .debug_abbrev  0x0000000000000525      0x2a1 c:/altera/16.0/nios2eds/bin/gnu/h-x86_64-mingw32/bin/../lib/gcc/nios2-elf/5.2.0/../../../../../H-x86_64-mingw32/nios2-elf/lib\libsmallc.a(lib_a-vfprintf.o)
 .debug_abbrev  0x00000000000007c6      0x1bc c:/altera/16.0/nios2eds/bin/gnu/h-x86_64-mingw32/bin/../lib/gcc/nios2-elf/5.2.0/../../../../../H-x86_64-mingw32/nios2-elf/lib\libsmallc.a(lib_a-fvwrite_small_dev.o)
 .debug_abbrev  0x0000000000000982      0x14a c:/altera/16.0/nios2eds/bin/gnu/h-x86_64-mingw32/bin/../lib/gcc/nios2-elf/5.2.0/../../../../../H-x86_64-mingw32/nios2-elf/lib\libsmallc.a(lib_a-impure.o)
 .debug_abbrev  0x0000000000000acc      0x1a6 c:/altera/16.0/nios2eds/bin/gnu/h-x86_64-mingw32/bin/../lib/gcc/nios2-elf/5.2.0/../../../../../H-x86_64-mingw32/nios2-elf/lib\libsmallc.a(lib_a-writer.o)
 .debug_abbrev  0x0000000000000c72       0x37 c:/altera/16.0/nios2eds/bin/gnu/h-x86_64-mingw32/bin/../lib/gcc/nios2-elf/5.2.0/../../../../../H-x86_64-mingw32/nios2-elf/lib\libsmallc.a(lib_a-int_errno.o)
 .debug_abbrev  0x0000000000000ca9      0x10e c:/altera/16.0/nios2eds/bin/gnu/h-x86_64-mingw32/bin/../lib/gcc/nios2-elf/5.2.0\libgcc.a(lib2-divmod.o)
 .debug_abbrev  0x0000000000000db7       0x9f ../Oscill_PO_bsp/\libhal_bsp.a(alt_load.o)
 .debug_abbrev  0x0000000000000e56       0xc1 ../Oscill_PO_bsp/\libhal_bsp.a(alt_main.o)
 .debug_abbrev  0x0000000000000f17      0x133 ../Oscill_PO_bsp/\libhal_bsp.a(alt_write.o)
 .debug_abbrev  0x000000000000104a      0x190 ../Oscill_PO_bsp/\libhal_bsp.a(alt_sys_init.o)
 .debug_abbrev  0x00000000000011da      0x127 ../Oscill_PO_bsp/\libhal_bsp.a(altera_avalon_jtag_uart_fd.o)
 .debug_abbrev  0x0000000000001301      0x19e ../Oscill_PO_bsp/\libhal_bsp.a(altera_avalon_jtag_uart_init.o)
 .debug_abbrev  0x000000000000149f      0x111 ../Oscill_PO_bsp/\libhal_bsp.a(altera_avalon_jtag_uart_ioctl.o)
 .debug_abbrev  0x00000000000015b0      0x1aa ../Oscill_PO_bsp/\libhal_bsp.a(altera_avalon_jtag_uart_read.o)
 .debug_abbrev  0x000000000000175a      0x1a8 ../Oscill_PO_bsp/\libhal_bsp.a(altera_avalon_jtag_uart_write.o)
 .debug_abbrev  0x0000000000001902      0x1b9 ../Oscill_PO_bsp/\libhal_bsp.a(altera_up_avalon_video_pixel_buffer_dma.o)
 .debug_abbrev  0x0000000000001abb      0x162 ../Oscill_PO_bsp/\libhal_bsp.a(alt_alarm_start.o)
 .debug_abbrev  0x0000000000001c1d      0x11f ../Oscill_PO_bsp/\libhal_bsp.a(alt_close.o)
 .debug_abbrev  0x0000000000001d3c       0x5a ../Oscill_PO_bsp/\libhal_bsp.a(alt_dcache_flush_all.o)
 .debug_abbrev  0x0000000000001d96       0xd9 ../Oscill_PO_bsp/\libhal_bsp.a(alt_dev.o)
 .debug_abbrev  0x0000000000001e6f      0x114 ../Oscill_PO_bsp/\libhal_bsp.a(alt_dev_llist_insert.o)
 .debug_abbrev  0x0000000000001f83       0x5a ../Oscill_PO_bsp/\libhal_bsp.a(alt_errno.o)
 .debug_abbrev  0x0000000000001fdd       0xf0 ../Oscill_PO_bsp/\libhal_bsp.a(alt_find_dev.o)
 .debug_abbrev  0x00000000000020cd       0x42 ../Oscill_PO_bsp/\libhal_bsp.a(alt_icache_flush_all.o)
 .debug_abbrev  0x000000000000210f      0x114 ../Oscill_PO_bsp/\libhal_bsp.a(alt_io_redirect.o)
 .debug_abbrev  0x0000000000002223      0x186 ../Oscill_PO_bsp/\libhal_bsp.a(alt_irq_register.o)
 .debug_abbrev  0x00000000000023a9       0x40 ../Oscill_PO_bsp/\libhal_bsp.a(alt_irq_vars.o)
 .debug_abbrev  0x00000000000023e9      0x148 ../Oscill_PO_bsp/\libhal_bsp.a(alt_open.o)
 .debug_abbrev  0x0000000000002531       0xde ../Oscill_PO_bsp/\libhal_bsp.a(alt_release_fd.o)
 .debug_abbrev  0x000000000000260f      0x16b ../Oscill_PO_bsp/\libhal_bsp.a(alt_tick.o)
 .debug_abbrev  0x000000000000277a       0x67 ../Oscill_PO_bsp/\libhal_bsp.a(altera_nios2_gen2_irq.o)
 .debug_abbrev  0x00000000000027e1       0xf0 ../Oscill_PO_bsp/\libhal_bsp.a(alt_find_file.o)
 .debug_abbrev  0x00000000000028d1      0x10d ../Oscill_PO_bsp/\libhal_bsp.a(alt_get_fd.o)
 .debug_abbrev  0x00000000000029de       0x8c ../Oscill_PO_bsp/\libhal_bsp.a(alt_icache_flush.o)
 .debug_abbrev  0x0000000000002a6a       0x12 ../Oscill_PO_bsp/\libhal_bsp.a(alt_irq_entry.o)
 .debug_abbrev  0x0000000000002a7c      0x13a ../Oscill_PO_bsp/\libhal_bsp.a(alt_irq_handler.o)
 .debug_abbrev  0x0000000000002bb6       0x12 ../Oscill_PO_bsp/\libhal_bsp.a(alt_exception_entry.o)
 .debug_abbrev  0x0000000000002bc8       0xdc ../Oscill_PO_bsp/\libhal_bsp.a(alt_instruction_exception_entry.o)
 .debug_abbrev  0x0000000000002ca4       0x8b c:/altera/16.0/nios2eds/bin/gnu/h-x86_64-mingw32/bin/../lib/gcc/nios2-elf/5.2.0/../../../../../H-x86_64-mingw32/nios2-elf/lib\libsmallc.a(lib_a-exit.o)
 .debug_abbrev  0x0000000000002d2f       0x7f c:/altera/16.0/nios2eds/bin/gnu/h-x86_64-mingw32/bin/../lib/gcc/nios2-elf/5.2.0/../../../../../H-x86_64-mingw32/nios2-elf/lib\libsmallc.a(lib_a-memcmp.o)
 .debug_abbrev  0x0000000000002dae       0x9c c:/altera/16.0/nios2eds/bin/gnu/h-x86_64-mingw32/bin/../lib/gcc/nios2-elf/5.2.0/../../../../../H-x86_64-mingw32/nios2-elf/lib\libsmallc.a(lib_a-memcpy.o)
 .debug_abbrev  0x0000000000002e4a      0x1f6 c:/altera/16.0/nios2eds/bin/gnu/h-x86_64-mingw32/bin/../lib/gcc/nios2-elf/5.2.0/../../../../../H-x86_64-mingw32/nios2-elf/lib\libsmallc.a(lib_a-__call_atexit.o)
 .debug_abbrev  0x0000000000003040       0xd0 ../Oscill_PO_bsp/\libhal_bsp.a(alt_exit.o)

.debug_line     0x0000000000000000     0x396f
 *(.debug_line)
 .debug_line    0x0000000000000000       0x72 ../Oscill_PO_bsp//obj/HAL/src/crt0.o
 .debug_line    0x0000000000000072      0x10f obj/default/hello_world.o
 .debug_line    0x0000000000000181      0x200 c:/altera/16.0/nios2eds/bin/gnu/h-x86_64-mingw32/bin/../lib/gcc/nios2-elf/5.2.0/../../../../../H-x86_64-mingw32/nios2-elf/lib\libsmallc.a(lib_a-printf.o)
 .debug_line    0x0000000000000381      0x203 c:/altera/16.0/nios2eds/bin/gnu/h-x86_64-mingw32/bin/../lib/gcc/nios2-elf/5.2.0/../../../../../H-x86_64-mingw32/nios2-elf/lib\libsmallc.a(lib_a-puts.o)
 .debug_line    0x0000000000000584      0x159 c:/altera/16.0/nios2eds/bin/gnu/h-x86_64-mingw32/bin/../lib/gcc/nios2-elf/5.2.0/../../../../../H-x86_64-mingw32/nios2-elf/lib\libsmallc.a(lib_a-strlen.o)
 .debug_line    0x00000000000006dd      0x34f c:/altera/16.0/nios2eds/bin/gnu/h-x86_64-mingw32/bin/../lib/gcc/nios2-elf/5.2.0/../../../../../H-x86_64-mingw32/nios2-elf/lib\libsmallc.a(lib_a-vfprintf.o)
 .debug_line    0x0000000000000a2c      0x1ed c:/altera/16.0/nios2eds/bin/gnu/h-x86_64-mingw32/bin/../lib/gcc/nios2-elf/5.2.0/../../../../../H-x86_64-mingw32/nios2-elf/lib\libsmallc.a(lib_a-fvwrite_small_dev.o)
 .debug_line    0x0000000000000c19      0x153 c:/altera/16.0/nios2eds/bin/gnu/h-x86_64-mingw32/bin/../lib/gcc/nios2-elf/5.2.0/../../../../../H-x86_64-mingw32/nios2-elf/lib\libsmallc.a(lib_a-impure.o)
 .debug_line    0x0000000000000d6c      0x1ea c:/altera/16.0/nios2eds/bin/gnu/h-x86_64-mingw32/bin/../lib/gcc/nios2-elf/5.2.0/../../../../../H-x86_64-mingw32/nios2-elf/lib\libsmallc.a(lib_a-writer.o)
 .debug_line    0x0000000000000f56       0x5c c:/altera/16.0/nios2eds/bin/gnu/h-x86_64-mingw32/bin/../lib/gcc/nios2-elf/5.2.0/../../../../../H-x86_64-mingw32/nios2-elf/lib\libsmallc.a(lib_a-int_errno.o)
 .debug_line    0x0000000000000fb2      0x102 c:/altera/16.0/nios2eds/bin/gnu/h-x86_64-mingw32/bin/../lib/gcc/nios2-elf/5.2.0\libgcc.a(lib2-divmod.o)
 .debug_line    0x00000000000010b4       0x8e ../Oscill_PO_bsp/\libhal_bsp.a(alt_load.o)
 .debug_line    0x0000000000001142       0xcb ../Oscill_PO_bsp/\libhal_bsp.a(alt_main.o)
 .debug_line    0x000000000000120d      0x1cc ../Oscill_PO_bsp/\libhal_bsp.a(alt_write.o)
 .debug_line    0x00000000000013d9      0x1ea ../Oscill_PO_bsp/\libhal_bsp.a(alt_sys_init.o)
 .debug_line    0x00000000000015c3      0x12f ../Oscill_PO_bsp/\libhal_bsp.a(altera_avalon_jtag_uart_fd.o)
 .debug_line    0x00000000000016f2      0x19f ../Oscill_PO_bsp/\libhal_bsp.a(altera_avalon_jtag_uart_init.o)
 .debug_line    0x0000000000001891      0x131 ../Oscill_PO_bsp/\libhal_bsp.a(altera_avalon_jtag_uart_ioctl.o)
 .debug_line    0x00000000000019c2      0x185 ../Oscill_PO_bsp/\libhal_bsp.a(altera_avalon_jtag_uart_read.o)
 .debug_line    0x0000000000001b47      0x184 ../Oscill_PO_bsp/\libhal_bsp.a(altera_avalon_jtag_uart_write.o)
 .debug_line    0x0000000000001ccb      0x4bf ../Oscill_PO_bsp/\libhal_bsp.a(altera_up_avalon_video_pixel_buffer_dma.o)
 .debug_line    0x000000000000218a      0x10e ../Oscill_PO_bsp/\libhal_bsp.a(alt_alarm_start.o)
 .debug_line    0x0000000000002298      0x15e ../Oscill_PO_bsp/\libhal_bsp.a(alt_close.o)
 .debug_line    0x00000000000023f6       0x61 ../Oscill_PO_bsp/\libhal_bsp.a(alt_dcache_flush_all.o)
 .debug_line    0x0000000000002457       0xf0 ../Oscill_PO_bsp/\libhal_bsp.a(alt_dev.o)
 .debug_line    0x0000000000002547       0xd0 ../Oscill_PO_bsp/\libhal_bsp.a(alt_dev_llist_insert.o)
 .debug_line    0x0000000000002617       0x51 ../Oscill_PO_bsp/\libhal_bsp.a(alt_errno.o)
 .debug_line    0x0000000000002668       0xb5 ../Oscill_PO_bsp/\libhal_bsp.a(alt_find_dev.o)
 .debug_line    0x000000000000271d       0x50 ../Oscill_PO_bsp/\libhal_bsp.a(alt_icache_flush_all.o)
 .debug_line    0x000000000000276d      0x12b ../Oscill_PO_bsp/\libhal_bsp.a(alt_io_redirect.o)
 .debug_line    0x0000000000002898      0x159 ../Oscill_PO_bsp/\libhal_bsp.a(alt_irq_register.o)
 .debug_line    0x00000000000029f1       0x50 ../Oscill_PO_bsp/\libhal_bsp.a(alt_irq_vars.o)
 .debug_line    0x0000000000002a41      0x12a ../Oscill_PO_bsp/\libhal_bsp.a(alt_open.o)
 .debug_line    0x0000000000002b6b       0xae ../Oscill_PO_bsp/\libhal_bsp.a(alt_release_fd.o)
 .debug_line    0x0000000000002c19      0x113 ../Oscill_PO_bsp/\libhal_bsp.a(alt_tick.o)
 .debug_line    0x0000000000002d2c       0x8d ../Oscill_PO_bsp/\libhal_bsp.a(altera_nios2_gen2_irq.o)
 .debug_line    0x0000000000002db9       0xd1 ../Oscill_PO_bsp/\libhal_bsp.a(alt_find_file.o)
 .debug_line    0x0000000000002e8a       0xd5 ../Oscill_PO_bsp/\libhal_bsp.a(alt_get_fd.o)
 .debug_line    0x0000000000002f5f       0x81 ../Oscill_PO_bsp/\libhal_bsp.a(alt_icache_flush.o)
 .debug_line    0x0000000000002fe0       0x6b ../Oscill_PO_bsp/\libhal_bsp.a(alt_irq_entry.o)
 .debug_line    0x000000000000304b       0xcd ../Oscill_PO_bsp/\libhal_bsp.a(alt_irq_handler.o)
 .debug_line    0x0000000000003118       0xb3 ../Oscill_PO_bsp/\libhal_bsp.a(alt_exception_entry.o)
 .debug_line    0x00000000000031cb       0xba ../Oscill_PO_bsp/\libhal_bsp.a(alt_instruction_exception_entry.o)
 .debug_line    0x0000000000003285      0x156 c:/altera/16.0/nios2eds/bin/gnu/h-x86_64-mingw32/bin/../lib/gcc/nios2-elf/5.2.0/../../../../../H-x86_64-mingw32/nios2-elf/lib\libsmallc.a(lib_a-exit.o)
 .debug_line    0x00000000000033db      0x15d c:/altera/16.0/nios2eds/bin/gnu/h-x86_64-mingw32/bin/../lib/gcc/nios2-elf/5.2.0/../../../../../H-x86_64-mingw32/nios2-elf/lib\libsmallc.a(lib_a-memcmp.o)
 .debug_line    0x0000000000003538      0x15b c:/altera/16.0/nios2eds/bin/gnu/h-x86_64-mingw32/bin/../lib/gcc/nios2-elf/5.2.0/../../../../../H-x86_64-mingw32/nios2-elf/lib\libsmallc.a(lib_a-memcpy.o)
 .debug_line    0x0000000000003693      0x22f c:/altera/16.0/nios2eds/bin/gnu/h-x86_64-mingw32/bin/../lib/gcc/nios2-elf/5.2.0/../../../../../H-x86_64-mingw32/nios2-elf/lib\libsmallc.a(lib_a-__call_atexit.o)
 .debug_line    0x00000000000038c2       0xad ../Oscill_PO_bsp/\libhal_bsp.a(alt_exit.o)

.debug_frame    0x0000000000000000      0xde4
 *(.debug_frame)
 .debug_frame   0x0000000000000000       0x2c obj/default/hello_world.o
 .debug_frame   0x000000000000002c       0x48 c:/altera/16.0/nios2eds/bin/gnu/h-x86_64-mingw32/bin/../lib/gcc/nios2-elf/5.2.0/../../../../../H-x86_64-mingw32/nios2-elf/lib\libsmallc.a(lib_a-printf.o)
 .debug_frame   0x0000000000000074       0x48 c:/altera/16.0/nios2eds/bin/gnu/h-x86_64-mingw32/bin/../lib/gcc/nios2-elf/5.2.0/../../../../../H-x86_64-mingw32/nios2-elf/lib\libsmallc.a(lib_a-puts.o)
 .debug_frame   0x00000000000000bc       0x20 c:/altera/16.0/nios2eds/bin/gnu/h-x86_64-mingw32/bin/../lib/gcc/nios2-elf/5.2.0/../../../../../H-x86_64-mingw32/nios2-elf/lib\libsmallc.a(lib_a-strlen.o)
 .debug_frame   0x00000000000000dc       0x8c c:/altera/16.0/nios2eds/bin/gnu/h-x86_64-mingw32/bin/../lib/gcc/nios2-elf/5.2.0/../../../../../H-x86_64-mingw32/nios2-elf/lib\libsmallc.a(lib_a-vfprintf.o)
 .debug_frame   0x0000000000000168       0x58 c:/altera/16.0/nios2eds/bin/gnu/h-x86_64-mingw32/bin/../lib/gcc/nios2-elf/5.2.0/../../../../../H-x86_64-mingw32/nios2-elf/lib\libsmallc.a(lib_a-fvwrite_small_dev.o)
 .debug_frame   0x00000000000001c0       0x38 c:/altera/16.0/nios2eds/bin/gnu/h-x86_64-mingw32/bin/../lib/gcc/nios2-elf/5.2.0/../../../../../H-x86_64-mingw32/nios2-elf/lib\libsmallc.a(lib_a-writer.o)
 .debug_frame   0x00000000000001f8       0x50 c:/altera/16.0/nios2eds/bin/gnu/h-x86_64-mingw32/bin/../lib/gcc/nios2-elf/5.2.0\libgcc.a(lib2-divmod.o)
 .debug_frame   0x0000000000000248       0x5c ../Oscill_PO_bsp/\libhal_bsp.a(alt_load.o)
 .debug_frame   0x00000000000002a4       0x2c ../Oscill_PO_bsp/\libhal_bsp.a(alt_main.o)
 .debug_frame   0x00000000000002d0       0x60 ../Oscill_PO_bsp/\libhal_bsp.a(alt_write.o)
 .debug_frame   0x0000000000000330       0x88 ../Oscill_PO_bsp/\libhal_bsp.a(alt_sys_init.o)
 .debug_frame   0x00000000000003b8       0xb0 ../Oscill_PO_bsp/\libhal_bsp.a(altera_avalon_jtag_uart_fd.o)
 .debug_frame   0x0000000000000468       0xa4 ../Oscill_PO_bsp/\libhal_bsp.a(altera_avalon_jtag_uart_init.o)
 .debug_frame   0x000000000000050c       0x34 ../Oscill_PO_bsp/\libhal_bsp.a(altera_avalon_jtag_uart_ioctl.o)
 .debug_frame   0x0000000000000540       0x38 ../Oscill_PO_bsp/\libhal_bsp.a(altera_avalon_jtag_uart_read.o)
 .debug_frame   0x0000000000000578       0x38 ../Oscill_PO_bsp/\libhal_bsp.a(altera_avalon_jtag_uart_write.o)
 .debug_frame   0x00000000000005b0      0x270 ../Oscill_PO_bsp/\libhal_bsp.a(altera_up_avalon_video_pixel_buffer_dma.o)
 .debug_frame   0x0000000000000820       0x34 ../Oscill_PO_bsp/\libhal_bsp.a(alt_alarm_start.o)
 .debug_frame   0x0000000000000854       0x60 ../Oscill_PO_bsp/\libhal_bsp.a(alt_close.o)
 .debug_frame   0x00000000000008b4       0x34 ../Oscill_PO_bsp/\libhal_bsp.a(alt_dcache_flush_all.o)
 .debug_frame   0x00000000000008e8       0x34 ../Oscill_PO_bsp/\libhal_bsp.a(alt_dev.o)
 .debug_frame   0x000000000000091c       0x60 ../Oscill_PO_bsp/\libhal_bsp.a(alt_dev_llist_insert.o)
 .debug_frame   0x000000000000097c       0x38 ../Oscill_PO_bsp/\libhal_bsp.a(alt_find_dev.o)
 .debug_frame   0x00000000000009b4       0x38 ../Oscill_PO_bsp/\libhal_bsp.a(alt_icache_flush_all.o)
 .debug_frame   0x00000000000009ec       0x60 ../Oscill_PO_bsp/\libhal_bsp.a(alt_io_redirect.o)
 .debug_frame   0x0000000000000a4c       0x34 ../Oscill_PO_bsp/\libhal_bsp.a(alt_irq_register.o)
 .debug_frame   0x0000000000000a80       0x84 ../Oscill_PO_bsp/\libhal_bsp.a(alt_open.o)
 .debug_frame   0x0000000000000b04       0x34 ../Oscill_PO_bsp/\libhal_bsp.a(alt_release_fd.o)
 .debug_frame   0x0000000000000b38       0x5c ../Oscill_PO_bsp/\libhal_bsp.a(alt_tick.o)
 .debug_frame   0x0000000000000b94       0x34 ../Oscill_PO_bsp/\libhal_bsp.a(altera_nios2_gen2_irq.o)
 .debug_frame   0x0000000000000bc8       0x38 ../Oscill_PO_bsp/\libhal_bsp.a(alt_find_file.o)
 .debug_frame   0x0000000000000c00       0x34 ../Oscill_PO_bsp/\libhal_bsp.a(alt_get_fd.o)
 .debug_frame   0x0000000000000c34       0x34 ../Oscill_PO_bsp/\libhal_bsp.a(alt_icache_flush.o)
 .debug_frame   0x0000000000000c68       0x38 ../Oscill_PO_bsp/\libhal_bsp.a(alt_irq_handler.o)
 .debug_frame   0x0000000000000ca0       0x5c ../Oscill_PO_bsp/\libhal_bsp.a(alt_instruction_exception_entry.o)
 .debug_frame   0x0000000000000cfc       0x28 c:/altera/16.0/nios2eds/bin/gnu/h-x86_64-mingw32/bin/../lib/gcc/nios2-elf/5.2.0/../../../../../H-x86_64-mingw32/nios2-elf/lib\libsmallc.a(lib_a-exit.o)
 .debug_frame   0x0000000000000d24       0x20 c:/altera/16.0/nios2eds/bin/gnu/h-x86_64-mingw32/bin/../lib/gcc/nios2-elf/5.2.0/../../../../../H-x86_64-mingw32/nios2-elf/lib\libsmallc.a(lib_a-memcmp.o)
 .debug_frame   0x0000000000000d44       0x20 c:/altera/16.0/nios2eds/bin/gnu/h-x86_64-mingw32/bin/../lib/gcc/nios2-elf/5.2.0/../../../../../H-x86_64-mingw32/nios2-elf/lib\libsmallc.a(lib_a-memcpy.o)
 .debug_frame   0x0000000000000d64       0x54 c:/altera/16.0/nios2eds/bin/gnu/h-x86_64-mingw32/bin/../lib/gcc/nios2-elf/5.2.0/../../../../../H-x86_64-mingw32/nios2-elf/lib\libsmallc.a(lib_a-__call_atexit.o)
 .debug_frame   0x0000000000000db8       0x2c ../Oscill_PO_bsp/\libhal_bsp.a(alt_exit.o)

.debug_str      0x0000000000000000     0x216a
 *(.debug_str)
 .debug_str     0x0000000000000000      0x21c obj/default/hello_world.o
                                        0x296 (size before relaxing)
 .debug_str     0x000000000000021c      0x40f c:/altera/16.0/nios2eds/bin/gnu/h-x86_64-mingw32/bin/../lib/gcc/nios2-elf/5.2.0/../../../../../H-x86_64-mingw32/nios2-elf/lib\libsmallc.a(lib_a-printf.o)
                                        0x4ea (size before relaxing)
 .debug_str     0x000000000000062b       0x60 c:/altera/16.0/nios2eds/bin/gnu/h-x86_64-mingw32/bin/../lib/gcc/nios2-elf/5.2.0/../../../../../H-x86_64-mingw32/nios2-elf/lib\libsmallc.a(lib_a-puts.o)
                                        0x4b3 (size before relaxing)
 .debug_str     0x000000000000068b       0xc4 c:/altera/16.0/nios2eds/bin/gnu/h-x86_64-mingw32/bin/../lib/gcc/nios2-elf/5.2.0/../../../../../H-x86_64-mingw32/nios2-elf/lib\libsmallc.a(lib_a-strlen.o)
                                        0x1cb (size before relaxing)
 .debug_str     0x000000000000074f      0x1e9 c:/altera/16.0/nios2eds/bin/gnu/h-x86_64-mingw32/bin/../lib/gcc/nios2-elf/5.2.0/../../../../../H-x86_64-mingw32/nios2-elf/lib\libsmallc.a(lib_a-vfprintf.o)
                                        0x665 (size before relaxing)
 .debug_str     0x0000000000000938       0x60 c:/altera/16.0/nios2eds/bin/gnu/h-x86_64-mingw32/bin/../lib/gcc/nios2-elf/5.2.0/../../../../../H-x86_64-mingw32/nios2-elf/lib\libsmallc.a(lib_a-fvwrite_small_dev.o)
                                        0x4ba (size before relaxing)
 .debug_str     0x0000000000000998       0xe1 c:/altera/16.0/nios2eds/bin/gnu/h-x86_64-mingw32/bin/../lib/gcc/nios2-elf/5.2.0/../../../../../H-x86_64-mingw32/nios2-elf/lib\libsmallc.a(lib_a-impure.o)
                                        0x4a4 (size before relaxing)
 .debug_str     0x0000000000000a79       0x42 c:/altera/16.0/nios2eds/bin/gnu/h-x86_64-mingw32/bin/../lib/gcc/nios2-elf/5.2.0/../../../../../H-x86_64-mingw32/nios2-elf/lib\libsmallc.a(lib_a-writer.o)
                                        0x49e (size before relaxing)
 .debug_str     0x0000000000000abb       0x3c c:/altera/16.0/nios2eds/bin/gnu/h-x86_64-mingw32/bin/../lib/gcc/nios2-elf/5.2.0/../../../../../H-x86_64-mingw32/nios2-elf/lib\libsmallc.a(lib_a-int_errno.o)
                                        0x1be (size before relaxing)
 .debug_str     0x0000000000000af7      0x16d c:/altera/16.0/nios2eds/bin/gnu/h-x86_64-mingw32/bin/../lib/gcc/nios2-elf/5.2.0\libgcc.a(lib2-divmod.o)
                                        0x1b8 (size before relaxing)
 .debug_str     0x0000000000000c64      0x17d ../Oscill_PO_bsp/\libhal_bsp.a(alt_load.o)
                                        0x21b (size before relaxing)
 .debug_str     0x0000000000000de1       0x65 ../Oscill_PO_bsp/\libhal_bsp.a(alt_main.o)
                                        0x1cf (size before relaxing)
 .debug_str     0x0000000000000e46      0x10d ../Oscill_PO_bsp/\libhal_bsp.a(alt_write.o)
                                        0x301 (size before relaxing)
 .debug_str     0x0000000000000f53      0x277 ../Oscill_PO_bsp/\libhal_bsp.a(alt_sys_init.o)
                                        0x561 (size before relaxing)
 .debug_str     0x00000000000011ca       0xb2 ../Oscill_PO_bsp/\libhal_bsp.a(altera_avalon_jtag_uart_fd.o)
                                        0x3ad (size before relaxing)
 .debug_str     0x000000000000127c       0xd1 ../Oscill_PO_bsp/\libhal_bsp.a(altera_avalon_jtag_uart_init.o)
                                        0x362 (size before relaxing)
 .debug_str     0x000000000000134d       0x4a ../Oscill_PO_bsp/\libhal_bsp.a(altera_avalon_jtag_uart_ioctl.o)
                                        0x29c (size before relaxing)
 .debug_str     0x0000000000001397       0x7f ../Oscill_PO_bsp/\libhal_bsp.a(altera_avalon_jtag_uart_read.o)
                                        0x312 (size before relaxing)
 .debug_str     0x0000000000001416       0x4a ../Oscill_PO_bsp/\libhal_bsp.a(altera_avalon_jtag_uart_write.o)
                                        0x313 (size before relaxing)
 .debug_str     0x0000000000001460      0x27d ../Oscill_PO_bsp/\libhal_bsp.a(altera_up_avalon_video_pixel_buffer_dma.o)
                                        0x51a (size before relaxing)
 .debug_str     0x00000000000016dd       0x59 ../Oscill_PO_bsp/\libhal_bsp.a(alt_alarm_start.o)
                                        0x2a8 (size before relaxing)
 .debug_str     0x0000000000001736       0x1b ../Oscill_PO_bsp/\libhal_bsp.a(alt_close.o)
                                        0x214 (size before relaxing)
 .debug_str     0x0000000000001751       0x34 ../Oscill_PO_bsp/\libhal_bsp.a(alt_dcache_flush_all.o)
                                        0x15e (size before relaxing)
 .debug_str     0x0000000000001785       0x50 ../Oscill_PO_bsp/\libhal_bsp.a(alt_dev.o)
                                        0x30e (size before relaxing)
 .debug_str     0x00000000000017d5       0x34 ../Oscill_PO_bsp/\libhal_bsp.a(alt_dev_llist_insert.o)
                                        0x1d5 (size before relaxing)
 .debug_str     0x0000000000001809       0x14 ../Oscill_PO_bsp/\libhal_bsp.a(alt_errno.o)
                                        0x14e (size before relaxing)
 .debug_str     0x000000000000181d       0x24 ../Oscill_PO_bsp/\libhal_bsp.a(alt_find_dev.o)
                                        0x1f5 (size before relaxing)
 .debug_str     0x0000000000001841       0x34 ../Oscill_PO_bsp/\libhal_bsp.a(alt_icache_flush_all.o)
                                        0x15e (size before relaxing)
 .debug_str     0x0000000000001875       0x56 ../Oscill_PO_bsp/\libhal_bsp.a(alt_io_redirect.o)
                                        0x31f (size before relaxing)
 .debug_str     0x00000000000018cb       0x70 ../Oscill_PO_bsp/\libhal_bsp.a(alt_irq_register.o)
                                        0x211 (size before relaxing)
 .debug_str     0x000000000000193b       0x17 ../Oscill_PO_bsp/\libhal_bsp.a(alt_irq_vars.o)
                                        0x143 (size before relaxing)
 .debug_str     0x0000000000001952       0x2f ../Oscill_PO_bsp/\libhal_bsp.a(alt_open.o)
                                        0x254 (size before relaxing)
 .debug_str     0x0000000000001981       0x28 ../Oscill_PO_bsp/\libhal_bsp.a(alt_release_fd.o)
                                        0x1dc (size before relaxing)
 .debug_str     0x00000000000019a9       0x4a ../Oscill_PO_bsp/\libhal_bsp.a(alt_tick.o)
                                        0x27c (size before relaxing)
 .debug_str     0x00000000000019f3       0x3b ../Oscill_PO_bsp/\libhal_bsp.a(altera_nios2_gen2_irq.o)
                                        0x18e (size before relaxing)
 .debug_str     0x0000000000001a2e       0x26 ../Oscill_PO_bsp/\libhal_bsp.a(alt_find_file.o)
                                        0x203 (size before relaxing)
 .debug_str     0x0000000000001a54       0x30 ../Oscill_PO_bsp/\libhal_bsp.a(alt_get_fd.o)
                                        0x225 (size before relaxing)
 .debug_str     0x0000000000001a84       0x2c ../Oscill_PO_bsp/\libhal_bsp.a(alt_icache_flush.o)
                                        0x164 (size before relaxing)
 .debug_str     0x0000000000001ab0       0x3a ../Oscill_PO_bsp/\libhal_bsp.a(alt_irq_handler.o)
                                        0x1c1 (size before relaxing)
 .debug_str     0x0000000000001aea      0x48b ../Oscill_PO_bsp/\libhal_bsp.a(alt_instruction_exception_entry.o)
                                        0x5a9 (size before relaxing)
 .debug_str     0x0000000000001f75       0xd3 c:/altera/16.0/nios2eds/bin/gnu/h-x86_64-mingw32/bin/../lib/gcc/nios2-elf/5.2.0/../../../../../H-x86_64-mingw32/nios2-elf/lib\libsmallc.a(lib_a-exit.o)
                                        0x1d6 (size before relaxing)
 .debug_str     0x0000000000002048       0x41 c:/altera/16.0/nios2eds/bin/gnu/h-x86_64-mingw32/bin/../lib/gcc/nios2-elf/5.2.0/../../../../../H-x86_64-mingw32/nios2-elf/lib\libsmallc.a(lib_a-memcmp.o)
                                        0x1c5 (size before relaxing)
 .debug_str     0x0000000000002089       0x55 c:/altera/16.0/nios2eds/bin/gnu/h-x86_64-mingw32/bin/../lib/gcc/nios2-elf/5.2.0/../../../../../H-x86_64-mingw32/nios2-elf/lib\libsmallc.a(lib_a-memcpy.o)
                                        0x1d9 (size before relaxing)
 .debug_str     0x00000000000020de       0x62 c:/altera/16.0/nios2eds/bin/gnu/h-x86_64-mingw32/bin/../lib/gcc/nios2-elf/5.2.0/../../../../../H-x86_64-mingw32/nios2-elf/lib\libsmallc.a(lib_a-__call_atexit.o)
                                        0x4d1 (size before relaxing)
 .debug_str     0x0000000000002140       0x2a ../Oscill_PO_bsp/\libhal_bsp.a(alt_exit.o)
                                        0x183 (size before relaxing)

.debug_loc      0x0000000000000000     0x141d
 *(.debug_loc)
 .debug_loc     0x0000000000000000       0xc6 c:/altera/16.0/nios2eds/bin/gnu/h-x86_64-mingw32/bin/../lib/gcc/nios2-elf/5.2.0/../../../../../H-x86_64-mingw32/nios2-elf/lib\libsmallc.a(lib_a-printf.o)
 .debug_loc     0x00000000000000c6       0x97 c:/altera/16.0/nios2eds/bin/gnu/h-x86_64-mingw32/bin/../lib/gcc/nios2-elf/5.2.0/../../../../../H-x86_64-mingw32/nios2-elf/lib\libsmallc.a(lib_a-puts.o)
 .debug_loc     0x000000000000015d       0x1e c:/altera/16.0/nios2eds/bin/gnu/h-x86_64-mingw32/bin/../lib/gcc/nios2-elf/5.2.0/../../../../../H-x86_64-mingw32/nios2-elf/lib\libsmallc.a(lib_a-strlen.o)
 .debug_loc     0x000000000000017b      0x901 c:/altera/16.0/nios2eds/bin/gnu/h-x86_64-mingw32/bin/../lib/gcc/nios2-elf/5.2.0/../../../../../H-x86_64-mingw32/nios2-elf/lib\libsmallc.a(lib_a-vfprintf.o)
 .debug_loc     0x0000000000000a7c      0x110 c:/altera/16.0/nios2eds/bin/gnu/h-x86_64-mingw32/bin/../lib/gcc/nios2-elf/5.2.0/../../../../../H-x86_64-mingw32/nios2-elf/lib\libsmallc.a(lib_a-fvwrite_small_dev.o)
 .debug_loc     0x0000000000000b8c       0xa5 c:/altera/16.0/nios2eds/bin/gnu/h-x86_64-mingw32/bin/../lib/gcc/nios2-elf/5.2.0/../../../../../H-x86_64-mingw32/nios2-elf/lib\libsmallc.a(lib_a-writer.o)
 .debug_loc     0x0000000000000c31      0x4ae c:/altera/16.0/nios2eds/bin/gnu/h-x86_64-mingw32/bin/../lib/gcc/nios2-elf/5.2.0\libgcc.a(lib2-divmod.o)
 .debug_loc     0x00000000000010df       0x1e c:/altera/16.0/nios2eds/bin/gnu/h-x86_64-mingw32/bin/../lib/gcc/nios2-elf/5.2.0/../../../../../H-x86_64-mingw32/nios2-elf/lib\libsmallc.a(lib_a-exit.o)
 .debug_loc     0x00000000000010fd       0x94 c:/altera/16.0/nios2eds/bin/gnu/h-x86_64-mingw32/bin/../lib/gcc/nios2-elf/5.2.0/../../../../../H-x86_64-mingw32/nios2-elf/lib\libsmallc.a(lib_a-memcmp.o)
 .debug_loc     0x0000000000001191      0x135 c:/altera/16.0/nios2eds/bin/gnu/h-x86_64-mingw32/bin/../lib/gcc/nios2-elf/5.2.0/../../../../../H-x86_64-mingw32/nios2-elf/lib\libsmallc.a(lib_a-memcpy.o)
 .debug_loc     0x00000000000012c6      0x157 c:/altera/16.0/nios2eds/bin/gnu/h-x86_64-mingw32/bin/../lib/gcc/nios2-elf/5.2.0/../../../../../H-x86_64-mingw32/nios2-elf/lib\libsmallc.a(lib_a-__call_atexit.o)

.debug_macinfo
 *(.debug_macinfo)

.debug_weaknames
 *(.debug_weaknames)

.debug_funcnames
 *(.debug_funcnames)

.debug_typenames
 *(.debug_typenames)

.debug_varnames
 *(.debug_varnames)

.debug_alt_sim_info
                0x0000000000000000       0x30
 *(.debug_alt_sim_info)
 .debug_alt_sim_info
                0x0000000000000000       0x30 ../Oscill_PO_bsp//obj/HAL/src/crt0.o
                0x00000000000ce200                __alt_data_end = 0xce200
                0x00000000000ce200                PROVIDE (__alt_stack_pointer, __alt_data_end)
                [!provide]                        PROVIDE (__alt_stack_limit, __alt_stack_base)
                [!provide]                        PROVIDE (__alt_heap_start, end)
                [!provide]                        PROVIDE (__alt_heap_limit, 0xce200)
OUTPUT(Oscill_PO.elf elf32-littlenios2)

.debug_ranges   0x0000000000000000      0x2e0
 .debug_ranges  0x0000000000000000       0x20 ../Oscill_PO_bsp//obj/HAL/src/crt0.o
 .debug_ranges  0x0000000000000020       0x18 c:/altera/16.0/nios2eds/bin/gnu/h-x86_64-mingw32/bin/../lib/gcc/nios2-elf/5.2.0/../../../../../H-x86_64-mingw32/nios2-elf/lib\libsmallc.a(lib_a-printf.o)
 .debug_ranges  0x0000000000000038       0x18 c:/altera/16.0/nios2eds/bin/gnu/h-x86_64-mingw32/bin/../lib/gcc/nios2-elf/5.2.0/../../../../../H-x86_64-mingw32/nios2-elf/lib\libsmallc.a(lib_a-puts.o)
 .debug_ranges  0x0000000000000050       0x10 c:/altera/16.0/nios2eds/bin/gnu/h-x86_64-mingw32/bin/../lib/gcc/nios2-elf/5.2.0/../../../../../H-x86_64-mingw32/nios2-elf/lib\libsmallc.a(lib_a-strlen.o)
 .debug_ranges  0x0000000000000060       0xc8 c:/altera/16.0/nios2eds/bin/gnu/h-x86_64-mingw32/bin/../lib/gcc/nios2-elf/5.2.0/../../../../../H-x86_64-mingw32/nios2-elf/lib\libsmallc.a(lib_a-vfprintf.o)
 .debug_ranges  0x0000000000000128       0x28 c:/altera/16.0/nios2eds/bin/gnu/h-x86_64-mingw32/bin/../lib/gcc/nios2-elf/5.2.0/../../../../../H-x86_64-mingw32/nios2-elf/lib\libsmallc.a(lib_a-fvwrite_small_dev.o)
 .debug_ranges  0x0000000000000150       0x10 c:/altera/16.0/nios2eds/bin/gnu/h-x86_64-mingw32/bin/../lib/gcc/nios2-elf/5.2.0/../../../../../H-x86_64-mingw32/nios2-elf/lib\libsmallc.a(lib_a-writer.o)
 .debug_ranges  0x0000000000000160       0x60 c:/altera/16.0/nios2eds/bin/gnu/h-x86_64-mingw32/bin/../lib/gcc/nios2-elf/5.2.0\libgcc.a(lib2-divmod.o)
 .debug_ranges  0x00000000000001c0       0x30 ../Oscill_PO_bsp/\libhal_bsp.a(altera_avalon_jtag_uart_init.o)
 .debug_ranges  0x00000000000001f0       0x18 ../Oscill_PO_bsp/\libhal_bsp.a(altera_avalon_jtag_uart_read.o)
 .debug_ranges  0x0000000000000208       0x28 ../Oscill_PO_bsp/\libhal_bsp.a(alt_irq_entry.o)
 .debug_ranges  0x0000000000000230       0x10 ../Oscill_PO_bsp/\libhal_bsp.a(alt_irq_handler.o)
 .debug_ranges  0x0000000000000240       0x30 ../Oscill_PO_bsp/\libhal_bsp.a(alt_exception_entry.o)
 .debug_ranges  0x0000000000000270       0x18 ../Oscill_PO_bsp/\libhal_bsp.a(alt_instruction_exception_entry.o)
 .debug_ranges  0x0000000000000288       0x10 c:/altera/16.0/nios2eds/bin/gnu/h-x86_64-mingw32/bin/../lib/gcc/nios2-elf/5.2.0/../../../../../H-x86_64-mingw32/nios2-elf/lib\libsmallc.a(lib_a-exit.o)
 .debug_ranges  0x0000000000000298       0x10 c:/altera/16.0/nios2eds/bin/gnu/h-x86_64-mingw32/bin/../lib/gcc/nios2-elf/5.2.0/../../../../../H-x86_64-mingw32/nios2-elf/lib\libsmallc.a(lib_a-memcmp.o)
 .debug_ranges  0x00000000000002a8       0x10 c:/altera/16.0/nios2eds/bin/gnu/h-x86_64-mingw32/bin/../lib/gcc/nios2-elf/5.2.0/../../../../../H-x86_64-mingw32/nios2-elf/lib\libsmallc.a(lib_a-memcpy.o)
 .debug_ranges  0x00000000000002b8       0x28 c:/altera/16.0/nios2eds/bin/gnu/h-x86_64-mingw32/bin/../lib/gcc/nios2-elf/5.2.0/../../../../../H-x86_64-mingw32/nios2-elf/lib\libsmallc.a(lib_a-__call_atexit.o)
